[0.860s] Invoking command in '/home/dgx_allex_one/allex_ces_idle_interaction_gui/build/irim_control_panel_n_dashboard': DEBUGINFOD_URLS=https://debuginfod.ubuntu.com PYTHONPATH=/home/dgx_allex_one/allex_ces_idle_interaction_gui/build/irim_control_panel_n_dashboard/prefix_override:/usr/lib/python3/dist-packages/colcon_core/task/python/colcon_distutils_commands:/home/dgx_allex_one/allex_ces_idle_interaction_gui/install/irim_control_panel_n_dashboard/lib/python3.12/site-packages:${PYTHONPATH} /usr/bin/python3 -W ignore:setup.py install is deprecated -W ignore:easy_install command is deprecated setup.py develop --editable --build-directory /home/dgx_allex_one/allex_ces_idle_interaction_gui/build/irim_control_panel_n_dashboard/build --no-deps symlink_data
[1.016s] running develop
[1.095s] running egg_info
[1.096s] creating irim_control_panel_n_dashboard.egg-info
[1.103s] writing irim_control_panel_n_dashboard.egg-info/PKG-INFO
[1.103s] writing dependency_links to irim_control_panel_n_dashboard.egg-info/dependency_links.txt
[1.104s] writing entry points to irim_control_panel_n_dashboard.egg-info/entry_points.txt
[1.104s] writing requirements to irim_control_panel_n_dashboard.egg-info/requires.txt
[1.104s] writing top-level names to irim_control_panel_n_dashboard.egg-info/top_level.txt
[1.104s] writing manifest file 'irim_control_panel_n_dashboard.egg-info/SOURCES.txt'
[1.121s] reading manifest file 'irim_control_panel_n_dashboard.egg-info/SOURCES.txt'
[1.121s] writing manifest file 'irim_control_panel_n_dashboard.egg-info/SOURCES.txt'
[1.154s] running build_ext
[1.154s] Creating /home/dgx_allex_one/allex_ces_idle_interaction_gui/install/irim_control_panel_n_dashboard/lib/python3.12/site-packages/irim-control-panel-n-dashboard.egg-link (link to .)
[1.154s] Installing control_panel_main script to /home/dgx_allex_one/allex_ces_idle_interaction_gui/install/irim_control_panel_n_dashboard/lib/irim_control_panel_n_dashboard
[1.154s] Installing foot_sw script to /home/dgx_allex_one/allex_ces_idle_interaction_gui/install/irim_control_panel_n_dashboard/lib/irim_control_panel_n_dashboard
[1.154s] Installing joint_cmd_sliders script to /home/dgx_allex_one/allex_ces_idle_interaction_gui/install/irim_control_panel_n_dashboard/lib/irim_control_panel_n_dashboard
[1.154s] 
[1.155s] Installed /home/dgx_allex_one/allex_ces_idle_interaction_gui/build/irim_control_panel_n_dashboard
[1.155s] running symlink_data
[1.155s] creating /home/dgx_allex_one/allex_ces_idle_interaction_gui/install/irim_control_panel_n_dashboard/share/ament_index
[1.155s] creating /home/dgx_allex_one/allex_ces_idle_interaction_gui/install/irim_control_panel_n_dashboard/share/ament_index/resource_index
[1.155s] creating /home/dgx_allex_one/allex_ces_idle_interaction_gui/install/irim_control_panel_n_dashboard/share/ament_index/resource_index/packages
[1.155s] symbolically linking /home/dgx_allex_one/allex_ces_idle_interaction_gui/build/irim_control_panel_n_dashboard/resource/irim_control_panel_n_dashboard -> /home/dgx_allex_one/allex_ces_idle_interaction_gui/install/irim_control_panel_n_dashboard/share/ament_index/resource_index/packages
[1.155s] symbolically linking /home/dgx_allex_one/allex_ces_idle_interaction_gui/build/irim_control_panel_n_dashboard/package.xml -> /home/dgx_allex_one/allex_ces_idle_interaction_gui/install/irim_control_panel_n_dashboard/share/irim_control_panel_n_dashboard
[1.191s] Invoked command in '/home/dgx_allex_one/allex_ces_idle_interaction_gui/build/irim_control_panel_n_dashboard' returned '0': DEBUGINFOD_URLS=https://debuginfod.ubuntu.com PYTHONPATH=/home/dgx_allex_one/allex_ces_idle_interaction_gui/build/irim_control_panel_n_dashboard/prefix_override:/usr/lib/python3/dist-packages/colcon_core/task/python/colcon_distutils_commands:/home/dgx_allex_one/allex_ces_idle_interaction_gui/install/irim_control_panel_n_dashboard/lib/python3.12/site-packages:${PYTHONPATH} /usr/bin/python3 -W ignore:setup.py install is deprecated -W ignore:easy_install command is deprecated setup.py develop --editable --build-directory /home/dgx_allex_one/allex_ces_idle_interaction_gui/build/irim_control_panel_n_dashboard/build --no-deps symlink_data
