[0.755s] Invoking command in '/home/dgx_allex_one/allex_ces_idle_interaction_gui/build/allex_ces_idle_interaction': DEBUGINFOD_URLS=https://debuginfod.ubuntu.com PYTHONPATH=/home/dgx_allex_one/allex_ces_idle_interaction_gui/build/allex_ces_idle_interaction/prefix_override:/usr/lib/python3/dist-packages/colcon_core/task/python/colcon_distutils_commands:/home/dgx_allex_one/allex_ces_idle_interaction_gui/install/allex_ces_idle_interaction/lib/python3.12/site-packages:${PYTHONPATH} /usr/bin/python3 -W ignore:setup.py install is deprecated -W ignore:easy_install command is deprecated setup.py develop --editable --build-directory /home/dgx_allex_one/allex_ces_idle_interaction_gui/build/allex_ces_idle_interaction/build --no-deps symlink_data
[0.900s] running develop
[0.986s] running egg_info
[0.994s] writing allex_ces_idle_interaction.egg-info/PKG-INFO
[0.994s] writing dependency_links to allex_ces_idle_interaction.egg-info/dependency_links.txt
[0.994s] writing entry points to allex_ces_idle_interaction.egg-info/entry_points.txt
[0.994s] writing requirements to allex_ces_idle_interaction.egg-info/requires.txt
[0.994s] writing top-level names to allex_ces_idle_interaction.egg-info/top_level.txt
[1.011s] reading manifest file 'allex_ces_idle_interaction.egg-info/SOURCES.txt'
[1.011s] writing manifest file 'allex_ces_idle_interaction.egg-info/SOURCES.txt'
[1.045s] running build_ext
[1.045s] Creating /home/dgx_allex_one/allex_ces_idle_interaction_gui/install/allex_ces_idle_interaction/lib/python3.12/site-packages/allex-ces-idle-interaction.egg-link (link to .)
[1.045s] Installing allex_idle_interaction_node script to /home/dgx_allex_one/allex_ces_idle_interaction_gui/install/allex_ces_idle_interaction/lib/allex_ces_idle_interaction
[1.045s] Installing bash_controller_node script to /home/dgx_allex_one/allex_ces_idle_interaction_gui/install/allex_ces_idle_interaction/lib/allex_ces_idle_interaction
[1.045s] Installing camera_depth_checker_node script to /home/dgx_allex_one/allex_ces_idle_interaction_gui/install/allex_ces_idle_interaction/lib/allex_ces_idle_interaction
[1.046s] Installing camera_test script to /home/dgx_allex_one/allex_ces_idle_interaction_gui/install/allex_ces_idle_interaction/lib/allex_ces_idle_interaction
[1.046s] Installing gaze_controller_neck_waist_node script to /home/dgx_allex_one/allex_ces_idle_interaction_gui/install/allex_ces_idle_interaction/lib/allex_ces_idle_interaction
[1.046s] Installing gui_node script to /home/dgx_allex_one/allex_ces_idle_interaction_gui/install/allex_ces_idle_interaction/lib/allex_ces_idle_interaction
[1.046s] Installing idle_interaction_gui_node script to /home/dgx_allex_one/allex_ces_idle_interaction_gui/install/allex_ces_idle_interaction/lib/allex_ces_idle_interaction
[1.046s] Installing joystick_control_node script to /home/dgx_allex_one/allex_ces_idle_interaction_gui/install/allex_ces_idle_interaction/lib/allex_ces_idle_interaction
[1.046s] Installing tracking_fsm_node script to /home/dgx_allex_one/allex_ces_idle_interaction_gui/install/allex_ces_idle_interaction/lib/allex_ces_idle_interaction
[1.046s] Installing yolo_detection_node script to /home/dgx_allex_one/allex_ces_idle_interaction_gui/install/allex_ces_idle_interaction/lib/allex_ces_idle_interaction
[1.046s] 
[1.046s] Installed /home/dgx_allex_one/allex_ces_idle_interaction_gui/build/allex_ces_idle_interaction
[1.046s] running symlink_data
[1.072s] Invoked command in '/home/dgx_allex_one/allex_ces_idle_interaction_gui/build/allex_ces_idle_interaction' returned '0': DEBUGINFOD_URLS=https://debuginfod.ubuntu.com PYTHONPATH=/home/dgx_allex_one/allex_ces_idle_interaction_gui/build/allex_ces_idle_interaction/prefix_override:/usr/lib/python3/dist-packages/colcon_core/task/python/colcon_distutils_commands:/home/dgx_allex_one/allex_ces_idle_interaction_gui/install/allex_ces_idle_interaction/lib/python3.12/site-packages:${PYTHONPATH} /usr/bin/python3 -W ignore:setup.py install is deprecated -W ignore:easy_install command is deprecated setup.py develop --editable --build-directory /home/dgx_allex_one/allex_ces_idle_interaction_gui/build/allex_ces_idle_interaction/build --no-deps symlink_data
