[0.066s] DEBUG:colcon:Command line arguments: ['/usr/bin/colcon', 'build', '--symlink-install']
[0.066s] DEBUG:colcon:Parsed command line arguments: Namespace(log_base=None, log_level=None, verb_name='build', build_base='build', install_base='install', merge_install=False, symlink_install=True, test_result_base=None, continue_on_error=False, executor='parallel', parallel_workers=20, event_handlers=None, ignore_user_meta=False, metas=['./colcon.meta'], base_paths=['.'], packages_ignore=None, packages_ignore_regex=None, paths=None, packages_up_to=None, packages_up_to_regex=None, packages_above=None, packages_above_and_dependencies=None, packages_above_depth=None, packages_select_by_dep=None, packages_skip_by_dep=None, packages_skip_up_to=None, packages_select_build_failed=False, packages_skip_build_finished=False, packages_select_test_failures=False, packages_skip_test_passed=False, packages_select=None, packages_skip=None, packages_select_regex=None, packages_skip_regex=None, packages_start=None, packages_end=None, allow_overriding=[], cmake_args=None, cmake_target=None, cmake_target_skip_unavailable=False, cmake_clean_cache=False, cmake_clean_first=False, cmake_force_configure=False, ament_cmake_args=None, catkin_cmake_args=None, catkin_skip_building_tests=False, mixin_files=None, mixin=None, verb_parser=<colcon_mixin.mixin.mixin_argument.MixinArgumentDecorator object at 0x7b324a845450>, verb_extension=<colcon_core.verb.build.BuildVerb object at 0x7b324a844ee0>, main=<bound method BuildVerb.main of <colcon_core.verb.build.BuildVerb object at 0x7b324a844ee0>>, mixin_verb=('build',))
[0.163s] Level 1:colcon.colcon_core.package_discovery:discover_packages(colcon_meta) check parameters
[0.163s] Level 1:colcon.colcon_core.package_discovery:discover_packages(recursive) check parameters
[0.163s] Level 1:colcon.colcon_core.package_discovery:discover_packages(ignore) check parameters
[0.163s] Level 1:colcon.colcon_core.package_discovery:discover_packages(path) check parameters
[0.163s] Level 1:colcon.colcon_core.package_discovery:discover_packages(colcon_meta) discover
[0.163s] Level 1:colcon.colcon_core.package_discovery:discover_packages(recursive) discover
[0.163s] INFO:colcon.colcon_core.package_discovery:Crawling recursively for packages in '/home/yeah2/allex_ces_idle_interaction_gui'
[0.164s] Level 1:colcon.colcon_core.package_identification:_identify(.) by extensions ['ignore', 'ignore_ament_install']
[0.164s] Level 1:colcon.colcon_core.package_identification:_identify(.) by extension 'ignore'
[0.164s] Level 1:colcon.colcon_core.package_identification:_identify(.) by extension 'ignore_ament_install'
[0.164s] Level 1:colcon.colcon_core.package_identification:_identify(.) by extensions ['colcon_pkg']
[0.164s] Level 1:colcon.colcon_core.package_identification:_identify(.) by extension 'colcon_pkg'
[0.164s] Level 1:colcon.colcon_core.package_identification:_identify(.) by extensions ['colcon_meta']
[0.164s] Level 1:colcon.colcon_core.package_identification:_identify(.) by extension 'colcon_meta'
[0.164s] Level 1:colcon.colcon_core.package_identification:_identify(.) by extensions ['ros']
[0.164s] Level 1:colcon.colcon_core.package_identification:_identify(.) by extension 'ros'
[0.184s] Level 1:colcon.colcon_core.package_identification:_identify(.) by extensions ['cmake', 'python']
[0.184s] Level 1:colcon.colcon_core.package_identification:_identify(.) by extension 'cmake'
[0.184s] Level 1:colcon.colcon_core.package_identification:_identify(.) by extension 'python'
[0.184s] Level 1:colcon.colcon_core.package_identification:_identify(.) by extensions ['python_setup_py']
[0.184s] Level 1:colcon.colcon_core.package_identification:_identify(.) by extension 'python_setup_py'
[0.184s] Level 1:colcon.colcon_core.package_identification:_identify(build) by extensions ['ignore', 'ignore_ament_install']
[0.184s] Level 1:colcon.colcon_core.package_identification:_identify(build) by extension 'ignore'
[0.184s] Level 1:colcon.colcon_core.package_identification:_identify(build) ignored
[0.184s] Level 1:colcon.colcon_core.package_identification:_identify(config) by extensions ['ignore', 'ignore_ament_install']
[0.184s] Level 1:colcon.colcon_core.package_identification:_identify(config) by extension 'ignore'
[0.184s] Level 1:colcon.colcon_core.package_identification:_identify(config) by extension 'ignore_ament_install'
[0.184s] Level 1:colcon.colcon_core.package_identification:_identify(config) by extensions ['colcon_pkg']
[0.184s] Level 1:colcon.colcon_core.package_identification:_identify(config) by extension 'colcon_pkg'
[0.184s] Level 1:colcon.colcon_core.package_identification:_identify(config) by extensions ['colcon_meta']
[0.184s] Level 1:colcon.colcon_core.package_identification:_identify(config) by extension 'colcon_meta'
[0.184s] Level 1:colcon.colcon_core.package_identification:_identify(config) by extensions ['ros']
[0.184s] Level 1:colcon.colcon_core.package_identification:_identify(config) by extension 'ros'
[0.184s] Level 1:colcon.colcon_core.package_identification:_identify(config) by extensions ['cmake', 'python']
[0.184s] Level 1:colcon.colcon_core.package_identification:_identify(config) by extension 'cmake'
[0.184s] Level 1:colcon.colcon_core.package_identification:_identify(config) by extension 'python'
[0.184s] Level 1:colcon.colcon_core.package_identification:_identify(config) by extensions ['python_setup_py']
[0.184s] Level 1:colcon.colcon_core.package_identification:_identify(config) by extension 'python_setup_py'
[0.184s] Level 1:colcon.colcon_core.package_identification:_identify(install) by extensions ['ignore', 'ignore_ament_install']
[0.184s] Level 1:colcon.colcon_core.package_identification:_identify(install) by extension 'ignore'
[0.184s] Level 1:colcon.colcon_core.package_identification:_identify(install) ignored
[0.185s] Level 1:colcon.colcon_core.package_identification:_identify(log) by extensions ['ignore', 'ignore_ament_install']
[0.185s] Level 1:colcon.colcon_core.package_identification:_identify(log) by extension 'ignore'
[0.185s] Level 1:colcon.colcon_core.package_identification:_identify(log) ignored
[0.185s] Level 1:colcon.colcon_core.package_identification:_identify(src) by extensions ['ignore', 'ignore_ament_install']
[0.185s] Level 1:colcon.colcon_core.package_identification:_identify(src) by extension 'ignore'
[0.185s] Level 1:colcon.colcon_core.package_identification:_identify(src) by extension 'ignore_ament_install'
[0.185s] Level 1:colcon.colcon_core.package_identification:_identify(src) by extensions ['colcon_pkg']
[0.185s] Level 1:colcon.colcon_core.package_identification:_identify(src) by extension 'colcon_pkg'
[0.185s] Level 1:colcon.colcon_core.package_identification:_identify(src) by extensions ['colcon_meta']
[0.185s] Level 1:colcon.colcon_core.package_identification:_identify(src) by extension 'colcon_meta'
[0.185s] Level 1:colcon.colcon_core.package_identification:_identify(src) by extensions ['ros']
[0.185s] Level 1:colcon.colcon_core.package_identification:_identify(src) by extension 'ros'
[0.185s] Level 1:colcon.colcon_core.package_identification:_identify(src) by extensions ['cmake', 'python']
[0.185s] Level 1:colcon.colcon_core.package_identification:_identify(src) by extension 'cmake'
[0.185s] Level 1:colcon.colcon_core.package_identification:_identify(src) by extension 'python'
[0.185s] Level 1:colcon.colcon_core.package_identification:_identify(src) by extensions ['python_setup_py']
[0.185s] Level 1:colcon.colcon_core.package_identification:_identify(src) by extension 'python_setup_py'
[0.185s] Level 1:colcon.colcon_core.package_identification:_identify(src/OrbbecSDK_ROS2) by extensions ['ignore', 'ignore_ament_install']
[0.185s] Level 1:colcon.colcon_core.package_identification:_identify(src/OrbbecSDK_ROS2) by extension 'ignore'
[0.185s] Level 1:colcon.colcon_core.package_identification:_identify(src/OrbbecSDK_ROS2) by extension 'ignore_ament_install'
[0.185s] Level 1:colcon.colcon_core.package_identification:_identify(src/OrbbecSDK_ROS2) by extensions ['colcon_pkg']
[0.185s] Level 1:colcon.colcon_core.package_identification:_identify(src/OrbbecSDK_ROS2) by extension 'colcon_pkg'
[0.185s] Level 1:colcon.colcon_core.package_identification:_identify(src/OrbbecSDK_ROS2) by extensions ['colcon_meta']
[0.185s] Level 1:colcon.colcon_core.package_identification:_identify(src/OrbbecSDK_ROS2) by extension 'colcon_meta'
[0.185s] Level 1:colcon.colcon_core.package_identification:_identify(src/OrbbecSDK_ROS2) by extensions ['ros']
[0.185s] Level 1:colcon.colcon_core.package_identification:_identify(src/OrbbecSDK_ROS2) by extension 'ros'
[0.185s] Level 1:colcon.colcon_core.package_identification:_identify(src/OrbbecSDK_ROS2) by extensions ['cmake', 'python']
[0.185s] Level 1:colcon.colcon_core.package_identification:_identify(src/OrbbecSDK_ROS2) by extension 'cmake'
[0.185s] Level 1:colcon.colcon_core.package_identification:_identify(src/OrbbecSDK_ROS2) by extension 'python'
[0.185s] Level 1:colcon.colcon_core.package_identification:_identify(src/OrbbecSDK_ROS2) by extensions ['python_setup_py']
[0.185s] Level 1:colcon.colcon_core.package_identification:_identify(src/OrbbecSDK_ROS2) by extension 'python_setup_py'
[0.185s] Level 1:colcon.colcon_core.package_identification:_identify(src/OrbbecSDK_ROS2/orbbec_camera) by extensions ['ignore', 'ignore_ament_install']
[0.185s] Level 1:colcon.colcon_core.package_identification:_identify(src/OrbbecSDK_ROS2/orbbec_camera) by extension 'ignore'
[0.185s] Level 1:colcon.colcon_core.package_identification:_identify(src/OrbbecSDK_ROS2/orbbec_camera) by extension 'ignore_ament_install'
[0.185s] Level 1:colcon.colcon_core.package_identification:_identify(src/OrbbecSDK_ROS2/orbbec_camera) by extensions ['colcon_pkg']
[0.185s] Level 1:colcon.colcon_core.package_identification:_identify(src/OrbbecSDK_ROS2/orbbec_camera) by extension 'colcon_pkg'
[0.185s] Level 1:colcon.colcon_core.package_identification:_identify(src/OrbbecSDK_ROS2/orbbec_camera) by extensions ['colcon_meta']
[0.185s] Level 1:colcon.colcon_core.package_identification:_identify(src/OrbbecSDK_ROS2/orbbec_camera) by extension 'colcon_meta'
[0.185s] Level 1:colcon.colcon_core.package_identification:_identify(src/OrbbecSDK_ROS2/orbbec_camera) by extensions ['ros']
[0.186s] Level 1:colcon.colcon_core.package_identification:_identify(src/OrbbecSDK_ROS2/orbbec_camera) by extension 'ros'
[0.188s] DEBUG:colcon.colcon_core.package_identification:Package 'src/OrbbecSDK_ROS2/orbbec_camera' with type 'ros.ament_cmake' and name 'orbbec_camera'
[0.188s] Level 1:colcon.colcon_core.package_identification:_identify(src/OrbbecSDK_ROS2/orbbec_camera_msgs) by extensions ['ignore', 'ignore_ament_install']
[0.188s] Level 1:colcon.colcon_core.package_identification:_identify(src/OrbbecSDK_ROS2/orbbec_camera_msgs) by extension 'ignore'
[0.188s] Level 1:colcon.colcon_core.package_identification:_identify(src/OrbbecSDK_ROS2/orbbec_camera_msgs) by extension 'ignore_ament_install'
[0.188s] Level 1:colcon.colcon_core.package_identification:_identify(src/OrbbecSDK_ROS2/orbbec_camera_msgs) by extensions ['colcon_pkg']
[0.188s] Level 1:colcon.colcon_core.package_identification:_identify(src/OrbbecSDK_ROS2/orbbec_camera_msgs) by extension 'colcon_pkg'
[0.189s] Level 1:colcon.colcon_core.package_identification:_identify(src/OrbbecSDK_ROS2/orbbec_camera_msgs) by extensions ['colcon_meta']
[0.189s] Level 1:colcon.colcon_core.package_identification:_identify(src/OrbbecSDK_ROS2/orbbec_camera_msgs) by extension 'colcon_meta'
[0.189s] Level 1:colcon.colcon_core.package_identification:_identify(src/OrbbecSDK_ROS2/orbbec_camera_msgs) by extensions ['ros']
[0.189s] Level 1:colcon.colcon_core.package_identification:_identify(src/OrbbecSDK_ROS2/orbbec_camera_msgs) by extension 'ros'
[0.189s] DEBUG:colcon.colcon_core.package_identification:Package 'src/OrbbecSDK_ROS2/orbbec_camera_msgs' with type 'ros.ament_cmake' and name 'orbbec_camera_msgs'
[0.189s] Level 1:colcon.colcon_core.package_identification:_identify(src/OrbbecSDK_ROS2/orbbec_description) by extensions ['ignore', 'ignore_ament_install']
[0.189s] Level 1:colcon.colcon_core.package_identification:_identify(src/OrbbecSDK_ROS2/orbbec_description) by extension 'ignore'
[0.189s] Level 1:colcon.colcon_core.package_identification:_identify(src/OrbbecSDK_ROS2/orbbec_description) by extension 'ignore_ament_install'
[0.189s] Level 1:colcon.colcon_core.package_identification:_identify(src/OrbbecSDK_ROS2/orbbec_description) by extensions ['colcon_pkg']
[0.189s] Level 1:colcon.colcon_core.package_identification:_identify(src/OrbbecSDK_ROS2/orbbec_description) by extension 'colcon_pkg'
[0.189s] Level 1:colcon.colcon_core.package_identification:_identify(src/OrbbecSDK_ROS2/orbbec_description) by extensions ['colcon_meta']
[0.189s] Level 1:colcon.colcon_core.package_identification:_identify(src/OrbbecSDK_ROS2/orbbec_description) by extension 'colcon_meta'
[0.189s] Level 1:colcon.colcon_core.package_identification:_identify(src/OrbbecSDK_ROS2/orbbec_description) by extensions ['ros']
[0.189s] Level 1:colcon.colcon_core.package_identification:_identify(src/OrbbecSDK_ROS2/orbbec_description) by extension 'ros'
[0.189s] DEBUG:colcon.colcon_core.package_identification:Package 'src/OrbbecSDK_ROS2/orbbec_description' with type 'ros.ament_cmake' and name 'orbbec_description'
[0.190s] Level 1:colcon.colcon_core.package_identification:_identify(src/allex_ces_idle_interaction) by extensions ['ignore', 'ignore_ament_install']
[0.190s] Level 1:colcon.colcon_core.package_identification:_identify(src/allex_ces_idle_interaction) by extension 'ignore'
[0.190s] Level 1:colcon.colcon_core.package_identification:_identify(src/allex_ces_idle_interaction) by extension 'ignore_ament_install'
[0.190s] Level 1:colcon.colcon_core.package_identification:_identify(src/allex_ces_idle_interaction) by extensions ['colcon_pkg']
[0.190s] Level 1:colcon.colcon_core.package_identification:_identify(src/allex_ces_idle_interaction) by extension 'colcon_pkg'
[0.190s] Level 1:colcon.colcon_core.package_identification:_identify(src/allex_ces_idle_interaction) by extensions ['colcon_meta']
[0.190s] Level 1:colcon.colcon_core.package_identification:_identify(src/allex_ces_idle_interaction) by extension 'colcon_meta'
[0.190s] Level 1:colcon.colcon_core.package_identification:_identify(src/allex_ces_idle_interaction) by extensions ['ros']
[0.190s] Level 1:colcon.colcon_core.package_identification:_identify(src/allex_ces_idle_interaction) by extension 'ros'
[0.190s] DEBUG:colcon.colcon_core.package_identification:Package 'src/allex_ces_idle_interaction' with type 'ros.ament_python' and name 'allex_ces_idle_interaction'
[0.190s] Level 1:colcon.colcon_core.package_identification:_identify(src/allex_testbed) by extensions ['ignore', 'ignore_ament_install']
[0.190s] Level 1:colcon.colcon_core.package_identification:_identify(src/allex_testbed) by extension 'ignore'
[0.190s] Level 1:colcon.colcon_core.package_identification:_identify(src/allex_testbed) by extension 'ignore_ament_install'
[0.190s] Level 1:colcon.colcon_core.package_identification:_identify(src/allex_testbed) by extensions ['colcon_pkg']
[0.190s] Level 1:colcon.colcon_core.package_identification:_identify(src/allex_testbed) by extension 'colcon_pkg'
[0.190s] Level 1:colcon.colcon_core.package_identification:_identify(src/allex_testbed) by extensions ['colcon_meta']
[0.190s] Level 1:colcon.colcon_core.package_identification:_identify(src/allex_testbed) by extension 'colcon_meta'
[0.190s] Level 1:colcon.colcon_core.package_identification:_identify(src/allex_testbed) by extensions ['ros']
[0.190s] Level 1:colcon.colcon_core.package_identification:_identify(src/allex_testbed) by extension 'ros'
[0.191s] DEBUG:colcon.colcon_core.package_identification:Package 'src/allex_testbed' with type 'ros.ament_python' and name 'allex_testbed'
[0.191s] Level 1:colcon.colcon_core.package_discovery:discover_packages(recursive) using defaults
[0.191s] Level 1:colcon.colcon_core.package_discovery:discover_packages(ignore) discover
[0.191s] Level 1:colcon.colcon_core.package_discovery:discover_packages(ignore) using defaults
[0.191s] Level 1:colcon.colcon_core.package_discovery:discover_packages(path) discover
[0.191s] Level 1:colcon.colcon_core.package_discovery:discover_packages(path) using defaults
[0.204s] Level 1:colcon.colcon_core.package_discovery:discover_packages(prefix_path) check parameters
[0.205s] Level 1:colcon.colcon_core.package_discovery:discover_packages(prefix_path) discover
[0.206s] DEBUG:colcon.colcon_installed_package_information.package_discovery:Found 5 installed packages in /home/yeah2/allex_ces_idle_interaction_gui/install
[0.206s] DEBUG:colcon.colcon_installed_package_information.package_discovery:Found 4 installed packages in /home/yeah2/ros2_ws/install
[0.207s] DEBUG:colcon.colcon_installed_package_information.package_discovery:Found 303 installed packages in /opt/ros/humble
[0.207s] Level 1:colcon.colcon_core.package_discovery:discover_packages(prefix_path) using defaults
[0.227s] Level 5:colcon.colcon_core.verb:set package 'allex_ces_idle_interaction' build argument 'cmake_args' from command line to 'None'
[0.227s] Level 5:colcon.colcon_core.verb:set package 'allex_ces_idle_interaction' build argument 'cmake_target' from command line to 'None'
[0.227s] Level 5:colcon.colcon_core.verb:set package 'allex_ces_idle_interaction' build argument 'cmake_target_skip_unavailable' from command line to 'False'
[0.227s] Level 5:colcon.colcon_core.verb:set package 'allex_ces_idle_interaction' build argument 'cmake_clean_cache' from command line to 'False'
[0.227s] Level 5:colcon.colcon_core.verb:set package 'allex_ces_idle_interaction' build argument 'cmake_clean_first' from command line to 'False'
[0.227s] Level 5:colcon.colcon_core.verb:set package 'allex_ces_idle_interaction' build argument 'cmake_force_configure' from command line to 'False'
[0.227s] Level 5:colcon.colcon_core.verb:set package 'allex_ces_idle_interaction' build argument 'ament_cmake_args' from command line to 'None'
[0.227s] Level 5:colcon.colcon_core.verb:set package 'allex_ces_idle_interaction' build argument 'catkin_cmake_args' from command line to 'None'
[0.227s] Level 5:colcon.colcon_core.verb:set package 'allex_ces_idle_interaction' build argument 'catkin_skip_building_tests' from command line to 'False'
[0.227s] DEBUG:colcon.colcon_core.verb:Building package 'allex_ces_idle_interaction' with the following arguments: {'ament_cmake_args': None, 'build_base': '/home/yeah2/allex_ces_idle_interaction_gui/build/allex_ces_idle_interaction', 'catkin_cmake_args': None, 'catkin_skip_building_tests': False, 'cmake_args': None, 'cmake_clean_cache': False, 'cmake_clean_first': False, 'cmake_force_configure': False, 'cmake_target': None, 'cmake_target_skip_unavailable': False, 'install_base': '/home/yeah2/allex_ces_idle_interaction_gui/install/allex_ces_idle_interaction', 'merge_install': False, 'path': '/home/yeah2/allex_ces_idle_interaction_gui/src/allex_ces_idle_interaction', 'symlink_install': True, 'test_result_base': None}
[0.228s] Level 5:colcon.colcon_core.verb:set package 'allex_testbed' build argument 'cmake_args' from command line to 'None'
[0.228s] Level 5:colcon.colcon_core.verb:set package 'allex_testbed' build argument 'cmake_target' from command line to 'None'
[0.228s] Level 5:colcon.colcon_core.verb:set package 'allex_testbed' build argument 'cmake_target_skip_unavailable' from command line to 'False'
[0.228s] Level 5:colcon.colcon_core.verb:set package 'allex_testbed' build argument 'cmake_clean_cache' from command line to 'False'
[0.228s] Level 5:colcon.colcon_core.verb:set package 'allex_testbed' build argument 'cmake_clean_first' from command line to 'False'
[0.228s] Level 5:colcon.colcon_core.verb:set package 'allex_testbed' build argument 'cmake_force_configure' from command line to 'False'
[0.228s] Level 5:colcon.colcon_core.verb:set package 'allex_testbed' build argument 'ament_cmake_args' from command line to 'None'
[0.228s] Level 5:colcon.colcon_core.verb:set package 'allex_testbed' build argument 'catkin_cmake_args' from command line to 'None'
[0.228s] Level 5:colcon.colcon_core.verb:set package 'allex_testbed' build argument 'catkin_skip_building_tests' from command line to 'False'
[0.228s] DEBUG:colcon.colcon_core.verb:Building package 'allex_testbed' with the following arguments: {'ament_cmake_args': None, 'build_base': '/home/yeah2/allex_ces_idle_interaction_gui/build/allex_testbed', 'catkin_cmake_args': None, 'catkin_skip_building_tests': False, 'cmake_args': None, 'cmake_clean_cache': False, 'cmake_clean_first': False, 'cmake_force_configure': False, 'cmake_target': None, 'cmake_target_skip_unavailable': False, 'install_base': '/home/yeah2/allex_ces_idle_interaction_gui/install/allex_testbed', 'merge_install': False, 'path': '/home/yeah2/allex_ces_idle_interaction_gui/src/allex_testbed', 'symlink_install': True, 'test_result_base': None}
[0.228s] Level 5:colcon.colcon_core.verb:set package 'orbbec_camera_msgs' build argument 'cmake_args' from command line to 'None'
[0.228s] Level 5:colcon.colcon_core.verb:set package 'orbbec_camera_msgs' build argument 'cmake_target' from command line to 'None'
[0.228s] Level 5:colcon.colcon_core.verb:set package 'orbbec_camera_msgs' build argument 'cmake_target_skip_unavailable' from command line to 'False'
[0.228s] Level 5:colcon.colcon_core.verb:set package 'orbbec_camera_msgs' build argument 'cmake_clean_cache' from command line to 'False'
[0.228s] Level 5:colcon.colcon_core.verb:set package 'orbbec_camera_msgs' build argument 'cmake_clean_first' from command line to 'False'
[0.228s] Level 5:colcon.colcon_core.verb:set package 'orbbec_camera_msgs' build argument 'cmake_force_configure' from command line to 'False'
[0.228s] Level 5:colcon.colcon_core.verb:set package 'orbbec_camera_msgs' build argument 'ament_cmake_args' from command line to 'None'
[0.228s] Level 5:colcon.colcon_core.verb:set package 'orbbec_camera_msgs' build argument 'catkin_cmake_args' from command line to 'None'
[0.228s] Level 5:colcon.colcon_core.verb:set package 'orbbec_camera_msgs' build argument 'catkin_skip_building_tests' from command line to 'False'
[0.228s] DEBUG:colcon.colcon_core.verb:Building package 'orbbec_camera_msgs' with the following arguments: {'ament_cmake_args': None, 'build_base': '/home/yeah2/allex_ces_idle_interaction_gui/build/orbbec_camera_msgs', 'catkin_cmake_args': None, 'catkin_skip_building_tests': False, 'cmake_args': None, 'cmake_clean_cache': False, 'cmake_clean_first': False, 'cmake_force_configure': False, 'cmake_target': None, 'cmake_target_skip_unavailable': False, 'install_base': '/home/yeah2/allex_ces_idle_interaction_gui/install/orbbec_camera_msgs', 'merge_install': False, 'path': '/home/yeah2/allex_ces_idle_interaction_gui/src/OrbbecSDK_ROS2/orbbec_camera_msgs', 'symlink_install': True, 'test_result_base': None}
[0.228s] Level 5:colcon.colcon_core.verb:set package 'orbbec_description' build argument 'cmake_args' from command line to 'None'
[0.228s] Level 5:colcon.colcon_core.verb:set package 'orbbec_description' build argument 'cmake_target' from command line to 'None'
[0.228s] Level 5:colcon.colcon_core.verb:set package 'orbbec_description' build argument 'cmake_target_skip_unavailable' from command line to 'False'
[0.228s] Level 5:colcon.colcon_core.verb:set package 'orbbec_description' build argument 'cmake_clean_cache' from command line to 'False'
[0.228s] Level 5:colcon.colcon_core.verb:set package 'orbbec_description' build argument 'cmake_clean_first' from command line to 'False'
[0.228s] Level 5:colcon.colcon_core.verb:set package 'orbbec_description' build argument 'cmake_force_configure' from command line to 'False'
[0.228s] Level 5:colcon.colcon_core.verb:set package 'orbbec_description' build argument 'ament_cmake_args' from command line to 'None'
[0.228s] Level 5:colcon.colcon_core.verb:set package 'orbbec_description' build argument 'catkin_cmake_args' from command line to 'None'
[0.228s] Level 5:colcon.colcon_core.verb:set package 'orbbec_description' build argument 'catkin_skip_building_tests' from command line to 'False'
[0.228s] DEBUG:colcon.colcon_core.verb:Building package 'orbbec_description' with the following arguments: {'ament_cmake_args': None, 'build_base': '/home/yeah2/allex_ces_idle_interaction_gui/build/orbbec_description', 'catkin_cmake_args': None, 'catkin_skip_building_tests': False, 'cmake_args': None, 'cmake_clean_cache': False, 'cmake_clean_first': False, 'cmake_force_configure': False, 'cmake_target': None, 'cmake_target_skip_unavailable': False, 'install_base': '/home/yeah2/allex_ces_idle_interaction_gui/install/orbbec_description', 'merge_install': False, 'path': '/home/yeah2/allex_ces_idle_interaction_gui/src/OrbbecSDK_ROS2/orbbec_description', 'symlink_install': True, 'test_result_base': None}
[0.229s] Level 5:colcon.colcon_core.verb:set package 'orbbec_camera' build argument 'cmake_args' from command line to 'None'
[0.229s] Level 5:colcon.colcon_core.verb:set package 'orbbec_camera' build argument 'cmake_target' from command line to 'None'
[0.229s] Level 5:colcon.colcon_core.verb:set package 'orbbec_camera' build argument 'cmake_target_skip_unavailable' from command line to 'False'
[0.229s] Level 5:colcon.colcon_core.verb:set package 'orbbec_camera' build argument 'cmake_clean_cache' from command line to 'False'
[0.229s] Level 5:colcon.colcon_core.verb:set package 'orbbec_camera' build argument 'cmake_clean_first' from command line to 'False'
[0.229s] Level 5:colcon.colcon_core.verb:set package 'orbbec_camera' build argument 'cmake_force_configure' from command line to 'False'
[0.229s] Level 5:colcon.colcon_core.verb:set package 'orbbec_camera' build argument 'ament_cmake_args' from command line to 'None'
[0.229s] Level 5:colcon.colcon_core.verb:set package 'orbbec_camera' build argument 'catkin_cmake_args' from command line to 'None'
[0.229s] Level 5:colcon.colcon_core.verb:set package 'orbbec_camera' build argument 'catkin_skip_building_tests' from command line to 'False'
[0.229s] DEBUG:colcon.colcon_core.verb:Building package 'orbbec_camera' with the following arguments: {'ament_cmake_args': None, 'build_base': '/home/yeah2/allex_ces_idle_interaction_gui/build/orbbec_camera', 'catkin_cmake_args': None, 'catkin_skip_building_tests': False, 'cmake_args': None, 'cmake_clean_cache': False, 'cmake_clean_first': False, 'cmake_force_configure': False, 'cmake_target': None, 'cmake_target_skip_unavailable': False, 'install_base': '/home/yeah2/allex_ces_idle_interaction_gui/install/orbbec_camera', 'merge_install': False, 'path': '/home/yeah2/allex_ces_idle_interaction_gui/src/OrbbecSDK_ROS2/orbbec_camera', 'symlink_install': True, 'test_result_base': None}
[0.229s] INFO:colcon.colcon_core.executor:Executing jobs using 'parallel' executor
[0.229s] DEBUG:colcon.colcon_parallel_executor.executor.parallel:run_until_complete
[0.229s] INFO:colcon.colcon_ros.task.ament_cmake.build:Building ROS package in '/home/yeah2/allex_ces_idle_interaction_gui/src/OrbbecSDK_ROS2/orbbec_camera_msgs' with build type 'ament_cmake'
[0.230s] INFO:colcon.colcon_cmake.task.cmake.build:Building CMake package in '/home/yeah2/allex_ces_idle_interaction_gui/src/OrbbecSDK_ROS2/orbbec_camera_msgs'
[0.231s] INFO:colcon.colcon_core.plugin_system:Skipping extension 'colcon_core.shell.bat': Not used on non-Windows systems
[0.231s] INFO:colcon.colcon_core.shell:Skip shell extension 'powershell' for command environment: Not usable outside of PowerShell
[0.231s] DEBUG:colcon.colcon_core.shell:Skip shell extension 'dsv' for command environment
[0.233s] INFO:colcon.colcon_ros.task.ament_python.build:Building ROS package in '/home/yeah2/allex_ces_idle_interaction_gui/src/allex_ces_idle_interaction' with build type 'ament_python'
[0.233s] Level 1:colcon.colcon_core.shell:create_environment_hook('allex_ces_idle_interaction', 'ament_prefix_path')
[0.233s] INFO:colcon.colcon_core.shell:Creating environment hook '/home/yeah2/allex_ces_idle_interaction_gui/install/allex_ces_idle_interaction/share/allex_ces_idle_interaction/hook/ament_prefix_path.ps1'
[0.234s] INFO:colcon.colcon_core.shell:Creating environment descriptor '/home/yeah2/allex_ces_idle_interaction_gui/install/allex_ces_idle_interaction/share/allex_ces_idle_interaction/hook/ament_prefix_path.dsv'
[0.234s] INFO:colcon.colcon_core.shell:Creating environment hook '/home/yeah2/allex_ces_idle_interaction_gui/install/allex_ces_idle_interaction/share/allex_ces_idle_interaction/hook/ament_prefix_path.sh'
[0.234s] INFO:colcon.colcon_core.shell:Skip shell extension 'powershell' for command environment: Not usable outside of PowerShell
[0.234s] DEBUG:colcon.colcon_core.shell:Skip shell extension 'dsv' for command environment
[0.236s] INFO:colcon.colcon_ros.task.ament_python.build:Building ROS package in '/home/yeah2/allex_ces_idle_interaction_gui/src/allex_testbed' with build type 'ament_python'
[0.236s] Level 1:colcon.colcon_core.shell:create_environment_hook('allex_testbed', 'ament_prefix_path')
[0.236s] INFO:colcon.colcon_core.shell:Creating environment hook '/home/yeah2/allex_ces_idle_interaction_gui/install/allex_testbed/share/allex_testbed/hook/ament_prefix_path.ps1'
[0.237s] INFO:colcon.colcon_core.shell:Creating environment descriptor '/home/yeah2/allex_ces_idle_interaction_gui/install/allex_testbed/share/allex_testbed/hook/ament_prefix_path.dsv'
[0.237s] INFO:colcon.colcon_core.shell:Creating environment hook '/home/yeah2/allex_ces_idle_interaction_gui/install/allex_testbed/share/allex_testbed/hook/ament_prefix_path.sh'
[0.237s] INFO:colcon.colcon_core.shell:Skip shell extension 'powershell' for command environment: Not usable outside of PowerShell
[0.237s] DEBUG:colcon.colcon_core.shell:Skip shell extension 'dsv' for command environment
[0.239s] INFO:colcon.colcon_ros.task.ament_cmake.build:Building ROS package in '/home/yeah2/allex_ces_idle_interaction_gui/src/OrbbecSDK_ROS2/orbbec_description' with build type 'ament_cmake'
[0.239s] INFO:colcon.colcon_cmake.task.cmake.build:Building CMake package in '/home/yeah2/allex_ces_idle_interaction_gui/src/OrbbecSDK_ROS2/orbbec_description'
[0.239s] INFO:colcon.colcon_core.shell:Skip shell extension 'powershell' for command environment: Not usable outside of PowerShell
[0.239s] DEBUG:colcon.colcon_core.shell:Skip shell extension 'dsv' for command environment
[0.245s] DEBUG:colcon.colcon_core.event_handler.log_command:Invoking command in '/home/yeah2/allex_ces_idle_interaction_gui/build/orbbec_camera_msgs': CMAKE_PREFIX_PATH=${CMAKE_PREFIX_PATH}:/home/yeah2/allex_ces_idle_interaction_gui/install/allex_testbed:/home/yeah2/allex_ces_idle_interaction_gui/install/allex_ces_idle_interaction:/home/yeah2/ros2_ws/install/trajectory_recorder:/home/yeah2/ros2_ws/install/joy_traj_param:/home/yeah2/ros2_ws/install/irim_control_panel_n_dashboard:/home/yeah2/ros2_ws/install/iri_zmq_ros2_bridge:/opt/ros/humble CONDA_PROMPT_MODIFIER=(base) /usr/bin/cmake --build /home/yeah2/allex_ces_idle_interaction_gui/build/orbbec_camera_msgs -- -j20 -l20
[0.414s] INFO:colcon.colcon_core.task.python.build:Building Python package in '/home/yeah2/allex_ces_idle_interaction_gui/src/allex_ces_idle_interaction'
[0.414s] INFO:colcon.colcon_core.shell:Skip shell extension 'powershell' for command environment: Not usable outside of PowerShell
[0.414s] DEBUG:colcon.colcon_core.shell:Skip shell extension 'dsv' for command environment
[0.574s] INFO:colcon.colcon_core.task.python.build:Building Python package in '/home/yeah2/allex_ces_idle_interaction_gui/src/allex_testbed'
[0.575s] INFO:colcon.colcon_core.shell:Skip shell extension 'powershell' for command environment: Not usable outside of PowerShell
[0.575s] DEBUG:colcon.colcon_core.shell:Skip shell extension 'dsv' for command environment
[0.580s] DEBUG:colcon.colcon_core.event_handler.log_command:Invoking command in '/home/yeah2/allex_ces_idle_interaction_gui/build/orbbec_description': CMAKE_PREFIX_PATH=${CMAKE_PREFIX_PATH}:/home/yeah2/allex_ces_idle_interaction_gui/install/allex_testbed:/home/yeah2/allex_ces_idle_interaction_gui/install/allex_ces_idle_interaction:/home/yeah2/ros2_ws/install/trajectory_recorder:/home/yeah2/ros2_ws/install/joy_traj_param:/home/yeah2/ros2_ws/install/irim_control_panel_n_dashboard:/home/yeah2/ros2_ws/install/iri_zmq_ros2_bridge:/opt/ros/humble CONDA_PROMPT_MODIFIER=(base) /usr/bin/cmake --build /home/yeah2/allex_ces_idle_interaction_gui/build/orbbec_description -- -j20 -l20
[0.581s] DEBUG:colcon.colcon_core.event_handler.log_command:Invoked command in '/home/yeah2/allex_ces_idle_interaction_gui/build/orbbec_camera_msgs' returned '0': CMAKE_PREFIX_PATH=${CMAKE_PREFIX_PATH}:/home/yeah2/allex_ces_idle_interaction_gui/install/allex_testbed:/home/yeah2/allex_ces_idle_interaction_gui/install/allex_ces_idle_interaction:/home/yeah2/ros2_ws/install/trajectory_recorder:/home/yeah2/ros2_ws/install/joy_traj_param:/home/yeah2/ros2_ws/install/irim_control_panel_n_dashboard:/home/yeah2/ros2_ws/install/iri_zmq_ros2_bridge:/opt/ros/humble CONDA_PROMPT_MODIFIER=(base) /usr/bin/cmake --build /home/yeah2/allex_ces_idle_interaction_gui/build/orbbec_camera_msgs -- -j20 -l20
[0.587s] DEBUG:colcon.colcon_core.event_handler.log_command:Invoking command in '/home/yeah2/allex_ces_idle_interaction_gui/build/orbbec_camera_msgs': CMAKE_PREFIX_PATH=${CMAKE_PREFIX_PATH}:/home/yeah2/allex_ces_idle_interaction_gui/install/allex_testbed:/home/yeah2/allex_ces_idle_interaction_gui/install/allex_ces_idle_interaction:/home/yeah2/ros2_ws/install/trajectory_recorder:/home/yeah2/ros2_ws/install/joy_traj_param:/home/yeah2/ros2_ws/install/irim_control_panel_n_dashboard:/home/yeah2/ros2_ws/install/iri_zmq_ros2_bridge:/opt/ros/humble CONDA_PROMPT_MODIFIER=(base) /usr/bin/cmake --install /home/yeah2/allex_ces_idle_interaction_gui/build/orbbec_camera_msgs
[0.605s] DEBUG:colcon.colcon_core.event_handler.log_command:Invoked command in '/home/yeah2/allex_ces_idle_interaction_gui/build/orbbec_description' returned '0': CMAKE_PREFIX_PATH=${CMAKE_PREFIX_PATH}:/home/yeah2/allex_ces_idle_interaction_gui/install/allex_testbed:/home/yeah2/allex_ces_idle_interaction_gui/install/allex_ces_idle_interaction:/home/yeah2/ros2_ws/install/trajectory_recorder:/home/yeah2/ros2_ws/install/joy_traj_param:/home/yeah2/ros2_ws/install/irim_control_panel_n_dashboard:/home/yeah2/ros2_ws/install/iri_zmq_ros2_bridge:/opt/ros/humble CONDA_PROMPT_MODIFIER=(base) /usr/bin/cmake --build /home/yeah2/allex_ces_idle_interaction_gui/build/orbbec_description -- -j20 -l20
[0.608s] DEBUG:colcon.colcon_core.event_handler.log_command:Invoking command in '/home/yeah2/allex_ces_idle_interaction_gui/build/orbbec_description': CMAKE_PREFIX_PATH=${CMAKE_PREFIX_PATH}:/home/yeah2/allex_ces_idle_interaction_gui/install/allex_testbed:/home/yeah2/allex_ces_idle_interaction_gui/install/allex_ces_idle_interaction:/home/yeah2/ros2_ws/install/trajectory_recorder:/home/yeah2/ros2_ws/install/joy_traj_param:/home/yeah2/ros2_ws/install/irim_control_panel_n_dashboard:/home/yeah2/ros2_ws/install/iri_zmq_ros2_bridge:/opt/ros/humble CONDA_PROMPT_MODIFIER=(base) /usr/bin/cmake --install /home/yeah2/allex_ces_idle_interaction_gui/build/orbbec_description
[0.623s] Level 1:colcon.colcon_core.environment:create_environment_scripts_only(orbbec_description)
[0.623s] DEBUG:colcon.colcon_core.event_handler.log_command:Invoked command in '/home/yeah2/allex_ces_idle_interaction_gui/build/orbbec_description' returned '0': CMAKE_PREFIX_PATH=${CMAKE_PREFIX_PATH}:/home/yeah2/allex_ces_idle_interaction_gui/install/allex_testbed:/home/yeah2/allex_ces_idle_interaction_gui/install/allex_ces_idle_interaction:/home/yeah2/ros2_ws/install/trajectory_recorder:/home/yeah2/ros2_ws/install/joy_traj_param:/home/yeah2/ros2_ws/install/irim_control_panel_n_dashboard:/home/yeah2/ros2_ws/install/iri_zmq_ros2_bridge:/opt/ros/humble CONDA_PROMPT_MODIFIER=(base) /usr/bin/cmake --install /home/yeah2/allex_ces_idle_interaction_gui/build/orbbec_description
[0.624s] Level 1:colcon.colcon_core.environment:checking '/home/yeah2/allex_ces_idle_interaction_gui/install/orbbec_description' for CMake module files
[0.625s] Level 1:colcon.colcon_core.environment:checking '/home/yeah2/allex_ces_idle_interaction_gui/install/orbbec_description' for CMake config files
[0.625s] Level 1:colcon.colcon_core.shell:create_environment_hook('orbbec_description', 'cmake_prefix_path')
[0.625s] INFO:colcon.colcon_core.shell:Creating environment hook '/home/yeah2/allex_ces_idle_interaction_gui/install/orbbec_description/share/orbbec_description/hook/cmake_prefix_path.ps1'
[0.625s] INFO:colcon.colcon_core.shell:Creating environment descriptor '/home/yeah2/allex_ces_idle_interaction_gui/install/orbbec_description/share/orbbec_description/hook/cmake_prefix_path.dsv'
[0.625s] INFO:colcon.colcon_core.shell:Creating environment hook '/home/yeah2/allex_ces_idle_interaction_gui/install/orbbec_description/share/orbbec_description/hook/cmake_prefix_path.sh'
[0.626s] Level 1:colcon.colcon_core.environment:checking '/home/yeah2/allex_ces_idle_interaction_gui/install/orbbec_description/bin'
[0.626s] Level 1:colcon.colcon_core.environment:checking '/home/yeah2/allex_ces_idle_interaction_gui/install/orbbec_description/lib/pkgconfig/orbbec_description.pc'
[0.626s] Level 1:colcon.colcon_core.environment:checking '/home/yeah2/allex_ces_idle_interaction_gui/install/orbbec_description/lib/python3.10/site-packages'
[0.626s] Level 1:colcon.colcon_core.environment:checking '/home/yeah2/allex_ces_idle_interaction_gui/install/orbbec_description/bin'
[0.626s] INFO:colcon.colcon_core.shell:Creating package script '/home/yeah2/allex_ces_idle_interaction_gui/install/orbbec_description/share/orbbec_description/package.ps1'
[0.627s] INFO:colcon.colcon_core.shell:Creating package descriptor '/home/yeah2/allex_ces_idle_interaction_gui/install/orbbec_description/share/orbbec_description/package.dsv'
[0.627s] INFO:colcon.colcon_core.shell:Creating package script '/home/yeah2/allex_ces_idle_interaction_gui/install/orbbec_description/share/orbbec_description/package.sh'
[0.628s] INFO:colcon.colcon_core.shell:Creating package script '/home/yeah2/allex_ces_idle_interaction_gui/install/orbbec_description/share/orbbec_description/package.bash'
[0.628s] INFO:colcon.colcon_core.shell:Creating package script '/home/yeah2/allex_ces_idle_interaction_gui/install/orbbec_description/share/orbbec_description/package.zsh'
[0.628s] Level 1:colcon.colcon_core.environment:create_file_with_runtime_dependencies(/home/yeah2/allex_ces_idle_interaction_gui/install/orbbec_description/share/colcon-core/packages/orbbec_description)
[0.629s] Level 1:colcon.colcon_core.environment:create_environment_scripts_only(orbbec_description)
[0.629s] Level 1:colcon.colcon_core.environment:checking '/home/yeah2/allex_ces_idle_interaction_gui/install/orbbec_description' for CMake module files
[0.629s] Level 1:colcon.colcon_core.environment:checking '/home/yeah2/allex_ces_idle_interaction_gui/install/orbbec_description' for CMake config files
[0.629s] Level 1:colcon.colcon_core.shell:create_environment_hook('orbbec_description', 'cmake_prefix_path')
[0.629s] INFO:colcon.colcon_core.shell:Creating environment hook '/home/yeah2/allex_ces_idle_interaction_gui/install/orbbec_description/share/orbbec_description/hook/cmake_prefix_path.ps1'
[0.742s] INFO:colcon.colcon_core.shell:Creating environment descriptor '/home/yeah2/allex_ces_idle_interaction_gui/install/orbbec_description/share/orbbec_description/hook/cmake_prefix_path.dsv'
[0.742s] INFO:colcon.colcon_core.shell:Creating environment hook '/home/yeah2/allex_ces_idle_interaction_gui/install/orbbec_description/share/orbbec_description/hook/cmake_prefix_path.sh'
[0.742s] Level 1:colcon.colcon_core.environment:checking '/home/yeah2/allex_ces_idle_interaction_gui/install/orbbec_description/bin'
[0.742s] Level 1:colcon.colcon_core.environment:checking '/home/yeah2/allex_ces_idle_interaction_gui/install/orbbec_description/lib/pkgconfig/orbbec_description.pc'
[0.743s] Level 1:colcon.colcon_core.environment:checking '/home/yeah2/allex_ces_idle_interaction_gui/install/orbbec_description/lib/python3.10/site-packages'
[0.743s] Level 1:colcon.colcon_core.environment:checking '/home/yeah2/allex_ces_idle_interaction_gui/install/orbbec_description/bin'
[0.743s] INFO:colcon.colcon_core.shell:Creating package script '/home/yeah2/allex_ces_idle_interaction_gui/install/orbbec_description/share/orbbec_description/package.ps1'
[0.743s] INFO:colcon.colcon_core.shell:Creating package descriptor '/home/yeah2/allex_ces_idle_interaction_gui/install/orbbec_description/share/orbbec_description/package.dsv'
[0.743s] INFO:colcon.colcon_core.shell:Creating package script '/home/yeah2/allex_ces_idle_interaction_gui/install/orbbec_description/share/orbbec_description/package.sh'
[0.744s] INFO:colcon.colcon_core.shell:Creating package script '/home/yeah2/allex_ces_idle_interaction_gui/install/orbbec_description/share/orbbec_description/package.bash'
[0.744s] INFO:colcon.colcon_core.shell:Creating package script '/home/yeah2/allex_ces_idle_interaction_gui/install/orbbec_description/share/orbbec_description/package.zsh'
[0.744s] Level 1:colcon.colcon_core.environment:create_file_with_runtime_dependencies(/home/yeah2/allex_ces_idle_interaction_gui/install/orbbec_description/share/colcon-core/packages/orbbec_description)
[0.745s] Level 1:colcon.colcon_core.environment:create_environment_scripts_only(orbbec_camera_msgs)
[0.745s] Level 1:colcon.colcon_core.environment:checking '/home/yeah2/allex_ces_idle_interaction_gui/install/orbbec_camera_msgs' for CMake module files
[0.746s] DEBUG:colcon.colcon_core.event_handler.log_command:Invoked command in '/home/yeah2/allex_ces_idle_interaction_gui/build/orbbec_camera_msgs' returned '0': CMAKE_PREFIX_PATH=${CMAKE_PREFIX_PATH}:/home/yeah2/allex_ces_idle_interaction_gui/install/allex_testbed:/home/yeah2/allex_ces_idle_interaction_gui/install/allex_ces_idle_interaction:/home/yeah2/ros2_ws/install/trajectory_recorder:/home/yeah2/ros2_ws/install/joy_traj_param:/home/yeah2/ros2_ws/install/irim_control_panel_n_dashboard:/home/yeah2/ros2_ws/install/iri_zmq_ros2_bridge:/opt/ros/humble CONDA_PROMPT_MODIFIER=(base) /usr/bin/cmake --install /home/yeah2/allex_ces_idle_interaction_gui/build/orbbec_camera_msgs
[0.746s] Level 1:colcon.colcon_core.environment:checking '/home/yeah2/allex_ces_idle_interaction_gui/install/orbbec_camera_msgs' for CMake config files
[0.747s] Level 1:colcon.colcon_core.shell:create_environment_hook('orbbec_camera_msgs', 'cmake_prefix_path')
[0.747s] INFO:colcon.colcon_core.shell:Creating environment hook '/home/yeah2/allex_ces_idle_interaction_gui/install/orbbec_camera_msgs/share/orbbec_camera_msgs/hook/cmake_prefix_path.ps1'
[0.747s] INFO:colcon.colcon_core.shell:Creating environment descriptor '/home/yeah2/allex_ces_idle_interaction_gui/install/orbbec_camera_msgs/share/orbbec_camera_msgs/hook/cmake_prefix_path.dsv'
[0.748s] INFO:colcon.colcon_core.shell:Creating environment hook '/home/yeah2/allex_ces_idle_interaction_gui/install/orbbec_camera_msgs/share/orbbec_camera_msgs/hook/cmake_prefix_path.sh'
[0.748s] Level 1:colcon.colcon_core.environment:checking '/home/yeah2/allex_ces_idle_interaction_gui/install/orbbec_camera_msgs/lib'
[0.748s] Level 1:colcon.colcon_core.shell:create_environment_hook('orbbec_camera_msgs', 'ld_library_path_lib')
[0.748s] INFO:colcon.colcon_core.shell:Creating environment hook '/home/yeah2/allex_ces_idle_interaction_gui/install/orbbec_camera_msgs/share/orbbec_camera_msgs/hook/ld_library_path_lib.ps1'
[0.749s] INFO:colcon.colcon_core.shell:Creating environment descriptor '/home/yeah2/allex_ces_idle_interaction_gui/install/orbbec_camera_msgs/share/orbbec_camera_msgs/hook/ld_library_path_lib.dsv'
[0.749s] INFO:colcon.colcon_core.shell:Creating environment hook '/home/yeah2/allex_ces_idle_interaction_gui/install/orbbec_camera_msgs/share/orbbec_camera_msgs/hook/ld_library_path_lib.sh'
[0.749s] Level 1:colcon.colcon_core.environment:checking '/home/yeah2/allex_ces_idle_interaction_gui/install/orbbec_camera_msgs/bin'
[0.749s] Level 1:colcon.colcon_core.environment:checking '/home/yeah2/allex_ces_idle_interaction_gui/install/orbbec_camera_msgs/lib/pkgconfig/orbbec_camera_msgs.pc'
[0.749s] Level 1:colcon.colcon_core.environment:checking '/home/yeah2/allex_ces_idle_interaction_gui/install/orbbec_camera_msgs/lib/python3.10/site-packages'
[0.749s] Level 1:colcon.colcon_core.environment:checking '/home/yeah2/allex_ces_idle_interaction_gui/install/orbbec_camera_msgs/bin'
[0.749s] INFO:colcon.colcon_core.shell:Creating package script '/home/yeah2/allex_ces_idle_interaction_gui/install/orbbec_camera_msgs/share/orbbec_camera_msgs/package.ps1'
[0.750s] INFO:colcon.colcon_core.shell:Creating package descriptor '/home/yeah2/allex_ces_idle_interaction_gui/install/orbbec_camera_msgs/share/orbbec_camera_msgs/package.dsv'
[0.750s] INFO:colcon.colcon_core.shell:Creating package script '/home/yeah2/allex_ces_idle_interaction_gui/install/orbbec_camera_msgs/share/orbbec_camera_msgs/package.sh'
[0.750s] INFO:colcon.colcon_core.shell:Creating package script '/home/yeah2/allex_ces_idle_interaction_gui/install/orbbec_camera_msgs/share/orbbec_camera_msgs/package.bash'
[0.750s] INFO:colcon.colcon_core.shell:Creating package script '/home/yeah2/allex_ces_idle_interaction_gui/install/orbbec_camera_msgs/share/orbbec_camera_msgs/package.zsh'
[0.750s] Level 1:colcon.colcon_core.environment:create_file_with_runtime_dependencies(/home/yeah2/allex_ces_idle_interaction_gui/install/orbbec_camera_msgs/share/colcon-core/packages/orbbec_camera_msgs)
[0.751s] Level 1:colcon.colcon_core.environment:create_environment_scripts_only(orbbec_camera_msgs)
[0.751s] Level 1:colcon.colcon_core.environment:checking '/home/yeah2/allex_ces_idle_interaction_gui/install/orbbec_camera_msgs' for CMake module files
[0.751s] Level 1:colcon.colcon_core.environment:checking '/home/yeah2/allex_ces_idle_interaction_gui/install/orbbec_camera_msgs' for CMake config files
[0.751s] Level 1:colcon.colcon_core.shell:create_environment_hook('orbbec_camera_msgs', 'cmake_prefix_path')
[0.752s] INFO:colcon.colcon_core.shell:Creating environment hook '/home/yeah2/allex_ces_idle_interaction_gui/install/orbbec_camera_msgs/share/orbbec_camera_msgs/hook/cmake_prefix_path.ps1'
[0.752s] INFO:colcon.colcon_core.shell:Creating environment descriptor '/home/yeah2/allex_ces_idle_interaction_gui/install/orbbec_camera_msgs/share/orbbec_camera_msgs/hook/cmake_prefix_path.dsv'
[0.752s] INFO:colcon.colcon_core.shell:Creating environment hook '/home/yeah2/allex_ces_idle_interaction_gui/install/orbbec_camera_msgs/share/orbbec_camera_msgs/hook/cmake_prefix_path.sh'
[0.752s] Level 1:colcon.colcon_core.environment:checking '/home/yeah2/allex_ces_idle_interaction_gui/install/orbbec_camera_msgs/lib'
[0.752s] Level 1:colcon.colcon_core.shell:create_environment_hook('orbbec_camera_msgs', 'ld_library_path_lib')
[0.753s] INFO:colcon.colcon_core.shell:Creating environment hook '/home/yeah2/allex_ces_idle_interaction_gui/install/orbbec_camera_msgs/share/orbbec_camera_msgs/hook/ld_library_path_lib.ps1'
[0.753s] INFO:colcon.colcon_core.shell:Creating environment descriptor '/home/yeah2/allex_ces_idle_interaction_gui/install/orbbec_camera_msgs/share/orbbec_camera_msgs/hook/ld_library_path_lib.dsv'
[0.753s] INFO:colcon.colcon_core.shell:Creating environment hook '/home/yeah2/allex_ces_idle_interaction_gui/install/orbbec_camera_msgs/share/orbbec_camera_msgs/hook/ld_library_path_lib.sh'
[0.753s] Level 1:colcon.colcon_core.environment:checking '/home/yeah2/allex_ces_idle_interaction_gui/install/orbbec_camera_msgs/bin'
[0.753s] Level 1:colcon.colcon_core.environment:checking '/home/yeah2/allex_ces_idle_interaction_gui/install/orbbec_camera_msgs/lib/pkgconfig/orbbec_camera_msgs.pc'
[0.753s] Level 1:colcon.colcon_core.environment:checking '/home/yeah2/allex_ces_idle_interaction_gui/install/orbbec_camera_msgs/lib/python3.10/site-packages'
[0.753s] Level 1:colcon.colcon_core.environment:checking '/home/yeah2/allex_ces_idle_interaction_gui/install/orbbec_camera_msgs/bin'
[0.754s] INFO:colcon.colcon_core.shell:Creating package script '/home/yeah2/allex_ces_idle_interaction_gui/install/orbbec_camera_msgs/share/orbbec_camera_msgs/package.ps1'
[0.754s] INFO:colcon.colcon_core.shell:Creating package descriptor '/home/yeah2/allex_ces_idle_interaction_gui/install/orbbec_camera_msgs/share/orbbec_camera_msgs/package.dsv'
[0.754s] INFO:colcon.colcon_core.shell:Creating package script '/home/yeah2/allex_ces_idle_interaction_gui/install/orbbec_camera_msgs/share/orbbec_camera_msgs/package.sh'
[0.754s] INFO:colcon.colcon_core.shell:Creating package script '/home/yeah2/allex_ces_idle_interaction_gui/install/orbbec_camera_msgs/share/orbbec_camera_msgs/package.bash'
[0.754s] INFO:colcon.colcon_core.shell:Creating package script '/home/yeah2/allex_ces_idle_interaction_gui/install/orbbec_camera_msgs/share/orbbec_camera_msgs/package.zsh'
[0.755s] Level 1:colcon.colcon_core.environment:create_file_with_runtime_dependencies(/home/yeah2/allex_ces_idle_interaction_gui/install/orbbec_camera_msgs/share/colcon-core/packages/orbbec_camera_msgs)
[0.755s] INFO:colcon.colcon_ros.task.ament_cmake.build:Building ROS package in '/home/yeah2/allex_ces_idle_interaction_gui/src/OrbbecSDK_ROS2/orbbec_camera' with build type 'ament_cmake'
[0.755s] INFO:colcon.colcon_cmake.task.cmake.build:Building CMake package in '/home/yeah2/allex_ces_idle_interaction_gui/src/OrbbecSDK_ROS2/orbbec_camera'
[0.755s] INFO:colcon.colcon_core.shell:Skip shell extension 'powershell' for command environment: Not usable outside of PowerShell
[0.755s] DEBUG:colcon.colcon_core.shell:Skip shell extension 'dsv' for command environment
[0.764s] DEBUG:colcon.colcon_core.event_handler.log_command:Invoking command in '/home/yeah2/allex_ces_idle_interaction_gui/build/orbbec_camera': CMAKE_PREFIX_PATH=/home/yeah2/allex_ces_idle_interaction_gui/install/orbbec_camera_msgs:/home/yeah2/allex_ces_idle_interaction_gui/install/orbbec_description:/home/yeah2/allex_ces_idle_interaction_gui/install/orbbec_camera:/home/yeah2/allex_ces_idle_interaction_gui/install/allex_testbed:/home/yeah2/allex_ces_idle_interaction_gui/install/allex_ces_idle_interaction:/home/yeah2/ros2_ws/install/trajectory_recorder:/home/yeah2/ros2_ws/install/joy_traj_param:/home/yeah2/ros2_ws/install/irim_control_panel_n_dashboard:/home/yeah2/ros2_ws/install/iri_zmq_ros2_bridge:/opt/ros/humble CONDA_PROMPT_MODIFIER=(base) LD_LIBRARY_PATH=/home/yeah2/allex_ces_idle_interaction_gui/install/orbbec_camera_msgs/lib:/home/yeah2/allex_ces_idle_interaction_gui/install/orbbec_camera/lib:/opt/ros/humble/opt/rviz_ogre_vendor/lib:/opt/ros/humble/lib/x86_64-linux-gnu:/opt/ros/humble/lib /usr/bin/cmake --build /home/yeah2/allex_ces_idle_interaction_gui/build/orbbec_camera -- -j20 -l20
[0.790s] DEBUG:colcon.colcon_core.event_handler.log_command:Invoking command in '/home/yeah2/allex_ces_idle_interaction_gui/build/allex_ces_idle_interaction': CONDA_PROMPT_MODIFIER=(base) PYTHONPATH=/home/yeah2/allex_ces_idle_interaction_gui/build/allex_ces_idle_interaction/prefix_override:/usr/lib/python3/dist-packages/colcon_core/task/python/colcon_distutils_commands:/home/yeah2/allex_ces_idle_interaction_gui/install/allex_ces_idle_interaction/lib/python3.10/site-packages:${PYTHONPATH} /usr/bin/python3 -W ignore:setup.py install is deprecated -W ignore:easy_install command is deprecated setup.py develop --editable --build-directory /home/yeah2/allex_ces_idle_interaction_gui/build/allex_ces_idle_interaction/build --no-deps symlink_data
[0.798s] DEBUG:colcon.colcon_core.event_handler.log_command:Invoking command in '/home/yeah2/allex_ces_idle_interaction_gui/build/allex_testbed': CONDA_PROMPT_MODIFIER=(base) PYTHONPATH=/home/yeah2/allex_ces_idle_interaction_gui/build/allex_testbed/prefix_override:/usr/lib/python3/dist-packages/colcon_core/task/python/colcon_distutils_commands:/home/yeah2/allex_ces_idle_interaction_gui/install/allex_testbed/lib/python3.10/site-packages:${PYTHONPATH} /usr/bin/python3 -W ignore:setup.py install is deprecated -W ignore:easy_install command is deprecated setup.py develop --editable --build-directory /home/yeah2/allex_ces_idle_interaction_gui/build/allex_testbed/build --no-deps symlink_data
[0.849s] DEBUG:colcon.colcon_core.event_handler.log_command:Invoked command in '/home/yeah2/allex_ces_idle_interaction_gui/build/orbbec_camera' returned '0': CMAKE_PREFIX_PATH=/home/yeah2/allex_ces_idle_interaction_gui/install/orbbec_camera_msgs:/home/yeah2/allex_ces_idle_interaction_gui/install/orbbec_description:/home/yeah2/allex_ces_idle_interaction_gui/install/orbbec_camera:/home/yeah2/allex_ces_idle_interaction_gui/install/allex_testbed:/home/yeah2/allex_ces_idle_interaction_gui/install/allex_ces_idle_interaction:/home/yeah2/ros2_ws/install/trajectory_recorder:/home/yeah2/ros2_ws/install/joy_traj_param:/home/yeah2/ros2_ws/install/irim_control_panel_n_dashboard:/home/yeah2/ros2_ws/install/iri_zmq_ros2_bridge:/opt/ros/humble CONDA_PROMPT_MODIFIER=(base) LD_LIBRARY_PATH=/home/yeah2/allex_ces_idle_interaction_gui/install/orbbec_camera_msgs/lib:/home/yeah2/allex_ces_idle_interaction_gui/install/orbbec_camera/lib:/opt/ros/humble/opt/rviz_ogre_vendor/lib:/opt/ros/humble/lib/x86_64-linux-gnu:/opt/ros/humble/lib /usr/bin/cmake --build /home/yeah2/allex_ces_idle_interaction_gui/build/orbbec_camera -- -j20 -l20
[0.850s] DEBUG:colcon.colcon_core.event_handler.log_command:Invoking command in '/home/yeah2/allex_ces_idle_interaction_gui/build/orbbec_camera': CMAKE_PREFIX_PATH=/home/yeah2/allex_ces_idle_interaction_gui/install/orbbec_camera_msgs:/home/yeah2/allex_ces_idle_interaction_gui/install/orbbec_description:/home/yeah2/allex_ces_idle_interaction_gui/install/orbbec_camera:/home/yeah2/allex_ces_idle_interaction_gui/install/allex_testbed:/home/yeah2/allex_ces_idle_interaction_gui/install/allex_ces_idle_interaction:/home/yeah2/ros2_ws/install/trajectory_recorder:/home/yeah2/ros2_ws/install/joy_traj_param:/home/yeah2/ros2_ws/install/irim_control_panel_n_dashboard:/home/yeah2/ros2_ws/install/iri_zmq_ros2_bridge:/opt/ros/humble CONDA_PROMPT_MODIFIER=(base) LD_LIBRARY_PATH=/home/yeah2/allex_ces_idle_interaction_gui/install/orbbec_camera_msgs/lib:/home/yeah2/allex_ces_idle_interaction_gui/install/orbbec_camera/lib:/opt/ros/humble/opt/rviz_ogre_vendor/lib:/opt/ros/humble/lib/x86_64-linux-gnu:/opt/ros/humble/lib /usr/bin/cmake --install /home/yeah2/allex_ces_idle_interaction_gui/build/orbbec_camera
[0.876s] Level 1:colcon.colcon_core.environment:create_environment_scripts_only(orbbec_camera)
[0.876s] Level 1:colcon.colcon_core.environment:checking '/home/yeah2/allex_ces_idle_interaction_gui/install/orbbec_camera' for CMake module files
[0.877s] DEBUG:colcon.colcon_core.event_handler.log_command:Invoked command in '/home/yeah2/allex_ces_idle_interaction_gui/build/orbbec_camera' returned '0': CMAKE_PREFIX_PATH=/home/yeah2/allex_ces_idle_interaction_gui/install/orbbec_camera_msgs:/home/yeah2/allex_ces_idle_interaction_gui/install/orbbec_description:/home/yeah2/allex_ces_idle_interaction_gui/install/orbbec_camera:/home/yeah2/allex_ces_idle_interaction_gui/install/allex_testbed:/home/yeah2/allex_ces_idle_interaction_gui/install/allex_ces_idle_interaction:/home/yeah2/ros2_ws/install/trajectory_recorder:/home/yeah2/ros2_ws/install/joy_traj_param:/home/yeah2/ros2_ws/install/irim_control_panel_n_dashboard:/home/yeah2/ros2_ws/install/iri_zmq_ros2_bridge:/opt/ros/humble CONDA_PROMPT_MODIFIER=(base) LD_LIBRARY_PATH=/home/yeah2/allex_ces_idle_interaction_gui/install/orbbec_camera_msgs/lib:/home/yeah2/allex_ces_idle_interaction_gui/install/orbbec_camera/lib:/opt/ros/humble/opt/rviz_ogre_vendor/lib:/opt/ros/humble/lib/x86_64-linux-gnu:/opt/ros/humble/lib /usr/bin/cmake --install /home/yeah2/allex_ces_idle_interaction_gui/build/orbbec_camera
[0.877s] Level 1:colcon.colcon_core.environment:checking '/home/yeah2/allex_ces_idle_interaction_gui/install/orbbec_camera' for CMake config files
[0.877s] Level 1:colcon.colcon_core.shell:create_environment_hook('orbbec_camera', 'cmake_prefix_path')
[0.877s] INFO:colcon.colcon_core.shell:Creating environment hook '/home/yeah2/allex_ces_idle_interaction_gui/install/orbbec_camera/share/orbbec_camera/hook/cmake_prefix_path.ps1'
[0.878s] INFO:colcon.colcon_core.shell:Creating environment descriptor '/home/yeah2/allex_ces_idle_interaction_gui/install/orbbec_camera/share/orbbec_camera/hook/cmake_prefix_path.dsv'
[0.878s] INFO:colcon.colcon_core.shell:Creating environment hook '/home/yeah2/allex_ces_idle_interaction_gui/install/orbbec_camera/share/orbbec_camera/hook/cmake_prefix_path.sh'
[0.878s] Level 1:colcon.colcon_core.environment:checking '/home/yeah2/allex_ces_idle_interaction_gui/install/orbbec_camera/lib'
[0.878s] Level 1:colcon.colcon_core.shell:create_environment_hook('orbbec_camera', 'ld_library_path_lib')
[0.878s] INFO:colcon.colcon_core.shell:Creating environment hook '/home/yeah2/allex_ces_idle_interaction_gui/install/orbbec_camera/share/orbbec_camera/hook/ld_library_path_lib.ps1'
[0.879s] INFO:colcon.colcon_core.shell:Creating environment descriptor '/home/yeah2/allex_ces_idle_interaction_gui/install/orbbec_camera/share/orbbec_camera/hook/ld_library_path_lib.dsv'
[0.879s] INFO:colcon.colcon_core.shell:Creating environment hook '/home/yeah2/allex_ces_idle_interaction_gui/install/orbbec_camera/share/orbbec_camera/hook/ld_library_path_lib.sh'
[0.879s] Level 1:colcon.colcon_core.environment:checking '/home/yeah2/allex_ces_idle_interaction_gui/install/orbbec_camera/bin'
[0.879s] Level 1:colcon.colcon_core.environment:checking '/home/yeah2/allex_ces_idle_interaction_gui/install/orbbec_camera/lib/pkgconfig/orbbec_camera.pc'
[0.879s] Level 1:colcon.colcon_core.environment:checking '/home/yeah2/allex_ces_idle_interaction_gui/install/orbbec_camera/lib/python3.10/site-packages'
[0.879s] Level 1:colcon.colcon_core.environment:checking '/home/yeah2/allex_ces_idle_interaction_gui/install/orbbec_camera/bin'
[0.879s] INFO:colcon.colcon_core.shell:Creating package script '/home/yeah2/allex_ces_idle_interaction_gui/install/orbbec_camera/share/orbbec_camera/package.ps1'
[0.880s] INFO:colcon.colcon_core.shell:Creating package descriptor '/home/yeah2/allex_ces_idle_interaction_gui/install/orbbec_camera/share/orbbec_camera/package.dsv'
[0.880s] INFO:colcon.colcon_core.shell:Creating package script '/home/yeah2/allex_ces_idle_interaction_gui/install/orbbec_camera/share/orbbec_camera/package.sh'
[0.880s] INFO:colcon.colcon_core.shell:Creating package script '/home/yeah2/allex_ces_idle_interaction_gui/install/orbbec_camera/share/orbbec_camera/package.bash'
[0.880s] INFO:colcon.colcon_core.shell:Creating package script '/home/yeah2/allex_ces_idle_interaction_gui/install/orbbec_camera/share/orbbec_camera/package.zsh'
[0.880s] Level 1:colcon.colcon_core.environment:create_file_with_runtime_dependencies(/home/yeah2/allex_ces_idle_interaction_gui/install/orbbec_camera/share/colcon-core/packages/orbbec_camera)
[0.881s] Level 1:colcon.colcon_core.environment:create_environment_scripts_only(orbbec_camera)
[0.881s] Level 1:colcon.colcon_core.environment:checking '/home/yeah2/allex_ces_idle_interaction_gui/install/orbbec_camera' for CMake module files
[0.881s] Level 1:colcon.colcon_core.environment:checking '/home/yeah2/allex_ces_idle_interaction_gui/install/orbbec_camera' for CMake config files
[0.881s] Level 1:colcon.colcon_core.shell:create_environment_hook('orbbec_camera', 'cmake_prefix_path')
[0.882s] INFO:colcon.colcon_core.shell:Creating environment hook '/home/yeah2/allex_ces_idle_interaction_gui/install/orbbec_camera/share/orbbec_camera/hook/cmake_prefix_path.ps1'
[0.890s] INFO:colcon.colcon_core.shell:Creating environment descriptor '/home/yeah2/allex_ces_idle_interaction_gui/install/orbbec_camera/share/orbbec_camera/hook/cmake_prefix_path.dsv'
[0.890s] INFO:colcon.colcon_core.shell:Creating environment hook '/home/yeah2/allex_ces_idle_interaction_gui/install/orbbec_camera/share/orbbec_camera/hook/cmake_prefix_path.sh'
[0.891s] Level 1:colcon.colcon_core.environment:checking '/home/yeah2/allex_ces_idle_interaction_gui/install/orbbec_camera/lib'
[0.891s] Level 1:colcon.colcon_core.shell:create_environment_hook('orbbec_camera', 'ld_library_path_lib')
[0.891s] INFO:colcon.colcon_core.shell:Creating environment hook '/home/yeah2/allex_ces_idle_interaction_gui/install/orbbec_camera/share/orbbec_camera/hook/ld_library_path_lib.ps1'
[0.891s] INFO:colcon.colcon_core.shell:Creating environment descriptor '/home/yeah2/allex_ces_idle_interaction_gui/install/orbbec_camera/share/orbbec_camera/hook/ld_library_path_lib.dsv'
[0.891s] INFO:colcon.colcon_core.shell:Creating environment hook '/home/yeah2/allex_ces_idle_interaction_gui/install/orbbec_camera/share/orbbec_camera/hook/ld_library_path_lib.sh'
[0.891s] Level 1:colcon.colcon_core.environment:checking '/home/yeah2/allex_ces_idle_interaction_gui/install/orbbec_camera/bin'
[0.891s] Level 1:colcon.colcon_core.environment:checking '/home/yeah2/allex_ces_idle_interaction_gui/install/orbbec_camera/lib/pkgconfig/orbbec_camera.pc'
[0.891s] Level 1:colcon.colcon_core.environment:checking '/home/yeah2/allex_ces_idle_interaction_gui/install/orbbec_camera/lib/python3.10/site-packages'
[0.892s] Level 1:colcon.colcon_core.environment:checking '/home/yeah2/allex_ces_idle_interaction_gui/install/orbbec_camera/bin'
[0.892s] INFO:colcon.colcon_core.shell:Creating package script '/home/yeah2/allex_ces_idle_interaction_gui/install/orbbec_camera/share/orbbec_camera/package.ps1'
[0.892s] INFO:colcon.colcon_core.shell:Creating package descriptor '/home/yeah2/allex_ces_idle_interaction_gui/install/orbbec_camera/share/orbbec_camera/package.dsv'
[0.892s] INFO:colcon.colcon_core.shell:Creating package script '/home/yeah2/allex_ces_idle_interaction_gui/install/orbbec_camera/share/orbbec_camera/package.sh'
[0.892s] INFO:colcon.colcon_core.shell:Creating package script '/home/yeah2/allex_ces_idle_interaction_gui/install/orbbec_camera/share/orbbec_camera/package.bash'
[0.893s] INFO:colcon.colcon_core.shell:Creating package script '/home/yeah2/allex_ces_idle_interaction_gui/install/orbbec_camera/share/orbbec_camera/package.zsh'
[0.893s] Level 1:colcon.colcon_core.environment:create_file_with_runtime_dependencies(/home/yeah2/allex_ces_idle_interaction_gui/install/orbbec_camera/share/colcon-core/packages/orbbec_camera)
[1.078s] Level 1:colcon.colcon_core.shell:create_environment_hook('allex_ces_idle_interaction', 'pythonpath_develop')
[1.079s] INFO:colcon.colcon_core.shell:Creating environment hook '/home/yeah2/allex_ces_idle_interaction_gui/build/allex_ces_idle_interaction/share/allex_ces_idle_interaction/hook/pythonpath_develop.ps1'
[1.079s] DEBUG:colcon.colcon_core.event_handler.log_command:Invoked command in '/home/yeah2/allex_ces_idle_interaction_gui/build/allex_ces_idle_interaction' returned '0': CONDA_PROMPT_MODIFIER=(base) PYTHONPATH=/home/yeah2/allex_ces_idle_interaction_gui/build/allex_ces_idle_interaction/prefix_override:/usr/lib/python3/dist-packages/colcon_core/task/python/colcon_distutils_commands:/home/yeah2/allex_ces_idle_interaction_gui/install/allex_ces_idle_interaction/lib/python3.10/site-packages:${PYTHONPATH} /usr/bin/python3 -W ignore:setup.py install is deprecated -W ignore:easy_install command is deprecated setup.py develop --editable --build-directory /home/yeah2/allex_ces_idle_interaction_gui/build/allex_ces_idle_interaction/build --no-deps symlink_data
[1.079s] INFO:colcon.colcon_core.shell:Creating environment descriptor '/home/yeah2/allex_ces_idle_interaction_gui/build/allex_ces_idle_interaction/share/allex_ces_idle_interaction/hook/pythonpath_develop.dsv'
[1.080s] INFO:colcon.colcon_core.shell:Creating environment hook '/home/yeah2/allex_ces_idle_interaction_gui/build/allex_ces_idle_interaction/share/allex_ces_idle_interaction/hook/pythonpath_develop.sh'
[1.080s] Level 1:colcon.colcon_core.environment:checking '/home/yeah2/allex_ces_idle_interaction_gui/install/allex_ces_idle_interaction' for CMake module files
[1.081s] Level 1:colcon.colcon_core.environment:checking '/home/yeah2/allex_ces_idle_interaction_gui/install/allex_ces_idle_interaction' for CMake config files
[1.081s] Level 1:colcon.colcon_core.environment:checking '/home/yeah2/allex_ces_idle_interaction_gui/install/allex_ces_idle_interaction/lib'
[1.081s] Level 1:colcon.colcon_core.environment:checking '/home/yeah2/allex_ces_idle_interaction_gui/install/allex_ces_idle_interaction/bin'
[1.081s] Level 1:colcon.colcon_core.environment:checking '/home/yeah2/allex_ces_idle_interaction_gui/install/allex_ces_idle_interaction/lib/pkgconfig/allex_ces_idle_interaction.pc'
[1.081s] Level 1:colcon.colcon_core.environment:checking '/home/yeah2/allex_ces_idle_interaction_gui/install/allex_ces_idle_interaction/lib/python3.10/site-packages'
[1.081s] Level 1:colcon.colcon_core.shell:create_environment_hook('allex_ces_idle_interaction', 'pythonpath')
[1.081s] INFO:colcon.colcon_core.shell:Creating environment hook '/home/yeah2/allex_ces_idle_interaction_gui/install/allex_ces_idle_interaction/share/allex_ces_idle_interaction/hook/pythonpath.ps1'
[1.082s] INFO:colcon.colcon_core.shell:Creating environment descriptor '/home/yeah2/allex_ces_idle_interaction_gui/install/allex_ces_idle_interaction/share/allex_ces_idle_interaction/hook/pythonpath.dsv'
[1.082s] INFO:colcon.colcon_core.shell:Creating environment hook '/home/yeah2/allex_ces_idle_interaction_gui/install/allex_ces_idle_interaction/share/allex_ces_idle_interaction/hook/pythonpath.sh'
[1.082s] Level 1:colcon.colcon_core.environment:checking '/home/yeah2/allex_ces_idle_interaction_gui/install/allex_ces_idle_interaction/bin'
[1.082s] Level 1:colcon.colcon_core.environment:create_environment_scripts_only(allex_ces_idle_interaction)
[1.083s] INFO:colcon.colcon_core.shell:Creating package script '/home/yeah2/allex_ces_idle_interaction_gui/install/allex_ces_idle_interaction/share/allex_ces_idle_interaction/package.ps1'
[1.083s] INFO:colcon.colcon_core.shell:Creating package descriptor '/home/yeah2/allex_ces_idle_interaction_gui/install/allex_ces_idle_interaction/share/allex_ces_idle_interaction/package.dsv'
[1.083s] INFO:colcon.colcon_core.shell:Creating package script '/home/yeah2/allex_ces_idle_interaction_gui/install/allex_ces_idle_interaction/share/allex_ces_idle_interaction/package.sh'
[1.083s] INFO:colcon.colcon_core.shell:Creating package script '/home/yeah2/allex_ces_idle_interaction_gui/install/allex_ces_idle_interaction/share/allex_ces_idle_interaction/package.bash'
[1.083s] INFO:colcon.colcon_core.shell:Creating package script '/home/yeah2/allex_ces_idle_interaction_gui/install/allex_ces_idle_interaction/share/allex_ces_idle_interaction/package.zsh'
[1.084s] Level 1:colcon.colcon_core.environment:create_file_with_runtime_dependencies(/home/yeah2/allex_ces_idle_interaction_gui/install/allex_ces_idle_interaction/share/colcon-core/packages/allex_ces_idle_interaction)
[1.084s] Level 1:colcon.colcon_core.shell:create_environment_hook('allex_testbed', 'pythonpath_develop')
[1.085s] INFO:colcon.colcon_core.shell:Creating environment hook '/home/yeah2/allex_ces_idle_interaction_gui/build/allex_testbed/share/allex_testbed/hook/pythonpath_develop.ps1'
[1.085s] INFO:colcon.colcon_core.shell:Creating environment descriptor '/home/yeah2/allex_ces_idle_interaction_gui/build/allex_testbed/share/allex_testbed/hook/pythonpath_develop.dsv'
[1.085s] DEBUG:colcon.colcon_core.event_handler.log_command:Invoked command in '/home/yeah2/allex_ces_idle_interaction_gui/build/allex_testbed' returned '0': CONDA_PROMPT_MODIFIER=(base) PYTHONPATH=/home/yeah2/allex_ces_idle_interaction_gui/build/allex_testbed/prefix_override:/usr/lib/python3/dist-packages/colcon_core/task/python/colcon_distutils_commands:/home/yeah2/allex_ces_idle_interaction_gui/install/allex_testbed/lib/python3.10/site-packages:${PYTHONPATH} /usr/bin/python3 -W ignore:setup.py install is deprecated -W ignore:easy_install command is deprecated setup.py develop --editable --build-directory /home/yeah2/allex_ces_idle_interaction_gui/build/allex_testbed/build --no-deps symlink_data
[1.085s] INFO:colcon.colcon_core.shell:Creating environment hook '/home/yeah2/allex_ces_idle_interaction_gui/build/allex_testbed/share/allex_testbed/hook/pythonpath_develop.sh'
[1.086s] Level 1:colcon.colcon_core.environment:checking '/home/yeah2/allex_ces_idle_interaction_gui/install/allex_testbed' for CMake module files
[1.086s] Level 1:colcon.colcon_core.environment:checking '/home/yeah2/allex_ces_idle_interaction_gui/install/allex_testbed' for CMake config files
[1.086s] Level 1:colcon.colcon_core.environment:checking '/home/yeah2/allex_ces_idle_interaction_gui/install/allex_testbed/lib'
[1.086s] Level 1:colcon.colcon_core.environment:checking '/home/yeah2/allex_ces_idle_interaction_gui/install/allex_testbed/bin'
[1.086s] Level 1:colcon.colcon_core.environment:checking '/home/yeah2/allex_ces_idle_interaction_gui/install/allex_testbed/lib/pkgconfig/allex_testbed.pc'
[1.086s] Level 1:colcon.colcon_core.environment:checking '/home/yeah2/allex_ces_idle_interaction_gui/install/allex_testbed/lib/python3.10/site-packages'
[1.086s] Level 1:colcon.colcon_core.shell:create_environment_hook('allex_testbed', 'pythonpath')
[1.086s] INFO:colcon.colcon_core.shell:Creating environment hook '/home/yeah2/allex_ces_idle_interaction_gui/install/allex_testbed/share/allex_testbed/hook/pythonpath.ps1'
[1.087s] INFO:colcon.colcon_core.shell:Creating environment descriptor '/home/yeah2/allex_ces_idle_interaction_gui/install/allex_testbed/share/allex_testbed/hook/pythonpath.dsv'
[1.087s] INFO:colcon.colcon_core.shell:Creating environment hook '/home/yeah2/allex_ces_idle_interaction_gui/install/allex_testbed/share/allex_testbed/hook/pythonpath.sh'
[1.087s] Level 1:colcon.colcon_core.environment:checking '/home/yeah2/allex_ces_idle_interaction_gui/install/allex_testbed/bin'
[1.087s] Level 1:colcon.colcon_core.environment:create_environment_scripts_only(allex_testbed)
[1.087s] INFO:colcon.colcon_core.shell:Creating package script '/home/yeah2/allex_ces_idle_interaction_gui/install/allex_testbed/share/allex_testbed/package.ps1'
[1.088s] INFO:colcon.colcon_core.shell:Creating package descriptor '/home/yeah2/allex_ces_idle_interaction_gui/install/allex_testbed/share/allex_testbed/package.dsv'
[1.088s] INFO:colcon.colcon_core.shell:Creating package script '/home/yeah2/allex_ces_idle_interaction_gui/install/allex_testbed/share/allex_testbed/package.sh'
[1.088s] INFO:colcon.colcon_core.shell:Creating package script '/home/yeah2/allex_ces_idle_interaction_gui/install/allex_testbed/share/allex_testbed/package.bash'
[1.088s] INFO:colcon.colcon_core.shell:Creating package script '/home/yeah2/allex_ces_idle_interaction_gui/install/allex_testbed/share/allex_testbed/package.zsh'
[1.088s] Level 1:colcon.colcon_core.environment:create_file_with_runtime_dependencies(/home/yeah2/allex_ces_idle_interaction_gui/install/allex_testbed/share/colcon-core/packages/allex_testbed)
[1.089s] DEBUG:colcon.colcon_parallel_executor.executor.parallel:closing loop
[1.089s] DEBUG:colcon.colcon_parallel_executor.executor.parallel:loop closed
[1.089s] DEBUG:colcon.colcon_parallel_executor.executor.parallel:run_until_complete finished with '0'
[1.089s] DEBUG:colcon.colcon_core.event_reactor:joining thread
[1.092s] INFO:colcon.colcon_core.plugin_system:Skipping extension 'colcon_notification.desktop_notification.terminal_notifier': Not used on non-Darwin systems
[1.092s] INFO:colcon.colcon_core.plugin_system:Skipping extension 'colcon_notification.desktop_notification.win32': Not used on non-Windows systems
[1.092s] INFO:colcon.colcon_notification.desktop_notification:Sending desktop notification using 'notify2'
[1.099s] DEBUG:colcon.colcon_core.event_reactor:joined thread
[1.099s] INFO:colcon.colcon_core.shell:Creating prefix script '/home/yeah2/allex_ces_idle_interaction_gui/install/local_setup.ps1'
[1.099s] INFO:colcon.colcon_core.shell:Creating prefix util module '/home/yeah2/allex_ces_idle_interaction_gui/install/_local_setup_util_ps1.py'
[1.100s] INFO:colcon.colcon_core.shell:Creating prefix chain script '/home/yeah2/allex_ces_idle_interaction_gui/install/setup.ps1'
[1.101s] INFO:colcon.colcon_core.shell:Creating prefix script '/home/yeah2/allex_ces_idle_interaction_gui/install/local_setup.sh'
[1.101s] INFO:colcon.colcon_core.shell:Creating prefix util module '/home/yeah2/allex_ces_idle_interaction_gui/install/_local_setup_util_sh.py'
[1.102s] INFO:colcon.colcon_core.shell:Creating prefix chain script '/home/yeah2/allex_ces_idle_interaction_gui/install/setup.sh'
[1.102s] INFO:colcon.colcon_core.shell:Creating prefix script '/home/yeah2/allex_ces_idle_interaction_gui/install/local_setup.bash'
[1.102s] INFO:colcon.colcon_core.shell:Creating prefix chain script '/home/yeah2/allex_ces_idle_interaction_gui/install/setup.bash'
[1.103s] INFO:colcon.colcon_core.shell:Creating prefix script '/home/yeah2/allex_ces_idle_interaction_gui/install/local_setup.zsh'
[1.103s] INFO:colcon.colcon_core.shell:Creating prefix chain script '/home/yeah2/allex_ces_idle_interaction_gui/install/setup.zsh'
