[0.166s] DEBUG:colcon:Command line arguments: ['/usr/bin/colcon', 'build', '--symlink-install']
[0.166s] DEBUG:colcon:Parsed command line arguments: Namespace(log_base=None, log_level=None, verb_name='build', build_base='build', install_base='install', merge_install=False, symlink_install=True, test_result_base=None, continue_on_error=False, executor='parallel', parallel_workers=20, event_handlers=None, ignore_user_meta=False, metas=['./colcon.meta'], base_paths=['.'], packages_ignore=None, packages_ignore_regex=None, paths=None, packages_up_to=None, packages_up_to_regex=None, packages_above=None, packages_above_and_dependencies=None, packages_above_depth=None, packages_select_by_dep=None, packages_skip_by_dep=None, packages_skip_up_to=None, packages_select_build_failed=False, packages_skip_build_finished=False, packages_select_test_failures=False, packages_skip_test_passed=False, packages_select=None, packages_skip=None, packages_select_regex=None, packages_skip_regex=None, packages_start=None, packages_end=None, allow_overriding=[], cmake_args=None, cmake_target=None, cmake_target_skip_unavailable=False, cmake_clean_cache=False, cmake_clean_first=False, cmake_force_configure=False, ament_cmake_args=None, catkin_cmake_args=None, catkin_skip_building_tests=False, mixin_files=None, mixin=None, verb_parser=<colcon_mixin.mixin.mixin_argument.MixinArgumentDecorator object at 0xef59f98edd00>, verb_extension=<colcon_core.verb.build.BuildVerb object at 0xef59f9ad7f20>, main=<bound method BuildVerb.main of <colcon_core.verb.build.BuildVerb object at 0xef59f9ad7f20>>, mixin_verb=('build',))
[0.207s] Level 1:colcon.colcon_core.package_discovery:discover_packages(colcon_meta) check parameters
[0.207s] Level 1:colcon.colcon_core.package_discovery:discover_packages(recursive) check parameters
[0.207s] Level 1:colcon.colcon_core.package_discovery:discover_packages(ignore) check parameters
[0.207s] Level 1:colcon.colcon_core.package_discovery:discover_packages(path) check parameters
[0.207s] Level 1:colcon.colcon_core.package_discovery:discover_packages(colcon_meta) discover
[0.207s] Level 1:colcon.colcon_core.package_discovery:discover_packages(recursive) discover
[0.207s] INFO:colcon.colcon_core.package_discovery:Crawling recursively for packages in '/home/dgx_allex_one/allex_ces_idle_interaction_gui'
[0.207s] Level 1:colcon.colcon_core.package_identification:_identify(.) by extensions ['ignore', 'ignore_ament_install']
[0.207s] Level 1:colcon.colcon_core.package_identification:_identify(.) by extension 'ignore'
[0.207s] Level 1:colcon.colcon_core.package_identification:_identify(.) by extension 'ignore_ament_install'
[0.207s] Level 1:colcon.colcon_core.package_identification:_identify(.) by extensions ['colcon_pkg']
[0.207s] Level 1:colcon.colcon_core.package_identification:_identify(.) by extension 'colcon_pkg'
[0.207s] Level 1:colcon.colcon_core.package_identification:_identify(.) by extensions ['colcon_meta']
[0.207s] Level 1:colcon.colcon_core.package_identification:_identify(.) by extension 'colcon_meta'
[0.207s] Level 1:colcon.colcon_core.package_identification:_identify(.) by extensions ['ros']
[0.207s] Level 1:colcon.colcon_core.package_identification:_identify(.) by extension 'ros'
[0.222s] Level 1:colcon.colcon_core.package_identification:_identify(.) by extensions ['cmake', 'python']
[0.222s] Level 1:colcon.colcon_core.package_identification:_identify(.) by extension 'cmake'
[0.222s] Level 1:colcon.colcon_core.package_identification:_identify(.) by extension 'python'
[0.222s] Level 1:colcon.colcon_core.package_identification:_identify(.) by extensions ['python_setup_py']
[0.222s] Level 1:colcon.colcon_core.package_identification:_identify(.) by extension 'python_setup_py'
[0.222s] Level 1:colcon.colcon_core.package_identification:_identify(build) by extensions ['ignore', 'ignore_ament_install']
[0.222s] Level 1:colcon.colcon_core.package_identification:_identify(build) by extension 'ignore'
[0.222s] Level 1:colcon.colcon_core.package_identification:_identify(build) ignored
[0.222s] Level 1:colcon.colcon_core.package_identification:_identify(config) by extensions ['ignore', 'ignore_ament_install']
[0.222s] Level 1:colcon.colcon_core.package_identification:_identify(config) by extension 'ignore'
[0.222s] Level 1:colcon.colcon_core.package_identification:_identify(config) by extension 'ignore_ament_install'
[0.222s] Level 1:colcon.colcon_core.package_identification:_identify(config) by extensions ['colcon_pkg']
[0.222s] Level 1:colcon.colcon_core.package_identification:_identify(config) by extension 'colcon_pkg'
[0.222s] Level 1:colcon.colcon_core.package_identification:_identify(config) by extensions ['colcon_meta']
[0.222s] Level 1:colcon.colcon_core.package_identification:_identify(config) by extension 'colcon_meta'
[0.222s] Level 1:colcon.colcon_core.package_identification:_identify(config) by extensions ['ros']
[0.222s] Level 1:colcon.colcon_core.package_identification:_identify(config) by extension 'ros'
[0.222s] Level 1:colcon.colcon_core.package_identification:_identify(config) by extensions ['cmake', 'python']
[0.223s] Level 1:colcon.colcon_core.package_identification:_identify(config) by extension 'cmake'
[0.223s] Level 1:colcon.colcon_core.package_identification:_identify(config) by extension 'python'
[0.223s] Level 1:colcon.colcon_core.package_identification:_identify(config) by extensions ['python_setup_py']
[0.223s] Level 1:colcon.colcon_core.package_identification:_identify(config) by extension 'python_setup_py'
[0.223s] Level 1:colcon.colcon_core.package_identification:_identify(install) by extensions ['ignore', 'ignore_ament_install']
[0.223s] Level 1:colcon.colcon_core.package_identification:_identify(install) by extension 'ignore'
[0.223s] Level 1:colcon.colcon_core.package_identification:_identify(install) ignored
[0.223s] Level 1:colcon.colcon_core.package_identification:_identify(log) by extensions ['ignore', 'ignore_ament_install']
[0.223s] Level 1:colcon.colcon_core.package_identification:_identify(log) by extension 'ignore'
[0.223s] Level 1:colcon.colcon_core.package_identification:_identify(log) ignored
[0.223s] Level 1:colcon.colcon_core.package_identification:_identify(src) by extensions ['ignore', 'ignore_ament_install']
[0.223s] Level 1:colcon.colcon_core.package_identification:_identify(src) by extension 'ignore'
[0.223s] Level 1:colcon.colcon_core.package_identification:_identify(src) by extension 'ignore_ament_install'
[0.223s] Level 1:colcon.colcon_core.package_identification:_identify(src) by extensions ['colcon_pkg']
[0.223s] Level 1:colcon.colcon_core.package_identification:_identify(src) by extension 'colcon_pkg'
[0.223s] Level 1:colcon.colcon_core.package_identification:_identify(src) by extensions ['colcon_meta']
[0.223s] Level 1:colcon.colcon_core.package_identification:_identify(src) by extension 'colcon_meta'
[0.223s] Level 1:colcon.colcon_core.package_identification:_identify(src) by extensions ['ros']
[0.223s] Level 1:colcon.colcon_core.package_identification:_identify(src) by extension 'ros'
[0.223s] Level 1:colcon.colcon_core.package_identification:_identify(src) by extensions ['cmake', 'python']
[0.223s] Level 1:colcon.colcon_core.package_identification:_identify(src) by extension 'cmake'
[0.223s] Level 1:colcon.colcon_core.package_identification:_identify(src) by extension 'python'
[0.223s] Level 1:colcon.colcon_core.package_identification:_identify(src) by extensions ['python_setup_py']
[0.223s] Level 1:colcon.colcon_core.package_identification:_identify(src) by extension 'python_setup_py'
[0.223s] Level 1:colcon.colcon_core.package_identification:_identify(src/OrbbecSDK_ROS2) by extensions ['ignore', 'ignore_ament_install']
[0.223s] Level 1:colcon.colcon_core.package_identification:_identify(src/OrbbecSDK_ROS2) by extension 'ignore'
[0.223s] Level 1:colcon.colcon_core.package_identification:_identify(src/OrbbecSDK_ROS2) by extension 'ignore_ament_install'
[0.223s] Level 1:colcon.colcon_core.package_identification:_identify(src/OrbbecSDK_ROS2) by extensions ['colcon_pkg']
[0.223s] Level 1:colcon.colcon_core.package_identification:_identify(src/OrbbecSDK_ROS2) by extension 'colcon_pkg'
[0.223s] Level 1:colcon.colcon_core.package_identification:_identify(src/OrbbecSDK_ROS2) by extensions ['colcon_meta']
[0.223s] Level 1:colcon.colcon_core.package_identification:_identify(src/OrbbecSDK_ROS2) by extension 'colcon_meta'
[0.223s] Level 1:colcon.colcon_core.package_identification:_identify(src/OrbbecSDK_ROS2) by extensions ['ros']
[0.223s] Level 1:colcon.colcon_core.package_identification:_identify(src/OrbbecSDK_ROS2) by extension 'ros'
[0.223s] Level 1:colcon.colcon_core.package_identification:_identify(src/OrbbecSDK_ROS2) by extensions ['cmake', 'python']
[0.223s] Level 1:colcon.colcon_core.package_identification:_identify(src/OrbbecSDK_ROS2) by extension 'cmake'
[0.223s] Level 1:colcon.colcon_core.package_identification:_identify(src/OrbbecSDK_ROS2) by extension 'python'
[0.223s] Level 1:colcon.colcon_core.package_identification:_identify(src/OrbbecSDK_ROS2) by extensions ['python_setup_py']
[0.223s] Level 1:colcon.colcon_core.package_identification:_identify(src/OrbbecSDK_ROS2) by extension 'python_setup_py'
[0.224s] Level 1:colcon.colcon_core.package_identification:_identify(src/allex_ces_idle_interaction) by extensions ['ignore', 'ignore_ament_install']
[0.224s] Level 1:colcon.colcon_core.package_identification:_identify(src/allex_ces_idle_interaction) by extension 'ignore'
[0.224s] Level 1:colcon.colcon_core.package_identification:_identify(src/allex_ces_idle_interaction) by extension 'ignore_ament_install'
[0.224s] Level 1:colcon.colcon_core.package_identification:_identify(src/allex_ces_idle_interaction) by extensions ['colcon_pkg']
[0.224s] Level 1:colcon.colcon_core.package_identification:_identify(src/allex_ces_idle_interaction) by extension 'colcon_pkg'
[0.224s] Level 1:colcon.colcon_core.package_identification:_identify(src/allex_ces_idle_interaction) by extensions ['colcon_meta']
[0.224s] Level 1:colcon.colcon_core.package_identification:_identify(src/allex_ces_idle_interaction) by extension 'colcon_meta'
[0.224s] Level 1:colcon.colcon_core.package_identification:_identify(src/allex_ces_idle_interaction) by extensions ['ros']
[0.224s] Level 1:colcon.colcon_core.package_identification:_identify(src/allex_ces_idle_interaction) by extension 'ros'
[0.226s] DEBUG:colcon.colcon_core.package_identification:Package 'src/allex_ces_idle_interaction' with type 'ros.ament_python' and name 'allex_ces_idle_interaction'
[0.226s] Level 1:colcon.colcon_core.package_identification:_identify(src/allex_testbed) by extensions ['ignore', 'ignore_ament_install']
[0.226s] Level 1:colcon.colcon_core.package_identification:_identify(src/allex_testbed) by extension 'ignore'
[0.226s] Level 1:colcon.colcon_core.package_identification:_identify(src/allex_testbed) by extension 'ignore_ament_install'
[0.226s] Level 1:colcon.colcon_core.package_identification:_identify(src/allex_testbed) by extensions ['colcon_pkg']
[0.226s] Level 1:colcon.colcon_core.package_identification:_identify(src/allex_testbed) by extension 'colcon_pkg'
[0.226s] Level 1:colcon.colcon_core.package_identification:_identify(src/allex_testbed) by extensions ['colcon_meta']
[0.226s] Level 1:colcon.colcon_core.package_identification:_identify(src/allex_testbed) by extension 'colcon_meta'
[0.226s] Level 1:colcon.colcon_core.package_identification:_identify(src/allex_testbed) by extensions ['ros']
[0.226s] Level 1:colcon.colcon_core.package_identification:_identify(src/allex_testbed) by extension 'ros'
[0.227s] DEBUG:colcon.colcon_core.package_identification:Package 'src/allex_testbed' with type 'ros.ament_python' and name 'allex_testbed'
[0.227s] Level 1:colcon.colcon_core.package_discovery:discover_packages(recursive) using defaults
[0.227s] Level 1:colcon.colcon_core.package_discovery:discover_packages(ignore) discover
[0.227s] Level 1:colcon.colcon_core.package_discovery:discover_packages(ignore) using defaults
[0.227s] Level 1:colcon.colcon_core.package_discovery:discover_packages(path) discover
[0.227s] Level 1:colcon.colcon_core.package_discovery:discover_packages(path) using defaults
[0.241s] Level 1:colcon.colcon_core.package_discovery:discover_packages(prefix_path) check parameters
[0.241s] Level 1:colcon.colcon_core.package_discovery:discover_packages(prefix_path) discover
[0.242s] Level 1:colcon.colcon_core.package_discovery:discover_packages(prefix_path) using defaults
[0.243s] Level 5:colcon.colcon_core.verb:set package 'allex_ces_idle_interaction' build argument 'cmake_args' from command line to 'None'
[0.243s] Level 5:colcon.colcon_core.verb:set package 'allex_ces_idle_interaction' build argument 'cmake_target' from command line to 'None'
[0.243s] Level 5:colcon.colcon_core.verb:set package 'allex_ces_idle_interaction' build argument 'cmake_target_skip_unavailable' from command line to 'False'
[0.243s] Level 5:colcon.colcon_core.verb:set package 'allex_ces_idle_interaction' build argument 'cmake_clean_cache' from command line to 'False'
[0.243s] Level 5:colcon.colcon_core.verb:set package 'allex_ces_idle_interaction' build argument 'cmake_clean_first' from command line to 'False'
[0.243s] Level 5:colcon.colcon_core.verb:set package 'allex_ces_idle_interaction' build argument 'cmake_force_configure' from command line to 'False'
[0.244s] Level 5:colcon.colcon_core.verb:set package 'allex_ces_idle_interaction' build argument 'ament_cmake_args' from command line to 'None'
[0.244s] Level 5:colcon.colcon_core.verb:set package 'allex_ces_idle_interaction' build argument 'catkin_cmake_args' from command line to 'None'
[0.244s] Level 5:colcon.colcon_core.verb:set package 'allex_ces_idle_interaction' build argument 'catkin_skip_building_tests' from command line to 'False'
[0.244s] DEBUG:colcon.colcon_core.verb:Building package 'allex_ces_idle_interaction' with the following arguments: {'ament_cmake_args': None, 'build_base': '/home/dgx_allex_one/allex_ces_idle_interaction_gui/build/allex_ces_idle_interaction', 'catkin_cmake_args': None, 'catkin_skip_building_tests': False, 'cmake_args': None, 'cmake_clean_cache': False, 'cmake_clean_first': False, 'cmake_force_configure': False, 'cmake_target': None, 'cmake_target_skip_unavailable': False, 'install_base': '/home/dgx_allex_one/allex_ces_idle_interaction_gui/install/allex_ces_idle_interaction', 'merge_install': False, 'path': '/home/dgx_allex_one/allex_ces_idle_interaction_gui/src/allex_ces_idle_interaction', 'symlink_install': True, 'test_result_base': None}
[0.244s] Level 5:colcon.colcon_core.verb:set package 'allex_testbed' build argument 'cmake_args' from command line to 'None'
[0.244s] Level 5:colcon.colcon_core.verb:set package 'allex_testbed' build argument 'cmake_target' from command line to 'None'
[0.244s] Level 5:colcon.colcon_core.verb:set package 'allex_testbed' build argument 'cmake_target_skip_unavailable' from command line to 'False'
[0.244s] Level 5:colcon.colcon_core.verb:set package 'allex_testbed' build argument 'cmake_clean_cache' from command line to 'False'
[0.244s] Level 5:colcon.colcon_core.verb:set package 'allex_testbed' build argument 'cmake_clean_first' from command line to 'False'
[0.244s] Level 5:colcon.colcon_core.verb:set package 'allex_testbed' build argument 'cmake_force_configure' from command line to 'False'
[0.244s] Level 5:colcon.colcon_core.verb:set package 'allex_testbed' build argument 'ament_cmake_args' from command line to 'None'
[0.244s] Level 5:colcon.colcon_core.verb:set package 'allex_testbed' build argument 'catkin_cmake_args' from command line to 'None'
[0.244s] Level 5:colcon.colcon_core.verb:set package 'allex_testbed' build argument 'catkin_skip_building_tests' from command line to 'False'
[0.244s] DEBUG:colcon.colcon_core.verb:Building package 'allex_testbed' with the following arguments: {'ament_cmake_args': None, 'build_base': '/home/dgx_allex_one/allex_ces_idle_interaction_gui/build/allex_testbed', 'catkin_cmake_args': None, 'catkin_skip_building_tests': False, 'cmake_args': None, 'cmake_clean_cache': False, 'cmake_clean_first': False, 'cmake_force_configure': False, 'cmake_target': None, 'cmake_target_skip_unavailable': False, 'install_base': '/home/dgx_allex_one/allex_ces_idle_interaction_gui/install/allex_testbed', 'merge_install': False, 'path': '/home/dgx_allex_one/allex_ces_idle_interaction_gui/src/allex_testbed', 'symlink_install': True, 'test_result_base': None}
[0.244s] INFO:colcon.colcon_core.executor:Executing jobs using 'parallel' executor
[0.245s] DEBUG:colcon.colcon_parallel_executor.executor.parallel:run_until_complete
[0.245s] INFO:colcon.colcon_ros.task.ament_python.build:Building ROS package in '/home/dgx_allex_one/allex_ces_idle_interaction_gui/src/allex_ces_idle_interaction' with build type 'ament_python'
[0.245s] Level 1:colcon.colcon_core.shell:create_environment_hook('allex_ces_idle_interaction', 'ament_prefix_path')
[0.249s] INFO:colcon.colcon_core.plugin_system:Skipping extension 'colcon_core.shell.bat': Not used on non-Windows systems
[0.249s] INFO:colcon.colcon_core.shell:Creating environment hook '/home/dgx_allex_one/allex_ces_idle_interaction_gui/install/allex_ces_idle_interaction/share/allex_ces_idle_interaction/hook/ament_prefix_path.ps1'
[0.250s] INFO:colcon.colcon_core.shell:Creating environment descriptor '/home/dgx_allex_one/allex_ces_idle_interaction_gui/install/allex_ces_idle_interaction/share/allex_ces_idle_interaction/hook/ament_prefix_path.dsv'
[0.250s] INFO:colcon.colcon_core.shell:Creating environment hook '/home/dgx_allex_one/allex_ces_idle_interaction_gui/install/allex_ces_idle_interaction/share/allex_ces_idle_interaction/hook/ament_prefix_path.sh'
[0.251s] INFO:colcon.colcon_core.shell:Skip shell extension 'powershell' for command environment: Not usable outside of PowerShell
[0.251s] DEBUG:colcon.colcon_core.shell:Skip shell extension 'dsv' for command environment
[0.251s] INFO:colcon.colcon_ros.task.ament_python.build:Building ROS package in '/home/dgx_allex_one/allex_ces_idle_interaction_gui/src/allex_testbed' with build type 'ament_python'
[0.251s] Level 1:colcon.colcon_core.shell:create_environment_hook('allex_testbed', 'ament_prefix_path')
[0.251s] INFO:colcon.colcon_core.shell:Creating environment hook '/home/dgx_allex_one/allex_ces_idle_interaction_gui/install/allex_testbed/share/allex_testbed/hook/ament_prefix_path.ps1'
[0.252s] INFO:colcon.colcon_core.shell:Creating environment descriptor '/home/dgx_allex_one/allex_ces_idle_interaction_gui/install/allex_testbed/share/allex_testbed/hook/ament_prefix_path.dsv'
[0.252s] INFO:colcon.colcon_core.shell:Creating environment hook '/home/dgx_allex_one/allex_ces_idle_interaction_gui/install/allex_testbed/share/allex_testbed/hook/ament_prefix_path.sh'
[0.252s] INFO:colcon.colcon_core.shell:Skip shell extension 'powershell' for command environment: Not usable outside of PowerShell
[0.252s] DEBUG:colcon.colcon_core.shell:Skip shell extension 'dsv' for command environment
[0.338s] INFO:colcon.colcon_core.task.python.build:Building Python package in '/home/dgx_allex_one/allex_ces_idle_interaction_gui/src/allex_ces_idle_interaction'
[0.338s] INFO:colcon.colcon_core.shell:Skip shell extension 'powershell' for command environment: Not usable outside of PowerShell
[0.338s] DEBUG:colcon.colcon_core.shell:Skip shell extension 'dsv' for command environment
[0.422s] INFO:colcon.colcon_core.task.python.build:Building Python package in '/home/dgx_allex_one/allex_ces_idle_interaction_gui/src/allex_testbed'
[0.422s] INFO:colcon.colcon_core.shell:Skip shell extension 'powershell' for command environment: Not usable outside of PowerShell
[0.422s] DEBUG:colcon.colcon_core.shell:Skip shell extension 'dsv' for command environment
[0.973s] DEBUG:colcon.colcon_core.event_handler.log_command:Invoking command in '/home/dgx_allex_one/allex_ces_idle_interaction_gui/build/allex_testbed': DEBUGINFOD_URLS=https://debuginfod.ubuntu.com PYTHONPATH=/home/dgx_allex_one/allex_ces_idle_interaction_gui/build/allex_testbed/prefix_override:/usr/lib/python3/dist-packages/colcon_core/task/python/colcon_distutils_commands:/home/dgx_allex_one/allex_ces_idle_interaction_gui/install/allex_testbed/lib/python3.12/site-packages: /usr/bin/python3 -W ignore:setup.py install is deprecated -W ignore:easy_install command is deprecated setup.py develop --editable --build-directory /home/dgx_allex_one/allex_ces_idle_interaction_gui/build/allex_testbed/build --no-deps symlink_data
[0.980s] DEBUG:colcon.colcon_core.event_handler.log_command:Invoking command in '/home/dgx_allex_one/allex_ces_idle_interaction_gui/build/allex_ces_idle_interaction': DEBUGINFOD_URLS=https://debuginfod.ubuntu.com PYTHONPATH=/home/dgx_allex_one/allex_ces_idle_interaction_gui/build/allex_ces_idle_interaction/prefix_override:/usr/lib/python3/dist-packages/colcon_core/task/python/colcon_distutils_commands:/home/dgx_allex_one/allex_ces_idle_interaction_gui/install/allex_ces_idle_interaction/lib/python3.12/site-packages: /usr/bin/python3 -W ignore:setup.py install is deprecated -W ignore:easy_install command is deprecated setup.py develop --editable --build-directory /home/dgx_allex_one/allex_ces_idle_interaction_gui/build/allex_ces_idle_interaction/build --no-deps symlink_data
[1.231s] Level 1:colcon.colcon_core.shell:create_environment_hook('allex_ces_idle_interaction', 'pythonpath_develop')
[1.231s] INFO:colcon.colcon_core.shell:Creating environment hook '/home/dgx_allex_one/allex_ces_idle_interaction_gui/build/allex_ces_idle_interaction/share/allex_ces_idle_interaction/hook/pythonpath_develop.ps1'
[1.232s] DEBUG:colcon.colcon_core.event_handler.log_command:Invoked command in '/home/dgx_allex_one/allex_ces_idle_interaction_gui/build/allex_ces_idle_interaction' returned '0': DEBUGINFOD_URLS=https://debuginfod.ubuntu.com PYTHONPATH=/home/dgx_allex_one/allex_ces_idle_interaction_gui/build/allex_ces_idle_interaction/prefix_override:/usr/lib/python3/dist-packages/colcon_core/task/python/colcon_distutils_commands:/home/dgx_allex_one/allex_ces_idle_interaction_gui/install/allex_ces_idle_interaction/lib/python3.12/site-packages: /usr/bin/python3 -W ignore:setup.py install is deprecated -W ignore:easy_install command is deprecated setup.py develop --editable --build-directory /home/dgx_allex_one/allex_ces_idle_interaction_gui/build/allex_ces_idle_interaction/build --no-deps symlink_data
[1.232s] INFO:colcon.colcon_core.shell:Creating environment descriptor '/home/dgx_allex_one/allex_ces_idle_interaction_gui/build/allex_ces_idle_interaction/share/allex_ces_idle_interaction/hook/pythonpath_develop.dsv'
[1.232s] INFO:colcon.colcon_core.shell:Creating environment hook '/home/dgx_allex_one/allex_ces_idle_interaction_gui/build/allex_ces_idle_interaction/share/allex_ces_idle_interaction/hook/pythonpath_develop.sh'
[1.240s] Level 1:colcon.colcon_core.environment:checking '/home/dgx_allex_one/allex_ces_idle_interaction_gui/install/allex_ces_idle_interaction' for CMake module files
[1.240s] Level 1:colcon.colcon_core.environment:checking '/home/dgx_allex_one/allex_ces_idle_interaction_gui/install/allex_ces_idle_interaction' for CMake config files
[1.241s] Level 1:colcon.colcon_core.environment:checking '/home/dgx_allex_one/allex_ces_idle_interaction_gui/install/allex_ces_idle_interaction/lib'
[1.241s] Level 1:colcon.colcon_core.environment:checking '/home/dgx_allex_one/allex_ces_idle_interaction_gui/install/allex_ces_idle_interaction/bin'
[1.241s] Level 1:colcon.colcon_core.environment:checking '/home/dgx_allex_one/allex_ces_idle_interaction_gui/install/allex_ces_idle_interaction/lib/pkgconfig/allex_ces_idle_interaction.pc'
[1.241s] Level 1:colcon.colcon_core.environment:checking '/home/dgx_allex_one/allex_ces_idle_interaction_gui/install/allex_ces_idle_interaction/lib/python3.12/site-packages'
[1.242s] Level 1:colcon.colcon_core.shell:create_environment_hook('allex_ces_idle_interaction', 'pythonpath')
[1.242s] INFO:colcon.colcon_core.shell:Creating environment hook '/home/dgx_allex_one/allex_ces_idle_interaction_gui/install/allex_ces_idle_interaction/share/allex_ces_idle_interaction/hook/pythonpath.ps1'
[1.242s] INFO:colcon.colcon_core.shell:Creating environment descriptor '/home/dgx_allex_one/allex_ces_idle_interaction_gui/install/allex_ces_idle_interaction/share/allex_ces_idle_interaction/hook/pythonpath.dsv'
[1.242s] INFO:colcon.colcon_core.shell:Creating environment hook '/home/dgx_allex_one/allex_ces_idle_interaction_gui/install/allex_ces_idle_interaction/share/allex_ces_idle_interaction/hook/pythonpath.sh'
[1.243s] Level 1:colcon.colcon_core.environment:checking '/home/dgx_allex_one/allex_ces_idle_interaction_gui/install/allex_ces_idle_interaction/bin'
[1.243s] Level 1:colcon.colcon_core.environment:create_environment_scripts_only(allex_ces_idle_interaction)
[1.243s] INFO:colcon.colcon_core.shell:Creating package script '/home/dgx_allex_one/allex_ces_idle_interaction_gui/install/allex_ces_idle_interaction/share/allex_ces_idle_interaction/package.ps1'
[1.244s] INFO:colcon.colcon_core.shell:Creating package descriptor '/home/dgx_allex_one/allex_ces_idle_interaction_gui/install/allex_ces_idle_interaction/share/allex_ces_idle_interaction/package.dsv'
[1.245s] INFO:colcon.colcon_core.shell:Creating package script '/home/dgx_allex_one/allex_ces_idle_interaction_gui/install/allex_ces_idle_interaction/share/allex_ces_idle_interaction/package.sh'
[1.246s] INFO:colcon.colcon_core.shell:Creating package script '/home/dgx_allex_one/allex_ces_idle_interaction_gui/install/allex_ces_idle_interaction/share/allex_ces_idle_interaction/package.bash'
[1.246s] INFO:colcon.colcon_core.shell:Creating package script '/home/dgx_allex_one/allex_ces_idle_interaction_gui/install/allex_ces_idle_interaction/share/allex_ces_idle_interaction/package.zsh'
[1.247s] Level 1:colcon.colcon_core.environment:create_file_with_runtime_dependencies(/home/dgx_allex_one/allex_ces_idle_interaction_gui/install/allex_ces_idle_interaction/share/colcon-core/packages/allex_ces_idle_interaction)
[1.249s] Level 1:colcon.colcon_core.shell:create_environment_hook('allex_testbed', 'pythonpath_develop')
[1.249s] INFO:colcon.colcon_core.shell:Creating environment hook '/home/dgx_allex_one/allex_ces_idle_interaction_gui/build/allex_testbed/share/allex_testbed/hook/pythonpath_develop.ps1'
[1.249s] DEBUG:colcon.colcon_core.event_handler.log_command:Invoked command in '/home/dgx_allex_one/allex_ces_idle_interaction_gui/build/allex_testbed' returned '0': DEBUGINFOD_URLS=https://debuginfod.ubuntu.com PYTHONPATH=/home/dgx_allex_one/allex_ces_idle_interaction_gui/build/allex_testbed/prefix_override:/usr/lib/python3/dist-packages/colcon_core/task/python/colcon_distutils_commands:/home/dgx_allex_one/allex_ces_idle_interaction_gui/install/allex_testbed/lib/python3.12/site-packages: /usr/bin/python3 -W ignore:setup.py install is deprecated -W ignore:easy_install command is deprecated setup.py develop --editable --build-directory /home/dgx_allex_one/allex_ces_idle_interaction_gui/build/allex_testbed/build --no-deps symlink_data
[1.250s] INFO:colcon.colcon_core.shell:Creating environment descriptor '/home/dgx_allex_one/allex_ces_idle_interaction_gui/build/allex_testbed/share/allex_testbed/hook/pythonpath_develop.dsv'
[1.250s] INFO:colcon.colcon_core.shell:Creating environment hook '/home/dgx_allex_one/allex_ces_idle_interaction_gui/build/allex_testbed/share/allex_testbed/hook/pythonpath_develop.sh'
[1.251s] Level 1:colcon.colcon_core.environment:checking '/home/dgx_allex_one/allex_ces_idle_interaction_gui/install/allex_testbed' for CMake module files
[1.251s] Level 1:colcon.colcon_core.environment:checking '/home/dgx_allex_one/allex_ces_idle_interaction_gui/install/allex_testbed' for CMake config files
[1.251s] Level 1:colcon.colcon_core.environment:checking '/home/dgx_allex_one/allex_ces_idle_interaction_gui/install/allex_testbed/lib'
[1.251s] Level 1:colcon.colcon_core.environment:checking '/home/dgx_allex_one/allex_ces_idle_interaction_gui/install/allex_testbed/bin'
[1.252s] Level 1:colcon.colcon_core.environment:checking '/home/dgx_allex_one/allex_ces_idle_interaction_gui/install/allex_testbed/lib/pkgconfig/allex_testbed.pc'
[1.252s] Level 1:colcon.colcon_core.environment:checking '/home/dgx_allex_one/allex_ces_idle_interaction_gui/install/allex_testbed/lib/python3.12/site-packages'
[1.252s] Level 1:colcon.colcon_core.shell:create_environment_hook('allex_testbed', 'pythonpath')
[1.252s] INFO:colcon.colcon_core.shell:Creating environment hook '/home/dgx_allex_one/allex_ces_idle_interaction_gui/install/allex_testbed/share/allex_testbed/hook/pythonpath.ps1'
[1.252s] INFO:colcon.colcon_core.shell:Creating environment descriptor '/home/dgx_allex_one/allex_ces_idle_interaction_gui/install/allex_testbed/share/allex_testbed/hook/pythonpath.dsv'
[1.253s] INFO:colcon.colcon_core.shell:Creating environment hook '/home/dgx_allex_one/allex_ces_idle_interaction_gui/install/allex_testbed/share/allex_testbed/hook/pythonpath.sh'
[1.253s] Level 1:colcon.colcon_core.environment:checking '/home/dgx_allex_one/allex_ces_idle_interaction_gui/install/allex_testbed/bin'
[1.253s] Level 1:colcon.colcon_core.environment:create_environment_scripts_only(allex_testbed)
[1.253s] INFO:colcon.colcon_core.shell:Creating package script '/home/dgx_allex_one/allex_ces_idle_interaction_gui/install/allex_testbed/share/allex_testbed/package.ps1'
[1.254s] INFO:colcon.colcon_core.shell:Creating package descriptor '/home/dgx_allex_one/allex_ces_idle_interaction_gui/install/allex_testbed/share/allex_testbed/package.dsv'
[1.254s] INFO:colcon.colcon_core.shell:Creating package script '/home/dgx_allex_one/allex_ces_idle_interaction_gui/install/allex_testbed/share/allex_testbed/package.sh'
[1.255s] INFO:colcon.colcon_core.shell:Creating package script '/home/dgx_allex_one/allex_ces_idle_interaction_gui/install/allex_testbed/share/allex_testbed/package.bash'
[1.255s] INFO:colcon.colcon_core.shell:Creating package script '/home/dgx_allex_one/allex_ces_idle_interaction_gui/install/allex_testbed/share/allex_testbed/package.zsh'
[1.255s] Level 1:colcon.colcon_core.environment:create_file_with_runtime_dependencies(/home/dgx_allex_one/allex_ces_idle_interaction_gui/install/allex_testbed/share/colcon-core/packages/allex_testbed)
[1.256s] DEBUG:colcon.colcon_parallel_executor.executor.parallel:closing loop
[1.256s] DEBUG:colcon.colcon_parallel_executor.executor.parallel:loop closed
[1.256s] DEBUG:colcon.colcon_parallel_executor.executor.parallel:run_until_complete finished with '0'
[1.256s] DEBUG:colcon.colcon_core.event_reactor:joining thread
[1.262s] INFO:colcon.colcon_core.plugin_system:Skipping extension 'colcon_notification.desktop_notification.terminal_notifier': Not used on non-Darwin systems
[1.262s] INFO:colcon.colcon_core.plugin_system:Skipping extension 'colcon_notification.desktop_notification.win32': Not used on non-Windows systems
[1.262s] INFO:colcon.colcon_notification.desktop_notification:Sending desktop notification using 'notify2'
[1.287s] DEBUG:colcon.colcon_core.event_reactor:joined thread
[1.287s] INFO:colcon.colcon_core.shell:Creating prefix script '/home/dgx_allex_one/allex_ces_idle_interaction_gui/install/local_setup.ps1'
[1.288s] INFO:colcon.colcon_core.shell:Creating prefix util module '/home/dgx_allex_one/allex_ces_idle_interaction_gui/install/_local_setup_util_ps1.py'
[1.289s] INFO:colcon.colcon_core.shell:Creating prefix chain script '/home/dgx_allex_one/allex_ces_idle_interaction_gui/install/setup.ps1'
[1.290s] INFO:colcon.colcon_core.shell:Creating prefix script '/home/dgx_allex_one/allex_ces_idle_interaction_gui/install/local_setup.sh'
[1.290s] INFO:colcon.colcon_core.shell:Creating prefix util module '/home/dgx_allex_one/allex_ces_idle_interaction_gui/install/_local_setup_util_sh.py'
[1.291s] INFO:colcon.colcon_core.shell:Creating prefix chain script '/home/dgx_allex_one/allex_ces_idle_interaction_gui/install/setup.sh'
[1.293s] INFO:colcon.colcon_core.shell:Creating prefix script '/home/dgx_allex_one/allex_ces_idle_interaction_gui/install/local_setup.bash'
[1.294s] INFO:colcon.colcon_core.shell:Creating prefix chain script '/home/dgx_allex_one/allex_ces_idle_interaction_gui/install/setup.bash'
[1.294s] INFO:colcon.colcon_core.shell:Creating prefix script '/home/dgx_allex_one/allex_ces_idle_interaction_gui/install/local_setup.zsh'
[1.295s] INFO:colcon.colcon_core.shell:Creating prefix chain script '/home/dgx_allex_one/allex_ces_idle_interaction_gui/install/setup.zsh'
