running develop
running egg_info
creating irim_doio_macro_panel.egg-info
writing irim_doio_macro_panel.egg-info/PKG-INFO
writing dependency_links to irim_doio_macro_panel.egg-info/dependency_links.txt
writing entry points to irim_doio_macro_panel.egg-info/entry_points.txt
writing requirements to irim_doio_macro_panel.egg-info/requires.txt
writing top-level names to irim_doio_macro_panel.egg-info/top_level.txt
writing manifest file 'irim_doio_macro_panel.egg-info/SOURCES.txt'
reading manifest file 'irim_doio_macro_panel.egg-info/SOURCES.txt'
writing manifest file 'irim_doio_macro_panel.egg-info/SOURCES.txt'
running build_ext
Creating /home/dgx_allex_one/allex_ces_idle_interaction_gui/install/irim_doio_macro_panel/lib/python3.12/site-packages/irim-doio-macro-panel.egg-link (link to .)
Installing doio_macro_panel script to /home/dgx_allex_one/allex_ces_idle_interaction_gui/install/irim_doio_macro_panel/lib/irim_doio_macro_panel

Installed /home/dgx_allex_one/allex_ces_idle_interaction_gui/build/irim_doio_macro_panel
running symlink_data
creating /home/dgx_allex_one/allex_ces_idle_interaction_gui/install/irim_doio_macro_panel/share/ament_index
creating /home/dgx_allex_one/allex_ces_idle_interaction_gui/install/irim_doio_macro_panel/share/ament_index/resource_index
creating /home/dgx_allex_one/allex_ces_idle_interaction_gui/install/irim_doio_macro_panel/share/ament_index/resource_index/packages
symbolically linking /home/dgx_allex_one/allex_ces_idle_interaction_gui/build/irim_doio_macro_panel/resource/irim_doio_macro_panel -> /home/dgx_allex_one/allex_ces_idle_interaction_gui/install/irim_doio_macro_panel/share/ament_index/resource_index/packages
symbolically linking /home/dgx_allex_one/allex_ces_idle_interaction_gui/build/irim_doio_macro_panel/package.xml -> /home/dgx_allex_one/allex_ces_idle_interaction_gui/install/irim_doio_macro_panel/share/irim_doio_macro_panel
creating /home/dgx_allex_one/allex_ces_idle_interaction_gui/install/irim_doio_macro_panel/share/irim_doio_macro_panel/config
symbolically linking /home/dgx_allex_one/allex_ces_idle_interaction_gui/build/irim_doio_macro_panel/config/default_mapping.json -> /home/dgx_allex_one/allex_ces_idle_interaction_gui/install/irim_doio_macro_panel/share/irim_doio_macro_panel/config
creating /home/dgx_allex_one/allex_ces_idle_interaction_gui/install/irim_doio_macro_panel/share/irim_doio_macro_panel/launch
symbolically linking /home/dgx_allex_one/allex_ces_idle_interaction_gui/build/irim_doio_macro_panel/launch/doio_macro_panel.launch.py -> /home/dgx_allex_one/allex_ces_idle_interaction_gui/install/irim_doio_macro_panel/share/irim_doio_macro_panel/launch
