[0.783s] Invoking command in '/home/dgx_allex_one/allex_ces_idle_interaction_gui/build/irim_doio_macro_panel': DEBUGINFOD_URLS=https://debuginfod.ubuntu.com PYTHONPATH=/home/dgx_allex_one/allex_ces_idle_interaction_gui/build/irim_doio_macro_panel/prefix_override:/usr/lib/python3/dist-packages/colcon_core/task/python/colcon_distutils_commands:/home/dgx_allex_one/allex_ces_idle_interaction_gui/install/irim_doio_macro_panel/lib/python3.12/site-packages:${PYTHONPATH} /usr/bin/python3 -W ignore:setup.py install is deprecated -W ignore:easy_install command is deprecated setup.py develop --editable --build-directory /home/dgx_allex_one/allex_ces_idle_interaction_gui/build/irim_doio_macro_panel/build --no-deps symlink_data
[0.923s] running develop
[1.007s] running egg_info
[1.007s] creating irim_doio_macro_panel.egg-info
[1.015s] writing irim_doio_macro_panel.egg-info/PKG-INFO
[1.015s] writing dependency_links to irim_doio_macro_panel.egg-info/dependency_links.txt
[1.016s] writing entry points to irim_doio_macro_panel.egg-info/entry_points.txt
[1.016s] writing requirements to irim_doio_macro_panel.egg-info/requires.txt
[1.016s] writing top-level names to irim_doio_macro_panel.egg-info/top_level.txt
[1.016s] writing manifest file 'irim_doio_macro_panel.egg-info/SOURCES.txt'
[1.032s] reading manifest file 'irim_doio_macro_panel.egg-info/SOURCES.txt'
[1.033s] writing manifest file 'irim_doio_macro_panel.egg-info/SOURCES.txt'
[1.066s] running build_ext
[1.066s] Creating /home/dgx_allex_one/allex_ces_idle_interaction_gui/install/irim_doio_macro_panel/lib/python3.12/site-packages/irim-doio-macro-panel.egg-link (link to .)
[1.066s] Installing doio_macro_panel script to /home/dgx_allex_one/allex_ces_idle_interaction_gui/install/irim_doio_macro_panel/lib/irim_doio_macro_panel
[1.067s] 
[1.067s] Installed /home/dgx_allex_one/allex_ces_idle_interaction_gui/build/irim_doio_macro_panel
[1.067s] running symlink_data
[1.067s] creating /home/dgx_allex_one/allex_ces_idle_interaction_gui/install/irim_doio_macro_panel/share/ament_index
[1.067s] creating /home/dgx_allex_one/allex_ces_idle_interaction_gui/install/irim_doio_macro_panel/share/ament_index/resource_index
[1.067s] creating /home/dgx_allex_one/allex_ces_idle_interaction_gui/install/irim_doio_macro_panel/share/ament_index/resource_index/packages
[1.067s] symbolically linking /home/dgx_allex_one/allex_ces_idle_interaction_gui/build/irim_doio_macro_panel/resource/irim_doio_macro_panel -> /home/dgx_allex_one/allex_ces_idle_interaction_gui/install/irim_doio_macro_panel/share/ament_index/resource_index/packages
[1.067s] symbolically linking /home/dgx_allex_one/allex_ces_idle_interaction_gui/build/irim_doio_macro_panel/package.xml -> /home/dgx_allex_one/allex_ces_idle_interaction_gui/install/irim_doio_macro_panel/share/irim_doio_macro_panel
[1.067s] creating /home/dgx_allex_one/allex_ces_idle_interaction_gui/install/irim_doio_macro_panel/share/irim_doio_macro_panel/config
[1.068s] symbolically linking /home/dgx_allex_one/allex_ces_idle_interaction_gui/build/irim_doio_macro_panel/config/default_mapping.json -> /home/dgx_allex_one/allex_ces_idle_interaction_gui/install/irim_doio_macro_panel/share/irim_doio_macro_panel/config
[1.068s] creating /home/dgx_allex_one/allex_ces_idle_interaction_gui/install/irim_doio_macro_panel/share/irim_doio_macro_panel/launch
[1.068s] symbolically linking /home/dgx_allex_one/allex_ces_idle_interaction_gui/build/irim_doio_macro_panel/launch/doio_macro_panel.launch.py -> /home/dgx_allex_one/allex_ces_idle_interaction_gui/install/irim_doio_macro_panel/share/irim_doio_macro_panel/launch
[1.091s] Invoked command in '/home/dgx_allex_one/allex_ces_idle_interaction_gui/build/irim_doio_macro_panel' returned '0': DEBUGINFOD_URLS=https://debuginfod.ubuntu.com PYTHONPATH=/home/dgx_allex_one/allex_ces_idle_interaction_gui/build/irim_doio_macro_panel/prefix_override:/usr/lib/python3/dist-packages/colcon_core/task/python/colcon_distutils_commands:/home/dgx_allex_one/allex_ces_idle_interaction_gui/install/irim_doio_macro_panel/lib/python3.12/site-packages:${PYTHONPATH} /usr/bin/python3 -W ignore:setup.py install is deprecated -W ignore:easy_install command is deprecated setup.py develop --editable --build-directory /home/dgx_allex_one/allex_ces_idle_interaction_gui/build/irim_doio_macro_panel/build --no-deps symlink_data
