[0.050s] [34mcolcon[0m [1;30mDEBUG[0m [32mCommand line arguments: ['/usr/bin/colcon', 'build', '--symlink-install'][0m
[0.050s] [34mcolcon[0m [1;30mDEBUG[0m [32mParsed command line arguments: Namespace(log_base=None, log_level=None, verb_name='build', build_base='build', install_base='install', merge_install=False, symlink_install=True, test_result_base=None, continue_on_error=False, executor='parallel', parallel_workers=20, event_handlers=None, ignore_user_meta=False, metas=['./colcon.meta'], base_paths=['.'], packages_ignore=None, packages_ignore_regex=None, paths=None, packages_up_to=None, packages_up_to_regex=None, packages_above=None, packages_above_and_dependencies=None, packages_above_depth=None, packages_select_by_dep=None, packages_skip_by_dep=None, packages_skip_up_to=None, packages_select_build_failed=False, packages_skip_build_finished=False, packages_select_test_failures=False, packages_skip_test_passed=False, packages_select=None, packages_skip=None, packages_select_regex=None, packages_skip_regex=None, packages_start=None, packages_end=None, allow_overriding=[], cmake_args=None, cmake_target=None, cmake_target_skip_unavailable=False, cmake_clean_cache=False, cmake_clean_first=False, cmake_force_configure=False, ament_cmake_args=None, catkin_cmake_args=None, catkin_skip_building_tests=False, mixin_files=None, mixin=None, verb_parser=<colcon_mixin.mixin.mixin_argument.MixinArgumentDecorator object at 0xffb390544770>, verb_extension=<colcon_core.verb.build.BuildVerb object at 0xffb390766630>, main=<bound method BuildVerb.main of <colcon_core.verb.build.BuildVerb object at 0xffb390766630>>, mixin_verb=('build',))[0m
[0.066s] [34mcolcon.colcon_core.package_discovery[0m [1;30mLevel 1[0m discover_packages(colcon_meta) check parameters
[0.066s] [34mcolcon.colcon_core.package_discovery[0m [1;30mLevel 1[0m discover_packages(recursive) check parameters
[0.066s] [34mcolcon.colcon_core.package_discovery[0m [1;30mLevel 1[0m discover_packages(ignore) check parameters
[0.066s] [34mcolcon.colcon_core.package_discovery[0m [1;30mLevel 1[0m discover_packages(path) check parameters
[0.066s] [34mcolcon.colcon_core.package_discovery[0m [1;30mLevel 1[0m discover_packages(colcon_meta) discover
[0.066s] [34mcolcon.colcon_core.package_discovery[0m [1;30mLevel 1[0m discover_packages(recursive) discover
[0.066s] [34mcolcon.colcon_core.package_discovery[0m [1;30mINFO[0m Crawling recursively for packages in '/home/dgx_allex_one/allex_ces_idle_interaction_gui'
[0.066s] [34mcolcon.colcon_core.package_identification[0m [1;30mLevel 1[0m _identify(.) by extensions ['ignore', 'ignore_ament_install']
[0.066s] [34mcolcon.colcon_core.package_identification[0m [1;30mLevel 1[0m _identify(.) by extension 'ignore'
[0.066s] [34mcolcon.colcon_core.package_identification[0m [1;30mLevel 1[0m _identify(.) by extension 'ignore_ament_install'
[0.066s] [34mcolcon.colcon_core.package_identification[0m [1;30mLevel 1[0m _identify(.) by extensions ['colcon_pkg']
[0.066s] [34mcolcon.colcon_core.package_identification[0m [1;30mLevel 1[0m _identify(.) by extension 'colcon_pkg'
[0.066s] [34mcolcon.colcon_core.package_identification[0m [1;30mLevel 1[0m _identify(.) by extensions ['colcon_meta']
[0.066s] [34mcolcon.colcon_core.package_identification[0m [1;30mLevel 1[0m _identify(.) by extension 'colcon_meta'
[0.066s] [34mcolcon.colcon_core.package_identification[0m [1;30mLevel 1[0m _identify(.) by extensions ['ros']
[0.066s] [34mcolcon.colcon_core.package_identification[0m [1;30mLevel 1[0m _identify(.) by extension 'ros'
[0.077s] [34mcolcon.colcon_core.package_identification[0m [1;30mLevel 1[0m _identify(.) by extensions ['cmake', 'python']
[0.077s] [34mcolcon.colcon_core.package_identification[0m [1;30mLevel 1[0m _identify(.) by extension 'cmake'
[0.077s] [34mcolcon.colcon_core.package_identification[0m [1;30mLevel 1[0m _identify(.) by extension 'python'
[0.077s] [34mcolcon.colcon_core.package_identification[0m [1;30mLevel 1[0m _identify(.) by extensions ['python_setup_py']
[0.077s] [34mcolcon.colcon_core.package_identification[0m [1;30mLevel 1[0m _identify(.) by extension 'python_setup_py'
[0.077s] [34mcolcon.colcon_core.package_identification[0m [1;30mLevel 1[0m _identify(build) by extensions ['ignore', 'ignore_ament_install']
[0.077s] [34mcolcon.colcon_core.package_identification[0m [1;30mLevel 1[0m _identify(build) by extension 'ignore'
[0.077s] [34mcolcon.colcon_core.package_identification[0m [1;30mLevel 1[0m _identify(build) ignored
[0.077s] [34mcolcon.colcon_core.package_identification[0m [1;30mLevel 1[0m _identify(config) by extensions ['ignore', 'ignore_ament_install']
[0.077s] [34mcolcon.colcon_core.package_identification[0m [1;30mLevel 1[0m _identify(config) by extension 'ignore'
[0.077s] [34mcolcon.colcon_core.package_identification[0m [1;30mLevel 1[0m _identify(config) by extension 'ignore_ament_install'
[0.077s] [34mcolcon.colcon_core.package_identification[0m [1;30mLevel 1[0m _identify(config) by extensions ['colcon_pkg']
[0.077s] [34mcolcon.colcon_core.package_identification[0m [1;30mLevel 1[0m _identify(config) by extension 'colcon_pkg'
[0.077s] [34mcolcon.colcon_core.package_identification[0m [1;30mLevel 1[0m _identify(config) by extensions ['colcon_meta']
[0.077s] [34mcolcon.colcon_core.package_identification[0m [1;30mLevel 1[0m _identify(config) by extension 'colcon_meta'
[0.077s] [34mcolcon.colcon_core.package_identification[0m [1;30mLevel 1[0m _identify(config) by extensions ['ros']
[0.077s] [34mcolcon.colcon_core.package_identification[0m [1;30mLevel 1[0m _identify(config) by extension 'ros'
[0.077s] [34mcolcon.colcon_core.package_identification[0m [1;30mLevel 1[0m _identify(config) by extensions ['cmake', 'python']
[0.077s] [34mcolcon.colcon_core.package_identification[0m [1;30mLevel 1[0m _identify(config) by extension 'cmake'
[0.077s] [34mcolcon.colcon_core.package_identification[0m [1;30mLevel 1[0m _identify(config) by extension 'python'
[0.077s] [34mcolcon.colcon_core.package_identification[0m [1;30mLevel 1[0m _identify(config) by extensions ['python_setup_py']
[0.077s] [34mcolcon.colcon_core.package_identification[0m [1;30mLevel 1[0m _identify(config) by extension 'python_setup_py'
[0.078s] [34mcolcon.colcon_core.package_identification[0m [1;30mLevel 1[0m _identify(install) by extensions ['ignore', 'ignore_ament_install']
[0.078s] [34mcolcon.colcon_core.package_identification[0m [1;30mLevel 1[0m _identify(install) by extension 'ignore'
[0.078s] [34mcolcon.colcon_core.package_identification[0m [1;30mLevel 1[0m _identify(install) ignored
[0.078s] [34mcolcon.colcon_core.package_identification[0m [1;30mLevel 1[0m _identify(log) by extensions ['ignore', 'ignore_ament_install']
[0.078s] [34mcolcon.colcon_core.package_identification[0m [1;30mLevel 1[0m _identify(log) by extension 'ignore'
[0.078s] [34mcolcon.colcon_core.package_identification[0m [1;30mLevel 1[0m _identify(log) ignored
[0.078s] [34mcolcon.colcon_core.package_identification[0m [1;30mLevel 1[0m _identify(src) by extensions ['ignore', 'ignore_ament_install']
[0.078s] [34mcolcon.colcon_core.package_identification[0m [1;30mLevel 1[0m _identify(src) by extension 'ignore'
[0.078s] [34mcolcon.colcon_core.package_identification[0m [1;30mLevel 1[0m _identify(src) by extension 'ignore_ament_install'
[0.078s] [34mcolcon.colcon_core.package_identification[0m [1;30mLevel 1[0m _identify(src) by extensions ['colcon_pkg']
[0.078s] [34mcolcon.colcon_core.package_identification[0m [1;30mLevel 1[0m _identify(src) by extension 'colcon_pkg'
[0.078s] [34mcolcon.colcon_core.package_identification[0m [1;30mLevel 1[0m _identify(src) by extensions ['colcon_meta']
[0.078s] [34mcolcon.colcon_core.package_identification[0m [1;30mLevel 1[0m _identify(src) by extension 'colcon_meta'
[0.078s] [34mcolcon.colcon_core.package_identification[0m [1;30mLevel 1[0m _identify(src) by extensions ['ros']
[0.078s] [34mcolcon.colcon_core.package_identification[0m [1;30mLevel 1[0m _identify(src) by extension 'ros'
[0.078s] [34mcolcon.colcon_core.package_identification[0m [1;30mLevel 1[0m _identify(src) by extensions ['cmake', 'python']
[0.078s] [34mcolcon.colcon_core.package_identification[0m [1;30mLevel 1[0m _identify(src) by extension 'cmake'
[0.078s] [34mcolcon.colcon_core.package_identification[0m [1;30mLevel 1[0m _identify(src) by extension 'python'
[0.078s] [34mcolcon.colcon_core.package_identification[0m [1;30mLevel 1[0m _identify(src) by extensions ['python_setup_py']
[0.078s] [34mcolcon.colcon_core.package_identification[0m [1;30mLevel 1[0m _identify(src) by extension 'python_setup_py'
[0.078s] [34mcolcon.colcon_core.package_identification[0m [1;30mLevel 1[0m _identify(src/OrbbecSDK_ROS2) by extensions ['ignore', 'ignore_ament_install']
[0.078s] [34mcolcon.colcon_core.package_identification[0m [1;30mLevel 1[0m _identify(src/OrbbecSDK_ROS2) by extension 'ignore'
[0.078s] [34mcolcon.colcon_core.package_identification[0m [1;30mLevel 1[0m _identify(src/OrbbecSDK_ROS2) by extension 'ignore_ament_install'
[0.078s] [34mcolcon.colcon_core.package_identification[0m [1;30mLevel 1[0m _identify(src/OrbbecSDK_ROS2) by extensions ['colcon_pkg']
[0.078s] [34mcolcon.colcon_core.package_identification[0m [1;30mLevel 1[0m _identify(src/OrbbecSDK_ROS2) by extension 'colcon_pkg'
[0.078s] [34mcolcon.colcon_core.package_identification[0m [1;30mLevel 1[0m _identify(src/OrbbecSDK_ROS2) by extensions ['colcon_meta']
[0.078s] [34mcolcon.colcon_core.package_identification[0m [1;30mLevel 1[0m _identify(src/OrbbecSDK_ROS2) by extension 'colcon_meta'
[0.078s] [34mcolcon.colcon_core.package_identification[0m [1;30mLevel 1[0m _identify(src/OrbbecSDK_ROS2) by extensions ['ros']
[0.078s] [34mcolcon.colcon_core.package_identification[0m [1;30mLevel 1[0m _identify(src/OrbbecSDK_ROS2) by extension 'ros'
[0.078s] [34mcolcon.colcon_core.package_identification[0m [1;30mLevel 1[0m _identify(src/OrbbecSDK_ROS2) by extensions ['cmake', 'python']
[0.078s] [34mcolcon.colcon_core.package_identification[0m [1;30mLevel 1[0m _identify(src/OrbbecSDK_ROS2) by extension 'cmake'
[0.078s] [34mcolcon.colcon_core.package_identification[0m [1;30mLevel 1[0m _identify(src/OrbbecSDK_ROS2) by extension 'python'
[0.078s] [34mcolcon.colcon_core.package_identification[0m [1;30mLevel 1[0m _identify(src/OrbbecSDK_ROS2) by extensions ['python_setup_py']
[0.078s] [34mcolcon.colcon_core.package_identification[0m [1;30mLevel 1[0m _identify(src/OrbbecSDK_ROS2) by extension 'python_setup_py'
[0.078s] [34mcolcon.colcon_core.package_identification[0m [1;30mLevel 1[0m _identify(src/allex_ces_idle_interaction) by extensions ['ignore', 'ignore_ament_install']
[0.078s] [34mcolcon.colcon_core.package_identification[0m [1;30mLevel 1[0m _identify(src/allex_ces_idle_interaction) by extension 'ignore'
[0.078s] [34mcolcon.colcon_core.package_identification[0m [1;30mLevel 1[0m _identify(src/allex_ces_idle_interaction) by extension 'ignore_ament_install'
[0.078s] [34mcolcon.colcon_core.package_identification[0m [1;30mLevel 1[0m _identify(src/allex_ces_idle_interaction) by extensions ['colcon_pkg']
[0.078s] [34mcolcon.colcon_core.package_identification[0m [1;30mLevel 1[0m _identify(src/allex_ces_idle_interaction) by extension 'colcon_pkg'
[0.078s] [34mcolcon.colcon_core.package_identification[0m [1;30mLevel 1[0m _identify(src/allex_ces_idle_interaction) by extensions ['colcon_meta']
[0.078s] [34mcolcon.colcon_core.package_identification[0m [1;30mLevel 1[0m _identify(src/allex_ces_idle_interaction) by extension 'colcon_meta'
[0.078s] [34mcolcon.colcon_core.package_identification[0m [1;30mLevel 1[0m _identify(src/allex_ces_idle_interaction) by extensions ['ros']
[0.078s] [34mcolcon.colcon_core.package_identification[0m [1;30mLevel 1[0m _identify(src/allex_ces_idle_interaction) by extension 'ros'
[0.079s] [34mcolcon.colcon_core.package_identification[0m [1;30mDEBUG[0m [32mPackage 'src/allex_ces_idle_interaction' with type 'ros.ament_python' and name 'allex_ces_idle_interaction'[0m
[0.079s] [34mcolcon.colcon_core.package_identification[0m [1;30mLevel 1[0m _identify(src/allex_testbed) by extensions ['ignore', 'ignore_ament_install']
[0.079s] [34mcolcon.colcon_core.package_identification[0m [1;30mLevel 1[0m _identify(src/allex_testbed) by extension 'ignore'
[0.079s] [34mcolcon.colcon_core.package_identification[0m [1;30mLevel 1[0m _identify(src/allex_testbed) by extension 'ignore_ament_install'
[0.079s] [34mcolcon.colcon_core.package_identification[0m [1;30mLevel 1[0m _identify(src/allex_testbed) by extensions ['colcon_pkg']
[0.079s] [34mcolcon.colcon_core.package_identification[0m [1;30mLevel 1[0m _identify(src/allex_testbed) by extension 'colcon_pkg'
[0.079s] [34mcolcon.colcon_core.package_identification[0m [1;30mLevel 1[0m _identify(src/allex_testbed) by extensions ['colcon_meta']
[0.079s] [34mcolcon.colcon_core.package_identification[0m [1;30mLevel 1[0m _identify(src/allex_testbed) by extension 'colcon_meta'
[0.079s] [34mcolcon.colcon_core.package_identification[0m [1;30mLevel 1[0m _identify(src/allex_testbed) by extensions ['ros']
[0.079s] [34mcolcon.colcon_core.package_identification[0m [1;30mLevel 1[0m _identify(src/allex_testbed) by extension 'ros'
[0.080s] [34mcolcon.colcon_core.package_identification[0m [1;30mDEBUG[0m [32mPackage 'src/allex_testbed' with type 'ros.ament_python' and name 'allex_testbed'[0m
[0.080s] [34mcolcon.colcon_core.package_identification[0m [1;30mLevel 1[0m _identify(src/irim_control_panel_n_dashboard) by extensions ['ignore', 'ignore_ament_install']
[0.080s] [34mcolcon.colcon_core.package_identification[0m [1;30mLevel 1[0m _identify(src/irim_control_panel_n_dashboard) by extension 'ignore'
[0.080s] [34mcolcon.colcon_core.package_identification[0m [1;30mLevel 1[0m _identify(src/irim_control_panel_n_dashboard) by extension 'ignore_ament_install'
[0.080s] [34mcolcon.colcon_core.package_identification[0m [1;30mLevel 1[0m _identify(src/irim_control_panel_n_dashboard) by extensions ['colcon_pkg']
[0.080s] [34mcolcon.colcon_core.package_identification[0m [1;30mLevel 1[0m _identify(src/irim_control_panel_n_dashboard) by extension 'colcon_pkg'
[0.080s] [34mcolcon.colcon_core.package_identification[0m [1;30mLevel 1[0m _identify(src/irim_control_panel_n_dashboard) by extensions ['colcon_meta']
[0.080s] [34mcolcon.colcon_core.package_identification[0m [1;30mLevel 1[0m _identify(src/irim_control_panel_n_dashboard) by extension 'colcon_meta'
[0.080s] [34mcolcon.colcon_core.package_identification[0m [1;30mLevel 1[0m _identify(src/irim_control_panel_n_dashboard) by extensions ['ros']
[0.080s] [34mcolcon.colcon_core.package_identification[0m [1;30mLevel 1[0m _identify(src/irim_control_panel_n_dashboard) by extension 'ros'
[0.080s] [34mcolcon.colcon_core.package_identification[0m [1;30mDEBUG[0m [32mPackage 'src/irim_control_panel_n_dashboard' with type 'ros.ament_python' and name 'irim_control_panel_n_dashboard'[0m
[0.080s] [34mcolcon.colcon_core.package_identification[0m [1;30mLevel 1[0m _identify(src/irim_doio_macro_panel) by extensions ['ignore', 'ignore_ament_install']
[0.080s] [34mcolcon.colcon_core.package_identification[0m [1;30mLevel 1[0m _identify(src/irim_doio_macro_panel) by extension 'ignore'
[0.080s] [34mcolcon.colcon_core.package_identification[0m [1;30mLevel 1[0m _identify(src/irim_doio_macro_panel) by extension 'ignore_ament_install'
[0.080s] [34mcolcon.colcon_core.package_identification[0m [1;30mLevel 1[0m _identify(src/irim_doio_macro_panel) by extensions ['colcon_pkg']
[0.080s] [34mcolcon.colcon_core.package_identification[0m [1;30mLevel 1[0m _identify(src/irim_doio_macro_panel) by extension 'colcon_pkg'
[0.080s] [34mcolcon.colcon_core.package_identification[0m [1;30mLevel 1[0m _identify(src/irim_doio_macro_panel) by extensions ['colcon_meta']
[0.080s] [34mcolcon.colcon_core.package_identification[0m [1;30mLevel 1[0m _identify(src/irim_doio_macro_panel) by extension 'colcon_meta'
[0.080s] [34mcolcon.colcon_core.package_identification[0m [1;30mLevel 1[0m _identify(src/irim_doio_macro_panel) by extensions ['ros']
[0.080s] [34mcolcon.colcon_core.package_identification[0m [1;30mLevel 1[0m _identify(src/irim_doio_macro_panel) by extension 'ros'
[0.080s] [34mcolcon.colcon_core.package_identification[0m [1;30mDEBUG[0m [32mPackage 'src/irim_doio_macro_panel' with type 'ros.ament_python' and name 'irim_doio_macro_panel'[0m
[0.080s] [34mcolcon.colcon_core.package_discovery[0m [1;30mLevel 1[0m discover_packages(recursive) using defaults
[0.080s] [34mcolcon.colcon_core.package_discovery[0m [1;30mLevel 1[0m discover_packages(ignore) discover
[0.080s] [34mcolcon.colcon_core.package_discovery[0m [1;30mLevel 1[0m discover_packages(ignore) using defaults
[0.080s] [34mcolcon.colcon_core.package_discovery[0m [1;30mLevel 1[0m discover_packages(path) discover
[0.080s] [34mcolcon.colcon_core.package_discovery[0m [1;30mLevel 1[0m discover_packages(path) using defaults
[0.087s] [34mcolcon.colcon_core.package_discovery[0m [1;30mLevel 1[0m discover_packages(prefix_path) check parameters
[0.087s] [34mcolcon.colcon_core.package_discovery[0m [1;30mLevel 1[0m discover_packages(prefix_path) discover
[0.088s] [34mcolcon.colcon_installed_package_information.package_discovery[0m [1;30mDEBUG[0m [32mFound 4 installed packages in /home/dgx_allex_one/allex_ces_idle_interaction_gui/install[0m
[0.089s] [34mcolcon.colcon_installed_package_information.package_discovery[0m [1;30mDEBUG[0m [32mFound 297 installed packages in /opt/ros/jazzy[0m
[0.089s] [34mcolcon.colcon_core.package_discovery[0m [1;30mLevel 1[0m discover_packages(prefix_path) using defaults
[0.106s] [34mcolcon.colcon_core.verb[0m [1;30mLevel 5[0m set package 'allex_ces_idle_interaction' build argument 'cmake_args' from command line to 'None'
[0.106s] [34mcolcon.colcon_core.verb[0m [1;30mLevel 5[0m set package 'allex_ces_idle_interaction' build argument 'cmake_target' from command line to 'None'
[0.106s] [34mcolcon.colcon_core.verb[0m [1;30mLevel 5[0m set package 'allex_ces_idle_interaction' build argument 'cmake_target_skip_unavailable' from command line to 'False'
[0.106s] [34mcolcon.colcon_core.verb[0m [1;30mLevel 5[0m set package 'allex_ces_idle_interaction' build argument 'cmake_clean_cache' from command line to 'False'
[0.106s] [34mcolcon.colcon_core.verb[0m [1;30mLevel 5[0m set package 'allex_ces_idle_interaction' build argument 'cmake_clean_first' from command line to 'False'
[0.106s] [34mcolcon.colcon_core.verb[0m [1;30mLevel 5[0m set package 'allex_ces_idle_interaction' build argument 'cmake_force_configure' from command line to 'False'
[0.106s] [34mcolcon.colcon_core.verb[0m [1;30mLevel 5[0m set package 'allex_ces_idle_interaction' build argument 'ament_cmake_args' from command line to 'None'
[0.106s] [34mcolcon.colcon_core.verb[0m [1;30mLevel 5[0m set package 'allex_ces_idle_interaction' build argument 'catkin_cmake_args' from command line to 'None'
[0.106s] [34mcolcon.colcon_core.verb[0m [1;30mLevel 5[0m set package 'allex_ces_idle_interaction' build argument 'catkin_skip_building_tests' from command line to 'False'
[0.106s] [34mcolcon.colcon_core.verb[0m [1;30mDEBUG[0m [32mBuilding package 'allex_ces_idle_interaction' with the following arguments: {'ament_cmake_args': None, 'build_base': '/home/dgx_allex_one/allex_ces_idle_interaction_gui/build/allex_ces_idle_interaction', 'catkin_cmake_args': None, 'catkin_skip_building_tests': False, 'cmake_args': None, 'cmake_clean_cache': False, 'cmake_clean_first': False, 'cmake_force_configure': False, 'cmake_target': None, 'cmake_target_skip_unavailable': False, 'install_base': '/home/dgx_allex_one/allex_ces_idle_interaction_gui/install/allex_ces_idle_interaction', 'merge_install': False, 'path': '/home/dgx_allex_one/allex_ces_idle_interaction_gui/src/allex_ces_idle_interaction', 'symlink_install': True, 'test_result_base': None}[0m
[0.106s] [34mcolcon.colcon_core.verb[0m [1;30mLevel 5[0m set package 'allex_testbed' build argument 'cmake_args' from command line to 'None'
[0.106s] [34mcolcon.colcon_core.verb[0m [1;30mLevel 5[0m set package 'allex_testbed' build argument 'cmake_target' from command line to 'None'
[0.106s] [34mcolcon.colcon_core.verb[0m [1;30mLevel 5[0m set package 'allex_testbed' build argument 'cmake_target_skip_unavailable' from command line to 'False'
[0.106s] [34mcolcon.colcon_core.verb[0m [1;30mLevel 5[0m set package 'allex_testbed' build argument 'cmake_clean_cache' from command line to 'False'
[0.106s] [34mcolcon.colcon_core.verb[0m [1;30mLevel 5[0m set package 'allex_testbed' build argument 'cmake_clean_first' from command line to 'False'
[0.106s] [34mcolcon.colcon_core.verb[0m [1;30mLevel 5[0m set package 'allex_testbed' build argument 'cmake_force_configure' from command line to 'False'
[0.106s] [34mcolcon.colcon_core.verb[0m [1;30mLevel 5[0m set package 'allex_testbed' build argument 'ament_cmake_args' from command line to 'None'
[0.106s] [34mcolcon.colcon_core.verb[0m [1;30mLevel 5[0m set package 'allex_testbed' build argument 'catkin_cmake_args' from command line to 'None'
[0.106s] [34mcolcon.colcon_core.verb[0m [1;30mLevel 5[0m set package 'allex_testbed' build argument 'catkin_skip_building_tests' from command line to 'False'
[0.106s] [34mcolcon.colcon_core.verb[0m [1;30mDEBUG[0m [32mBuilding package 'allex_testbed' with the following arguments: {'ament_cmake_args': None, 'build_base': '/home/dgx_allex_one/allex_ces_idle_interaction_gui/build/allex_testbed', 'catkin_cmake_args': None, 'catkin_skip_building_tests': False, 'cmake_args': None, 'cmake_clean_cache': False, 'cmake_clean_first': False, 'cmake_force_configure': False, 'cmake_target': None, 'cmake_target_skip_unavailable': False, 'install_base': '/home/dgx_allex_one/allex_ces_idle_interaction_gui/install/allex_testbed', 'merge_install': False, 'path': '/home/dgx_allex_one/allex_ces_idle_interaction_gui/src/allex_testbed', 'symlink_install': True, 'test_result_base': None}[0m
[0.106s] [34mcolcon.colcon_core.verb[0m [1;30mLevel 5[0m set package 'irim_control_panel_n_dashboard' build argument 'cmake_args' from command line to 'None'
[0.106s] [34mcolcon.colcon_core.verb[0m [1;30mLevel 5[0m set package 'irim_control_panel_n_dashboard' build argument 'cmake_target' from command line to 'None'
[0.106s] [34mcolcon.colcon_core.verb[0m [1;30mLevel 5[0m set package 'irim_control_panel_n_dashboard' build argument 'cmake_target_skip_unavailable' from command line to 'False'
[0.106s] [34mcolcon.colcon_core.verb[0m [1;30mLevel 5[0m set package 'irim_control_panel_n_dashboard' build argument 'cmake_clean_cache' from command line to 'False'
[0.106s] [34mcolcon.colcon_core.verb[0m [1;30mLevel 5[0m set package 'irim_control_panel_n_dashboard' build argument 'cmake_clean_first' from command line to 'False'
[0.106s] [34mcolcon.colcon_core.verb[0m [1;30mLevel 5[0m set package 'irim_control_panel_n_dashboard' build argument 'cmake_force_configure' from command line to 'False'
[0.106s] [34mcolcon.colcon_core.verb[0m [1;30mLevel 5[0m set package 'irim_control_panel_n_dashboard' build argument 'ament_cmake_args' from command line to 'None'
[0.106s] [34mcolcon.colcon_core.verb[0m [1;30mLevel 5[0m set package 'irim_control_panel_n_dashboard' build argument 'catkin_cmake_args' from command line to 'None'
[0.106s] [34mcolcon.colcon_core.verb[0m [1;30mLevel 5[0m set package 'irim_control_panel_n_dashboard' build argument 'catkin_skip_building_tests' from command line to 'False'
[0.106s] [34mcolcon.colcon_core.verb[0m [1;30mDEBUG[0m [32mBuilding package 'irim_control_panel_n_dashboard' with the following arguments: {'ament_cmake_args': None, 'build_base': '/home/dgx_allex_one/allex_ces_idle_interaction_gui/build/irim_control_panel_n_dashboard', 'catkin_cmake_args': None, 'catkin_skip_building_tests': False, 'cmake_args': None, 'cmake_clean_cache': False, 'cmake_clean_first': False, 'cmake_force_configure': False, 'cmake_target': None, 'cmake_target_skip_unavailable': False, 'install_base': '/home/dgx_allex_one/allex_ces_idle_interaction_gui/install/irim_control_panel_n_dashboard', 'merge_install': False, 'path': '/home/dgx_allex_one/allex_ces_idle_interaction_gui/src/irim_control_panel_n_dashboard', 'symlink_install': True, 'test_result_base': None}[0m
[0.106s] [34mcolcon.colcon_core.verb[0m [1;30mLevel 5[0m set package 'irim_doio_macro_panel' build argument 'cmake_args' from command line to 'None'
[0.106s] [34mcolcon.colcon_core.verb[0m [1;30mLevel 5[0m set package 'irim_doio_macro_panel' build argument 'cmake_target' from command line to 'None'
[0.106s] [34mcolcon.colcon_core.verb[0m [1;30mLevel 5[0m set package 'irim_doio_macro_panel' build argument 'cmake_target_skip_unavailable' from command line to 'False'
[0.106s] [34mcolcon.colcon_core.verb[0m [1;30mLevel 5[0m set package 'irim_doio_macro_panel' build argument 'cmake_clean_cache' from command line to 'False'
[0.106s] [34mcolcon.colcon_core.verb[0m [1;30mLevel 5[0m set package 'irim_doio_macro_panel' build argument 'cmake_clean_first' from command line to 'False'
[0.106s] [34mcolcon.colcon_core.verb[0m [1;30mLevel 5[0m set package 'irim_doio_macro_panel' build argument 'cmake_force_configure' from command line to 'False'
[0.107s] [34mcolcon.colcon_core.verb[0m [1;30mLevel 5[0m set package 'irim_doio_macro_panel' build argument 'ament_cmake_args' from command line to 'None'
[0.107s] [34mcolcon.colcon_core.verb[0m [1;30mLevel 5[0m set package 'irim_doio_macro_panel' build argument 'catkin_cmake_args' from command line to 'None'
[0.107s] [34mcolcon.colcon_core.verb[0m [1;30mLevel 5[0m set package 'irim_doio_macro_panel' build argument 'catkin_skip_building_tests' from command line to 'False'
[0.107s] [34mcolcon.colcon_core.verb[0m [1;30mDEBUG[0m [32mBuilding package 'irim_doio_macro_panel' with the following arguments: {'ament_cmake_args': None, 'build_base': '/home/dgx_allex_one/allex_ces_idle_interaction_gui/build/irim_doio_macro_panel', 'catkin_cmake_args': None, 'catkin_skip_building_tests': False, 'cmake_args': None, 'cmake_clean_cache': False, 'cmake_clean_first': False, 'cmake_force_configure': False, 'cmake_target': None, 'cmake_target_skip_unavailable': False, 'install_base': '/home/dgx_allex_one/allex_ces_idle_interaction_gui/install/irim_doio_macro_panel', 'merge_install': False, 'path': '/home/dgx_allex_one/allex_ces_idle_interaction_gui/src/irim_doio_macro_panel', 'symlink_install': True, 'test_result_base': None}[0m
[0.107s] [34mcolcon.colcon_core.executor[0m [1;30mINFO[0m Executing jobs using 'parallel' executor
[0.107s] [34mcolcon.colcon_parallel_executor.executor.parallel[0m [1;30mDEBUG[0m [32mrun_until_complete[0m
[0.107s] [34mcolcon.colcon_ros.task.ament_python.build[0m [1;30mINFO[0m Building ROS package in '/home/dgx_allex_one/allex_ces_idle_interaction_gui/src/allex_ces_idle_interaction' with build type 'ament_python'
[0.107s] [34mcolcon.colcon_core.shell[0m [1;30mLevel 1[0m create_environment_hook('allex_ces_idle_interaction', 'ament_prefix_path')
[0.109s] [34mcolcon.colcon_core.plugin_system[0m [1;30mINFO[0m Skipping extension 'colcon_core.shell.bat': Not used on non-Windows systems
[0.109s] [34mcolcon.colcon_core.shell[0m [1;30mINFO[0m Creating environment hook '/home/dgx_allex_one/allex_ces_idle_interaction_gui/install/allex_ces_idle_interaction/share/allex_ces_idle_interaction/hook/ament_prefix_path.ps1'
[0.109s] [34mcolcon.colcon_core.shell[0m [1;30mINFO[0m Creating environment descriptor '/home/dgx_allex_one/allex_ces_idle_interaction_gui/install/allex_ces_idle_interaction/share/allex_ces_idle_interaction/hook/ament_prefix_path.dsv'
[0.109s] [34mcolcon.colcon_core.shell[0m [1;30mINFO[0m Creating environment hook '/home/dgx_allex_one/allex_ces_idle_interaction_gui/install/allex_ces_idle_interaction/share/allex_ces_idle_interaction/hook/ament_prefix_path.sh'
[0.110s] [34mcolcon.colcon_core.shell[0m [1;30mINFO[0m Skip shell extension 'powershell' for command environment: Not usable outside of PowerShell
[0.110s] [34mcolcon.colcon_core.shell[0m [1;30mDEBUG[0m [32mSkip shell extension 'dsv' for command environment[0m
[0.111s] [34mcolcon.colcon_ros.task.ament_python.build[0m [1;30mINFO[0m Building ROS package in '/home/dgx_allex_one/allex_ces_idle_interaction_gui/src/allex_testbed' with build type 'ament_python'
[0.111s] [34mcolcon.colcon_core.shell[0m [1;30mLevel 1[0m create_environment_hook('allex_testbed', 'ament_prefix_path')
[0.111s] [34mcolcon.colcon_core.shell[0m [1;30mINFO[0m Creating environment hook '/home/dgx_allex_one/allex_ces_idle_interaction_gui/install/allex_testbed/share/allex_testbed/hook/ament_prefix_path.ps1'
[0.112s] [34mcolcon.colcon_core.shell[0m [1;30mINFO[0m Creating environment descriptor '/home/dgx_allex_one/allex_ces_idle_interaction_gui/install/allex_testbed/share/allex_testbed/hook/ament_prefix_path.dsv'
[0.112s] [34mcolcon.colcon_core.shell[0m [1;30mINFO[0m Creating environment hook '/home/dgx_allex_one/allex_ces_idle_interaction_gui/install/allex_testbed/share/allex_testbed/hook/ament_prefix_path.sh'
[0.112s] [34mcolcon.colcon_core.shell[0m [1;30mINFO[0m Skip shell extension 'powershell' for command environment: Not usable outside of PowerShell
[0.112s] [34mcolcon.colcon_core.shell[0m [1;30mDEBUG[0m [32mSkip shell extension 'dsv' for command environment[0m
[0.113s] [34mcolcon.colcon_ros.task.ament_python.build[0m [1;30mINFO[0m Building ROS package in '/home/dgx_allex_one/allex_ces_idle_interaction_gui/src/irim_control_panel_n_dashboard' with build type 'ament_python'
[0.113s] [34mcolcon.colcon_core.shell[0m [1;30mLevel 1[0m create_environment_hook('irim_control_panel_n_dashboard', 'ament_prefix_path')
[0.113s] [34mcolcon.colcon_core.shell[0m [1;30mINFO[0m Creating environment hook '/home/dgx_allex_one/allex_ces_idle_interaction_gui/install/irim_control_panel_n_dashboard/share/irim_control_panel_n_dashboard/hook/ament_prefix_path.ps1'
[0.118s] [34mcolcon.colcon_core.shell[0m [1;30mINFO[0m Creating environment descriptor '/home/dgx_allex_one/allex_ces_idle_interaction_gui/install/irim_control_panel_n_dashboard/share/irim_control_panel_n_dashboard/hook/ament_prefix_path.dsv'
[0.119s] [34mcolcon.colcon_core.shell[0m [1;30mINFO[0m Creating environment hook '/home/dgx_allex_one/allex_ces_idle_interaction_gui/install/irim_control_panel_n_dashboard/share/irim_control_panel_n_dashboard/hook/ament_prefix_path.sh'
[0.119s] [34mcolcon.colcon_core.shell[0m [1;30mINFO[0m Skip shell extension 'powershell' for command environment: Not usable outside of PowerShell
[0.119s] [34mcolcon.colcon_core.shell[0m [1;30mDEBUG[0m [32mSkip shell extension 'dsv' for command environment[0m
[0.120s] [34mcolcon.colcon_ros.task.ament_python.build[0m [1;30mINFO[0m Building ROS package in '/home/dgx_allex_one/allex_ces_idle_interaction_gui/src/irim_doio_macro_panel' with build type 'ament_python'
[0.120s] [34mcolcon.colcon_core.shell[0m [1;30mLevel 1[0m create_environment_hook('irim_doio_macro_panel', 'ament_prefix_path')
[0.120s] [34mcolcon.colcon_core.shell[0m [1;30mINFO[0m Creating environment hook '/home/dgx_allex_one/allex_ces_idle_interaction_gui/install/irim_doio_macro_panel/share/irim_doio_macro_panel/hook/ament_prefix_path.ps1'
[0.120s] [34mcolcon.colcon_core.shell[0m [1;30mINFO[0m Creating environment descriptor '/home/dgx_allex_one/allex_ces_idle_interaction_gui/install/irim_doio_macro_panel/share/irim_doio_macro_panel/hook/ament_prefix_path.dsv'
[0.121s] [34mcolcon.colcon_core.shell[0m [1;30mINFO[0m Creating environment hook '/home/dgx_allex_one/allex_ces_idle_interaction_gui/install/irim_doio_macro_panel/share/irim_doio_macro_panel/hook/ament_prefix_path.sh'
[0.121s] [34mcolcon.colcon_core.shell[0m [1;30mINFO[0m Skip shell extension 'powershell' for command environment: Not usable outside of PowerShell
[0.121s] [34mcolcon.colcon_core.shell[0m [1;30mDEBUG[0m [32mSkip shell extension 'dsv' for command environment[0m
[0.226s] [34mcolcon.colcon_core.task.python.build[0m [1;30mINFO[0m Building Python package in '/home/dgx_allex_one/allex_ces_idle_interaction_gui/src/allex_ces_idle_interaction'
[0.226s] [34mcolcon.colcon_core.shell[0m [1;30mINFO[0m Skip shell extension 'powershell' for command environment: Not usable outside of PowerShell
[0.226s] [34mcolcon.colcon_core.shell[0m [1;30mDEBUG[0m [32mSkip shell extension 'dsv' for command environment[0m
[0.330s] [34mcolcon.colcon_core.task.python.build[0m [1;30mINFO[0m Building Python package in '/home/dgx_allex_one/allex_ces_idle_interaction_gui/src/allex_testbed'
[0.330s] [34mcolcon.colcon_core.shell[0m [1;30mINFO[0m Skip shell extension 'powershell' for command environment: Not usable outside of PowerShell
[0.330s] [34mcolcon.colcon_core.shell[0m [1;30mDEBUG[0m [32mSkip shell extension 'dsv' for command environment[0m
[0.433s] [34mcolcon.colcon_core.task.python.build[0m [1;30mINFO[0m Building Python package in '/home/dgx_allex_one/allex_ces_idle_interaction_gui/src/irim_control_panel_n_dashboard'
[0.433s] [34mcolcon.colcon_core.shell[0m [1;30mINFO[0m Skip shell extension 'powershell' for command environment: Not usable outside of PowerShell
[0.433s] [34mcolcon.colcon_core.shell[0m [1;30mDEBUG[0m [32mSkip shell extension 'dsv' for command environment[0m
[0.537s] [34mcolcon.colcon_core.task.python.build[0m [1;30mINFO[0m Building Python package in '/home/dgx_allex_one/allex_ces_idle_interaction_gui/src/irim_doio_macro_panel'
[0.537s] [34mcolcon.colcon_core.shell[0m [1;30mINFO[0m Skip shell extension 'powershell' for command environment: Not usable outside of PowerShell
[0.537s] [34mcolcon.colcon_core.shell[0m [1;30mDEBUG[0m [32mSkip shell extension 'dsv' for command environment[0m
[0.833s] [34mcolcon.colcon_core.event_handler.log_command[0m [1;30mDEBUG[0m [32mInvoking command in '/home/dgx_allex_one/allex_ces_idle_interaction_gui/build/allex_ces_idle_interaction': DEBUGINFOD_URLS=https://debuginfod.ubuntu.com PYTHONPATH=/home/dgx_allex_one/allex_ces_idle_interaction_gui/build/allex_ces_idle_interaction/prefix_override:/usr/lib/python3/dist-packages/colcon_core/task/python/colcon_distutils_commands:/home/dgx_allex_one/allex_ces_idle_interaction_gui/install/allex_ces_idle_interaction/lib/python3.12/site-packages:${PYTHONPATH} /usr/bin/python3 -W ignore:setup.py install is deprecated -W ignore:easy_install command is deprecated setup.py develop --editable --build-directory /home/dgx_allex_one/allex_ces_idle_interaction_gui/build/allex_ces_idle_interaction/build --no-deps symlink_data[0m
[0.837s] [34mcolcon.colcon_core.event_handler.log_command[0m [1;30mDEBUG[0m [32mInvoking command in '/home/dgx_allex_one/allex_ces_idle_interaction_gui/build/irim_control_panel_n_dashboard': DEBUGINFOD_URLS=https://debuginfod.ubuntu.com PYTHONPATH=/home/dgx_allex_one/allex_ces_idle_interaction_gui/build/irim_control_panel_n_dashboard/prefix_override:/usr/lib/python3/dist-packages/colcon_core/task/python/colcon_distutils_commands:/home/dgx_allex_one/allex_ces_idle_interaction_gui/install/irim_control_panel_n_dashboard/lib/python3.12/site-packages:${PYTHONPATH} /usr/bin/python3 -W ignore:setup.py install is deprecated -W ignore:easy_install command is deprecated setup.py develop --editable --build-directory /home/dgx_allex_one/allex_ces_idle_interaction_gui/build/irim_control_panel_n_dashboard/build --no-deps symlink_data[0m
[0.839s] [34mcolcon.colcon_core.event_handler.log_command[0m [1;30mDEBUG[0m [32mInvoking command in '/home/dgx_allex_one/allex_ces_idle_interaction_gui/build/allex_testbed': DEBUGINFOD_URLS=https://debuginfod.ubuntu.com PYTHONPATH=/home/dgx_allex_one/allex_ces_idle_interaction_gui/build/allex_testbed/prefix_override:/usr/lib/python3/dist-packages/colcon_core/task/python/colcon_distutils_commands:/home/dgx_allex_one/allex_ces_idle_interaction_gui/install/allex_testbed/lib/python3.12/site-packages:${PYTHONPATH} /usr/bin/python3 -W ignore:setup.py install is deprecated -W ignore:easy_install command is deprecated setup.py develop --editable --build-directory /home/dgx_allex_one/allex_ces_idle_interaction_gui/build/allex_testbed/build --no-deps symlink_data[0m
[0.843s] [34mcolcon.colcon_core.event_handler.log_command[0m [1;30mDEBUG[0m [32mInvoking command in '/home/dgx_allex_one/allex_ces_idle_interaction_gui/build/irim_doio_macro_panel': DEBUGINFOD_URLS=https://debuginfod.ubuntu.com PYTHONPATH=/home/dgx_allex_one/allex_ces_idle_interaction_gui/build/irim_doio_macro_panel/prefix_override:/usr/lib/python3/dist-packages/colcon_core/task/python/colcon_distutils_commands:/home/dgx_allex_one/allex_ces_idle_interaction_gui/install/irim_doio_macro_panel/lib/python3.12/site-packages:${PYTHONPATH} /usr/bin/python3 -W ignore:setup.py install is deprecated -W ignore:easy_install command is deprecated setup.py develop --editable --build-directory /home/dgx_allex_one/allex_ces_idle_interaction_gui/build/irim_doio_macro_panel/build --no-deps symlink_data[0m
[1.142s] [34mcolcon.colcon_core.shell[0m [1;30mLevel 1[0m create_environment_hook('irim_doio_macro_panel', 'pythonpath_develop')
[1.142s] [34mcolcon.colcon_core.shell[0m [1;30mINFO[0m Creating environment hook '/home/dgx_allex_one/allex_ces_idle_interaction_gui/build/irim_doio_macro_panel/share/irim_doio_macro_panel/hook/pythonpath_develop.ps1'
[1.143s] [34mcolcon.colcon_core.event_handler.log_command[0m [1;30mDEBUG[0m [32mInvoked command in '/home/dgx_allex_one/allex_ces_idle_interaction_gui/build/irim_doio_macro_panel' returned '0': DEBUGINFOD_URLS=https://debuginfod.ubuntu.com PYTHONPATH=/home/dgx_allex_one/allex_ces_idle_interaction_gui/build/irim_doio_macro_panel/prefix_override:/usr/lib/python3/dist-packages/colcon_core/task/python/colcon_distutils_commands:/home/dgx_allex_one/allex_ces_idle_interaction_gui/install/irim_doio_macro_panel/lib/python3.12/site-packages:${PYTHONPATH} /usr/bin/python3 -W ignore:setup.py install is deprecated -W ignore:easy_install command is deprecated setup.py develop --editable --build-directory /home/dgx_allex_one/allex_ces_idle_interaction_gui/build/irim_doio_macro_panel/build --no-deps symlink_data[0m
[1.143s] [34mcolcon.colcon_core.shell[0m [1;30mINFO[0m Creating environment descriptor '/home/dgx_allex_one/allex_ces_idle_interaction_gui/build/irim_doio_macro_panel/share/irim_doio_macro_panel/hook/pythonpath_develop.dsv'
[1.144s] [34mcolcon.colcon_core.shell[0m [1;30mINFO[0m Creating environment hook '/home/dgx_allex_one/allex_ces_idle_interaction_gui/build/irim_doio_macro_panel/share/irim_doio_macro_panel/hook/pythonpath_develop.sh'
[1.147s] [34mcolcon.colcon_core.environment[0m [1;30mLevel 1[0m checking '/home/dgx_allex_one/allex_ces_idle_interaction_gui/install/irim_doio_macro_panel' for CMake module files
[1.147s] [34mcolcon.colcon_core.environment[0m [1;30mLevel 1[0m checking '/home/dgx_allex_one/allex_ces_idle_interaction_gui/install/irim_doio_macro_panel' for CMake config files
[1.148s] [34mcolcon.colcon_core.environment[0m [1;30mLevel 1[0m checking '/home/dgx_allex_one/allex_ces_idle_interaction_gui/install/irim_doio_macro_panel/lib'
[1.148s] [34mcolcon.colcon_core.environment[0m [1;30mLevel 1[0m checking '/home/dgx_allex_one/allex_ces_idle_interaction_gui/install/irim_doio_macro_panel/bin'
[1.148s] [34mcolcon.colcon_core.environment[0m [1;30mLevel 1[0m checking '/home/dgx_allex_one/allex_ces_idle_interaction_gui/install/irim_doio_macro_panel/lib/pkgconfig/irim_doio_macro_panel.pc'
[1.148s] [34mcolcon.colcon_core.environment[0m [1;30mLevel 1[0m checking '/home/dgx_allex_one/allex_ces_idle_interaction_gui/install/irim_doio_macro_panel/lib/python3.12/site-packages'
[1.148s] [34mcolcon.colcon_core.shell[0m [1;30mLevel 1[0m create_environment_hook('irim_doio_macro_panel', 'pythonpath')
[1.149s] [34mcolcon.colcon_core.shell[0m [1;30mINFO[0m Creating environment hook '/home/dgx_allex_one/allex_ces_idle_interaction_gui/install/irim_doio_macro_panel/share/irim_doio_macro_panel/hook/pythonpath.ps1'
[1.149s] [34mcolcon.colcon_core.shell[0m [1;30mINFO[0m Creating environment descriptor '/home/dgx_allex_one/allex_ces_idle_interaction_gui/install/irim_doio_macro_panel/share/irim_doio_macro_panel/hook/pythonpath.dsv'
[1.149s] [34mcolcon.colcon_core.shell[0m [1;30mINFO[0m Creating environment hook '/home/dgx_allex_one/allex_ces_idle_interaction_gui/install/irim_doio_macro_panel/share/irim_doio_macro_panel/hook/pythonpath.sh'
[1.150s] [34mcolcon.colcon_core.environment[0m [1;30mLevel 1[0m checking '/home/dgx_allex_one/allex_ces_idle_interaction_gui/install/irim_doio_macro_panel/bin'
[1.150s] [34mcolcon.colcon_core.environment[0m [1;30mLevel 1[0m create_environment_scripts_only(irim_doio_macro_panel)
[1.150s] [34mcolcon.colcon_core.shell[0m [1;30mINFO[0m Creating package script '/home/dgx_allex_one/allex_ces_idle_interaction_gui/install/irim_doio_macro_panel/share/irim_doio_macro_panel/package.ps1'
[1.151s] [34mcolcon.colcon_core.shell[0m [1;30mINFO[0m Creating package descriptor '/home/dgx_allex_one/allex_ces_idle_interaction_gui/install/irim_doio_macro_panel/share/irim_doio_macro_panel/package.dsv'
[1.151s] [34mcolcon.colcon_core.shell[0m [1;30mINFO[0m Creating package script '/home/dgx_allex_one/allex_ces_idle_interaction_gui/install/irim_doio_macro_panel/share/irim_doio_macro_panel/package.sh'
[1.152s] [34mcolcon.colcon_core.shell[0m [1;30mINFO[0m Creating package script '/home/dgx_allex_one/allex_ces_idle_interaction_gui/install/irim_doio_macro_panel/share/irim_doio_macro_panel/package.bash'
[1.152s] [34mcolcon.colcon_core.shell[0m [1;30mINFO[0m Creating package script '/home/dgx_allex_one/allex_ces_idle_interaction_gui/install/irim_doio_macro_panel/share/irim_doio_macro_panel/package.zsh'
[1.153s] [34mcolcon.colcon_core.environment[0m [1;30mLevel 1[0m create_file_with_runtime_dependencies(/home/dgx_allex_one/allex_ces_idle_interaction_gui/install/irim_doio_macro_panel/share/colcon-core/packages/irim_doio_macro_panel)
[1.159s] [34mcolcon.colcon_core.shell[0m [1;30mLevel 1[0m create_environment_hook('irim_control_panel_n_dashboard', 'pythonpath_develop')
[1.159s] [34mcolcon.colcon_core.shell[0m [1;30mINFO[0m Creating environment hook '/home/dgx_allex_one/allex_ces_idle_interaction_gui/build/irim_control_panel_n_dashboard/share/irim_control_panel_n_dashboard/hook/pythonpath_develop.ps1'
[1.159s] [34mcolcon.colcon_core.event_handler.log_command[0m [1;30mDEBUG[0m [32mInvoked command in '/home/dgx_allex_one/allex_ces_idle_interaction_gui/build/irim_control_panel_n_dashboard' returned '0': DEBUGINFOD_URLS=https://debuginfod.ubuntu.com PYTHONPATH=/home/dgx_allex_one/allex_ces_idle_interaction_gui/build/irim_control_panel_n_dashboard/prefix_override:/usr/lib/python3/dist-packages/colcon_core/task/python/colcon_distutils_commands:/home/dgx_allex_one/allex_ces_idle_interaction_gui/install/irim_control_panel_n_dashboard/lib/python3.12/site-packages:${PYTHONPATH} /usr/bin/python3 -W ignore:setup.py install is deprecated -W ignore:easy_install command is deprecated setup.py develop --editable --build-directory /home/dgx_allex_one/allex_ces_idle_interaction_gui/build/irim_control_panel_n_dashboard/build --no-deps symlink_data[0m
[1.160s] [34mcolcon.colcon_core.shell[0m [1;30mINFO[0m Creating environment descriptor '/home/dgx_allex_one/allex_ces_idle_interaction_gui/build/irim_control_panel_n_dashboard/share/irim_control_panel_n_dashboard/hook/pythonpath_develop.dsv'
[1.160s] [34mcolcon.colcon_core.shell[0m [1;30mINFO[0m Creating environment hook '/home/dgx_allex_one/allex_ces_idle_interaction_gui/build/irim_control_panel_n_dashboard/share/irim_control_panel_n_dashboard/hook/pythonpath_develop.sh'
[1.160s] [34mcolcon.colcon_core.environment[0m [1;30mLevel 1[0m checking '/home/dgx_allex_one/allex_ces_idle_interaction_gui/install/irim_control_panel_n_dashboard' for CMake module files
[1.161s] [34mcolcon.colcon_core.environment[0m [1;30mLevel 1[0m checking '/home/dgx_allex_one/allex_ces_idle_interaction_gui/install/irim_control_panel_n_dashboard' for CMake config files
[1.161s] [34mcolcon.colcon_core.environment[0m [1;30mLevel 1[0m checking '/home/dgx_allex_one/allex_ces_idle_interaction_gui/install/irim_control_panel_n_dashboard/lib'
[1.161s] [34mcolcon.colcon_core.environment[0m [1;30mLevel 1[0m checking '/home/dgx_allex_one/allex_ces_idle_interaction_gui/install/irim_control_panel_n_dashboard/bin'
[1.161s] [34mcolcon.colcon_core.environment[0m [1;30mLevel 1[0m checking '/home/dgx_allex_one/allex_ces_idle_interaction_gui/install/irim_control_panel_n_dashboard/lib/pkgconfig/irim_control_panel_n_dashboard.pc'
[1.162s] [34mcolcon.colcon_core.environment[0m [1;30mLevel 1[0m checking '/home/dgx_allex_one/allex_ces_idle_interaction_gui/install/irim_control_panel_n_dashboard/lib/python3.12/site-packages'
[1.162s] [34mcolcon.colcon_core.shell[0m [1;30mLevel 1[0m create_environment_hook('irim_control_panel_n_dashboard', 'pythonpath')
[1.162s] [34mcolcon.colcon_core.shell[0m [1;30mINFO[0m Creating environment hook '/home/dgx_allex_one/allex_ces_idle_interaction_gui/install/irim_control_panel_n_dashboard/share/irim_control_panel_n_dashboard/hook/pythonpath.ps1'
[1.162s] [34mcolcon.colcon_core.shell[0m [1;30mINFO[0m Creating environment descriptor '/home/dgx_allex_one/allex_ces_idle_interaction_gui/install/irim_control_panel_n_dashboard/share/irim_control_panel_n_dashboard/hook/pythonpath.dsv'
[1.162s] [34mcolcon.colcon_core.shell[0m [1;30mINFO[0m Creating environment hook '/home/dgx_allex_one/allex_ces_idle_interaction_gui/install/irim_control_panel_n_dashboard/share/irim_control_panel_n_dashboard/hook/pythonpath.sh'
[1.163s] [34mcolcon.colcon_core.environment[0m [1;30mLevel 1[0m checking '/home/dgx_allex_one/allex_ces_idle_interaction_gui/install/irim_control_panel_n_dashboard/bin'
[1.163s] [34mcolcon.colcon_core.environment[0m [1;30mLevel 1[0m create_environment_scripts_only(irim_control_panel_n_dashboard)
[1.163s] [34mcolcon.colcon_core.shell[0m [1;30mINFO[0m Creating package script '/home/dgx_allex_one/allex_ces_idle_interaction_gui/install/irim_control_panel_n_dashboard/share/irim_control_panel_n_dashboard/package.ps1'
[1.164s] [34mcolcon.colcon_core.shell[0m [1;30mINFO[0m Creating package descriptor '/home/dgx_allex_one/allex_ces_idle_interaction_gui/install/irim_control_panel_n_dashboard/share/irim_control_panel_n_dashboard/package.dsv'
[1.164s] [34mcolcon.colcon_core.shell[0m [1;30mINFO[0m Creating package script '/home/dgx_allex_one/allex_ces_idle_interaction_gui/install/irim_control_panel_n_dashboard/share/irim_control_panel_n_dashboard/package.sh'
[1.165s] [34mcolcon.colcon_core.shell[0m [1;30mINFO[0m Creating package script '/home/dgx_allex_one/allex_ces_idle_interaction_gui/install/irim_control_panel_n_dashboard/share/irim_control_panel_n_dashboard/package.bash'
[1.165s] [34mcolcon.colcon_core.shell[0m [1;30mINFO[0m Creating package script '/home/dgx_allex_one/allex_ces_idle_interaction_gui/install/irim_control_panel_n_dashboard/share/irim_control_panel_n_dashboard/package.zsh'
[1.165s] [34mcolcon.colcon_core.environment[0m [1;30mLevel 1[0m create_file_with_runtime_dependencies(/home/dgx_allex_one/allex_ces_idle_interaction_gui/install/irim_control_panel_n_dashboard/share/colcon-core/packages/irim_control_panel_n_dashboard)
[1.166s] [34mcolcon.colcon_core.shell[0m [1;30mLevel 1[0m create_environment_hook('allex_ces_idle_interaction', 'pythonpath_develop')
[1.166s] [34mcolcon.colcon_core.shell[0m [1;30mINFO[0m Creating environment hook '/home/dgx_allex_one/allex_ces_idle_interaction_gui/build/allex_ces_idle_interaction/share/allex_ces_idle_interaction/hook/pythonpath_develop.ps1'
[1.167s] [34mcolcon.colcon_core.event_handler.log_command[0m [1;30mDEBUG[0m [32mInvoked command in '/home/dgx_allex_one/allex_ces_idle_interaction_gui/build/allex_ces_idle_interaction' returned '0': DEBUGINFOD_URLS=https://debuginfod.ubuntu.com PYTHONPATH=/home/dgx_allex_one/allex_ces_idle_interaction_gui/build/allex_ces_idle_interaction/prefix_override:/usr/lib/python3/dist-packages/colcon_core/task/python/colcon_distutils_commands:/home/dgx_allex_one/allex_ces_idle_interaction_gui/install/allex_ces_idle_interaction/lib/python3.12/site-packages:${PYTHONPATH} /usr/bin/python3 -W ignore:setup.py install is deprecated -W ignore:easy_install command is deprecated setup.py develop --editable --build-directory /home/dgx_allex_one/allex_ces_idle_interaction_gui/build/allex_ces_idle_interaction/build --no-deps symlink_data[0m
[1.167s] [34mcolcon.colcon_core.shell[0m [1;30mINFO[0m Creating environment descriptor '/home/dgx_allex_one/allex_ces_idle_interaction_gui/build/allex_ces_idle_interaction/share/allex_ces_idle_interaction/hook/pythonpath_develop.dsv'
[1.167s] [34mcolcon.colcon_core.shell[0m [1;30mINFO[0m Creating environment hook '/home/dgx_allex_one/allex_ces_idle_interaction_gui/build/allex_ces_idle_interaction/share/allex_ces_idle_interaction/hook/pythonpath_develop.sh'
[1.168s] [34mcolcon.colcon_core.environment[0m [1;30mLevel 1[0m checking '/home/dgx_allex_one/allex_ces_idle_interaction_gui/install/allex_ces_idle_interaction' for CMake module files
[1.168s] [34mcolcon.colcon_core.environment[0m [1;30mLevel 1[0m checking '/home/dgx_allex_one/allex_ces_idle_interaction_gui/install/allex_ces_idle_interaction' for CMake config files
[1.169s] [34mcolcon.colcon_core.environment[0m [1;30mLevel 1[0m checking '/home/dgx_allex_one/allex_ces_idle_interaction_gui/install/allex_ces_idle_interaction/lib'
[1.169s] [34mcolcon.colcon_core.environment[0m [1;30mLevel 1[0m checking '/home/dgx_allex_one/allex_ces_idle_interaction_gui/install/allex_ces_idle_interaction/bin'
[1.169s] [34mcolcon.colcon_core.environment[0m [1;30mLevel 1[0m checking '/home/dgx_allex_one/allex_ces_idle_interaction_gui/install/allex_ces_idle_interaction/lib/pkgconfig/allex_ces_idle_interaction.pc'
[1.169s] [34mcolcon.colcon_core.environment[0m [1;30mLevel 1[0m checking '/home/dgx_allex_one/allex_ces_idle_interaction_gui/install/allex_ces_idle_interaction/lib/python3.12/site-packages'
[1.169s] [34mcolcon.colcon_core.shell[0m [1;30mLevel 1[0m create_environment_hook('allex_ces_idle_interaction', 'pythonpath')
[1.170s] [34mcolcon.colcon_core.shell[0m [1;30mINFO[0m Creating environment hook '/home/dgx_allex_one/allex_ces_idle_interaction_gui/install/allex_ces_idle_interaction/share/allex_ces_idle_interaction/hook/pythonpath.ps1'
[1.170s] [34mcolcon.colcon_core.shell[0m [1;30mINFO[0m Creating environment descriptor '/home/dgx_allex_one/allex_ces_idle_interaction_gui/install/allex_ces_idle_interaction/share/allex_ces_idle_interaction/hook/pythonpath.dsv'
[1.170s] [34mcolcon.colcon_core.shell[0m [1;30mINFO[0m Creating environment hook '/home/dgx_allex_one/allex_ces_idle_interaction_gui/install/allex_ces_idle_interaction/share/allex_ces_idle_interaction/hook/pythonpath.sh'
[1.171s] [34mcolcon.colcon_core.environment[0m [1;30mLevel 1[0m checking '/home/dgx_allex_one/allex_ces_idle_interaction_gui/install/allex_ces_idle_interaction/bin'
[1.171s] [34mcolcon.colcon_core.environment[0m [1;30mLevel 1[0m create_environment_scripts_only(allex_ces_idle_interaction)
[1.171s] [34mcolcon.colcon_core.shell[0m [1;30mINFO[0m Creating package script '/home/dgx_allex_one/allex_ces_idle_interaction_gui/install/allex_ces_idle_interaction/share/allex_ces_idle_interaction/package.ps1'
[1.172s] [34mcolcon.colcon_core.shell[0m [1;30mINFO[0m Creating package descriptor '/home/dgx_allex_one/allex_ces_idle_interaction_gui/install/allex_ces_idle_interaction/share/allex_ces_idle_interaction/package.dsv'
[1.172s] [34mcolcon.colcon_core.shell[0m [1;30mINFO[0m Creating package script '/home/dgx_allex_one/allex_ces_idle_interaction_gui/install/allex_ces_idle_interaction/share/allex_ces_idle_interaction/package.sh'
[1.173s] [34mcolcon.colcon_core.shell[0m [1;30mINFO[0m Creating package script '/home/dgx_allex_one/allex_ces_idle_interaction_gui/install/allex_ces_idle_interaction/share/allex_ces_idle_interaction/package.bash'
[1.173s] [34mcolcon.colcon_core.shell[0m [1;30mINFO[0m Creating package script '/home/dgx_allex_one/allex_ces_idle_interaction_gui/install/allex_ces_idle_interaction/share/allex_ces_idle_interaction/package.zsh'
[1.173s] [34mcolcon.colcon_core.environment[0m [1;30mLevel 1[0m create_file_with_runtime_dependencies(/home/dgx_allex_one/allex_ces_idle_interaction_gui/install/allex_ces_idle_interaction/share/colcon-core/packages/allex_ces_idle_interaction)
[1.174s] [34mcolcon.colcon_core.shell[0m [1;30mLevel 1[0m create_environment_hook('allex_testbed', 'pythonpath_develop')
[1.174s] [34mcolcon.colcon_core.shell[0m [1;30mINFO[0m Creating environment hook '/home/dgx_allex_one/allex_ces_idle_interaction_gui/build/allex_testbed/share/allex_testbed/hook/pythonpath_develop.ps1'
[1.175s] [34mcolcon.colcon_core.event_handler.log_command[0m [1;30mDEBUG[0m [32mInvoked command in '/home/dgx_allex_one/allex_ces_idle_interaction_gui/build/allex_testbed' returned '0': DEBUGINFOD_URLS=https://debuginfod.ubuntu.com PYTHONPATH=/home/dgx_allex_one/allex_ces_idle_interaction_gui/build/allex_testbed/prefix_override:/usr/lib/python3/dist-packages/colcon_core/task/python/colcon_distutils_commands:/home/dgx_allex_one/allex_ces_idle_interaction_gui/install/allex_testbed/lib/python3.12/site-packages:${PYTHONPATH} /usr/bin/python3 -W ignore:setup.py install is deprecated -W ignore:easy_install command is deprecated setup.py develop --editable --build-directory /home/dgx_allex_one/allex_ces_idle_interaction_gui/build/allex_testbed/build --no-deps symlink_data[0m
[1.175s] [34mcolcon.colcon_core.shell[0m [1;30mINFO[0m Creating environment descriptor '/home/dgx_allex_one/allex_ces_idle_interaction_gui/build/allex_testbed/share/allex_testbed/hook/pythonpath_develop.dsv'
[1.175s] [34mcolcon.colcon_core.shell[0m [1;30mINFO[0m Creating environment hook '/home/dgx_allex_one/allex_ces_idle_interaction_gui/build/allex_testbed/share/allex_testbed/hook/pythonpath_develop.sh'
[1.176s] [34mcolcon.colcon_core.environment[0m [1;30mLevel 1[0m checking '/home/dgx_allex_one/allex_ces_idle_interaction_gui/install/allex_testbed' for CMake module files
[1.176s] [34mcolcon.colcon_core.environment[0m [1;30mLevel 1[0m checking '/home/dgx_allex_one/allex_ces_idle_interaction_gui/install/allex_testbed' for CMake config files
[1.177s] [34mcolcon.colcon_core.environment[0m [1;30mLevel 1[0m checking '/home/dgx_allex_one/allex_ces_idle_interaction_gui/install/allex_testbed/lib'
[1.177s] [34mcolcon.colcon_core.environment[0m [1;30mLevel 1[0m checking '/home/dgx_allex_one/allex_ces_idle_interaction_gui/install/allex_testbed/bin'
[1.177s] [34mcolcon.colcon_core.environment[0m [1;30mLevel 1[0m checking '/home/dgx_allex_one/allex_ces_idle_interaction_gui/install/allex_testbed/lib/pkgconfig/allex_testbed.pc'
[1.177s] [34mcolcon.colcon_core.environment[0m [1;30mLevel 1[0m checking '/home/dgx_allex_one/allex_ces_idle_interaction_gui/install/allex_testbed/lib/python3.12/site-packages'
[1.177s] [34mcolcon.colcon_core.shell[0m [1;30mLevel 1[0m create_environment_hook('allex_testbed', 'pythonpath')
[1.177s] [34mcolcon.colcon_core.shell[0m [1;30mINFO[0m Creating environment hook '/home/dgx_allex_one/allex_ces_idle_interaction_gui/install/allex_testbed/share/allex_testbed/hook/pythonpath.ps1'
[1.178s] [34mcolcon.colcon_core.shell[0m [1;30mINFO[0m Creating environment descriptor '/home/dgx_allex_one/allex_ces_idle_interaction_gui/install/allex_testbed/share/allex_testbed/hook/pythonpath.dsv'
[1.178s] [34mcolcon.colcon_core.shell[0m [1;30mINFO[0m Creating environment hook '/home/dgx_allex_one/allex_ces_idle_interaction_gui/install/allex_testbed/share/allex_testbed/hook/pythonpath.sh'
[1.179s] [34mcolcon.colcon_core.environment[0m [1;30mLevel 1[0m checking '/home/dgx_allex_one/allex_ces_idle_interaction_gui/install/allex_testbed/bin'
[1.179s] [34mcolcon.colcon_core.environment[0m [1;30mLevel 1[0m create_environment_scripts_only(allex_testbed)
[1.179s] [34mcolcon.colcon_core.shell[0m [1;30mINFO[0m Creating package script '/home/dgx_allex_one/allex_ces_idle_interaction_gui/install/allex_testbed/share/allex_testbed/package.ps1'
[1.180s] [34mcolcon.colcon_core.shell[0m [1;30mINFO[0m Creating package descriptor '/home/dgx_allex_one/allex_ces_idle_interaction_gui/install/allex_testbed/share/allex_testbed/package.dsv'
[1.180s] [34mcolcon.colcon_core.shell[0m [1;30mINFO[0m Creating package script '/home/dgx_allex_one/allex_ces_idle_interaction_gui/install/allex_testbed/share/allex_testbed/package.sh'
[1.180s] [34mcolcon.colcon_core.shell[0m [1;30mINFO[0m Creating package script '/home/dgx_allex_one/allex_ces_idle_interaction_gui/install/allex_testbed/share/allex_testbed/package.bash'
[1.181s] [34mcolcon.colcon_core.shell[0m [1;30mINFO[0m Creating package script '/home/dgx_allex_one/allex_ces_idle_interaction_gui/install/allex_testbed/share/allex_testbed/package.zsh'
[1.181s] [34mcolcon.colcon_core.environment[0m [1;30mLevel 1[0m create_file_with_runtime_dependencies(/home/dgx_allex_one/allex_ces_idle_interaction_gui/install/allex_testbed/share/colcon-core/packages/allex_testbed)
[1.181s] [34mcolcon.colcon_parallel_executor.executor.parallel[0m [1;30mDEBUG[0m [32mclosing loop[0m
[1.182s] [34mcolcon.colcon_parallel_executor.executor.parallel[0m [1;30mDEBUG[0m [32mloop closed[0m
[1.182s] [34mcolcon.colcon_parallel_executor.executor.parallel[0m [1;30mDEBUG[0m [32mrun_until_complete finished with '0'[0m
[1.182s] [34mcolcon.colcon_core.event_reactor[0m [1;30mDEBUG[0m [32mjoining thread[0m
[1.187s] [34mcolcon.colcon_core.plugin_system[0m [1;30mINFO[0m Skipping extension 'colcon_notification.desktop_notification.terminal_notifier': Not used on non-Darwin systems
[1.187s] [34mcolcon.colcon_core.plugin_system[0m [1;30mINFO[0m Skipping extension 'colcon_notification.desktop_notification.win32': Not used on non-Windows systems
[1.187s] [34mcolcon.colcon_notification.desktop_notification[0m [1;30mINFO[0m Sending desktop notification using 'notify2'
[1.189s] [34mcolcon.colcon_notification.desktop_notification.notify2[0m [1;30mDEBUG[0m [32mFailed to initialize notify2: org.freedesktop.DBus.Error.ServiceUnknown: The name org.freedesktop.Notifications was not provided by any .service files[0m
[1.190s] [34mcolcon.colcon_core.event_reactor[0m [1;30mDEBUG[0m [32mjoined thread[0m
[1.190s] [34mcolcon.colcon_core.shell[0m [1;30mINFO[0m Creating prefix script '/home/dgx_allex_one/allex_ces_idle_interaction_gui/install/local_setup.ps1'
[1.190s] [34mcolcon.colcon_core.shell[0m [1;30mINFO[0m Creating prefix util module '/home/dgx_allex_one/allex_ces_idle_interaction_gui/install/_local_setup_util_ps1.py'
[1.191s] [34mcolcon.colcon_core.shell[0m [1;30mINFO[0m Creating prefix chain script '/home/dgx_allex_one/allex_ces_idle_interaction_gui/install/setup.ps1'
[1.192s] [34mcolcon.colcon_core.shell[0m [1;30mINFO[0m Creating prefix script '/home/dgx_allex_one/allex_ces_idle_interaction_gui/install/local_setup.sh'
[1.193s] [34mcolcon.colcon_core.shell[0m [1;30mINFO[0m Creating prefix util module '/home/dgx_allex_one/allex_ces_idle_interaction_gui/install/_local_setup_util_sh.py'
[1.193s] [34mcolcon.colcon_core.shell[0m [1;30mINFO[0m Creating prefix chain script '/home/dgx_allex_one/allex_ces_idle_interaction_gui/install/setup.sh'
[1.194s] [34mcolcon.colcon_core.shell[0m [1;30mINFO[0m Creating prefix script '/home/dgx_allex_one/allex_ces_idle_interaction_gui/install/local_setup.bash'
[1.195s] [34mcolcon.colcon_core.shell[0m [1;30mINFO[0m Creating prefix chain script '/home/dgx_allex_one/allex_ces_idle_interaction_gui/install/setup.bash'
[1.196s] [34mcolcon.colcon_core.shell[0m [1;30mINFO[0m Creating prefix script '/home/dgx_allex_one/allex_ces_idle_interaction_gui/install/local_setup.zsh'
[1.196s] [34mcolcon.colcon_core.shell[0m [1;30mINFO[0m Creating prefix chain script '/home/dgx_allex_one/allex_ces_idle_interaction_gui/install/setup.zsh'
