[1.188s] Invoking command in '/home/mars/allex_ces_idle_interaction/build/allex_ces_idle_interaction': DEBUGINFOD_URLS=https://debuginfod.ubuntu.com PYTHONPATH=/home/mars/allex_ces_idle_interaction/build/allex_ces_idle_interaction/prefix_override:/usr/lib/python3/dist-packages/colcon_core/task/python/colcon_distutils_commands:/home/mars/allex_ces_idle_interaction/install/allex_ces_idle_interaction/lib/python3.12/site-packages:${PYTHONPATH} /usr/bin/python3 -W ignore:setup.py install is deprecated -W ignore:easy_install command is deprecated setup.py develop --editable --build-directory /home/mars/allex_ces_idle_interaction/build/allex_ces_idle_interaction/build --no-deps symlink_data
[1.459s] running develop
[1.620s] running egg_info
[1.636s] writing allex_ces_idle_interaction.egg-info/PKG-INFO
[1.636s] writing dependency_links to allex_ces_idle_interaction.egg-info/dependency_links.txt
[1.636s] writing entry points to allex_ces_idle_interaction.egg-info/entry_points.txt
[1.636s] writing requirements to allex_ces_idle_interaction.egg-info/requires.txt
[1.637s] writing top-level names to allex_ces_idle_interaction.egg-info/top_level.txt
[1.668s] reading manifest file 'allex_ces_idle_interaction.egg-info/SOURCES.txt'
[1.669s] writing manifest file 'allex_ces_idle_interaction.egg-info/SOURCES.txt'
[1.735s] running build_ext
[1.736s] Creating /home/mars/allex_ces_idle_interaction/install/allex_ces_idle_interaction/lib/python3.12/site-packages/allex-ces-idle-interaction.egg-link (link to .)
[1.736s] Installing allex_idle_interaction_node script to /home/mars/allex_ces_idle_interaction/install/allex_ces_idle_interaction/lib/allex_ces_idle_interaction
[1.736s] Installing camera_test script to /home/mars/allex_ces_idle_interaction/install/allex_ces_idle_interaction/lib/allex_ces_idle_interaction
[1.737s] Installing gaze_controller_neck_waist_node script to /home/mars/allex_ces_idle_interaction/install/allex_ces_idle_interaction/lib/allex_ces_idle_interaction
[1.737s] Installing gui_node script to /home/mars/allex_ces_idle_interaction/install/allex_ces_idle_interaction/lib/allex_ces_idle_interaction
[1.738s] Installing idle_interaction_gui_node script to /home/mars/allex_ces_idle_interaction/install/allex_ces_idle_interaction/lib/allex_ces_idle_interaction
[1.738s] Installing llm_hand_gesture_clip_node script to /home/mars/allex_ces_idle_interaction/install/allex_ces_idle_interaction/lib/allex_ces_idle_interaction
[1.738s] Installing tracking_fsm_node script to /home/mars/allex_ces_idle_interaction/install/allex_ces_idle_interaction/lib/allex_ces_idle_interaction
[1.738s] Installing yolo_detection_node script to /home/mars/allex_ces_idle_interaction/install/allex_ces_idle_interaction/lib/allex_ces_idle_interaction
[1.739s] 
[1.739s] Installed /home/mars/allex_ces_idle_interaction/build/allex_ces_idle_interaction
[1.739s] running symlink_data
[1.819s] Invoked command in '/home/mars/allex_ces_idle_interaction/build/allex_ces_idle_interaction' returned '0': DEBUGINFOD_URLS=https://debuginfod.ubuntu.com PYTHONPATH=/home/mars/allex_ces_idle_interaction/build/allex_ces_idle_interaction/prefix_override:/usr/lib/python3/dist-packages/colcon_core/task/python/colcon_distutils_commands:/home/mars/allex_ces_idle_interaction/install/allex_ces_idle_interaction/lib/python3.12/site-packages:${PYTHONPATH} /usr/bin/python3 -W ignore:setup.py install is deprecated -W ignore:easy_install command is deprecated setup.py develop --editable --build-directory /home/mars/allex_ces_idle_interaction/build/allex_ces_idle_interaction/build --no-deps symlink_data
