[0.879s] Invoking command in '/home/dgx_allex_one/allex_ces_idle_interaction_gui/build/allex_ces_idle_interaction': DEBUGINFOD_URLS=https://debuginfod.ubuntu.com PYTHONPATH=/home/dgx_allex_one/allex_ces_idle_interaction_gui/build/allex_ces_idle_interaction/prefix_override:/usr/lib/python3/dist-packages/colcon_core/task/python/colcon_distutils_commands:/home/dgx_allex_one/allex_ces_idle_interaction_gui/install/allex_ces_idle_interaction/lib/python3.12/site-packages:${PYTHONPATH} /usr/bin/python3 -W ignore:setup.py install is deprecated -W ignore:easy_install command is deprecated setup.py develop --editable --build-directory /home/dgx_allex_one/allex_ces_idle_interaction_gui/build/allex_ces_idle_interaction/build --no-deps symlink_data
[1.064s] running develop
[1.133s] /usr/lib/python3/dist-packages/setuptools/command/easy_install.py:363: UserWarning: Unbuilt egg for irim-control-panel-n-dashboard [unknown version] (/home/dgx_allex_one/allex_ces_idle_interaction_gui/build/irim_control_panel_n_dashboard)
[1.133s]   self.local_index = Environment(self.shadow_path + sys.path)
[1.145s] running egg_info
[1.152s] writing allex_ces_idle_interaction.egg-info/PKG-INFO
[1.152s] writing dependency_links to allex_ces_idle_interaction.egg-info/dependency_links.txt
[1.152s] writing entry points to allex_ces_idle_interaction.egg-info/entry_points.txt
[1.153s] writing requirements to allex_ces_idle_interaction.egg-info/requires.txt
[1.153s] writing top-level names to allex_ces_idle_interaction.egg-info/top_level.txt
[1.170s] reading manifest file 'allex_ces_idle_interaction.egg-info/SOURCES.txt'
[1.170s] writing manifest file 'allex_ces_idle_interaction.egg-info/SOURCES.txt'
[1.203s] running build_ext
[1.203s] Creating /home/dgx_allex_one/allex_ces_idle_interaction_gui/install/allex_ces_idle_interaction/lib/python3.12/site-packages/allex-ces-idle-interaction.egg-link (link to .)
[1.203s] Installing allex_idle_interaction_node script to /home/dgx_allex_one/allex_ces_idle_interaction_gui/install/allex_ces_idle_interaction/lib/allex_ces_idle_interaction
[1.204s] Installing camera_test script to /home/dgx_allex_one/allex_ces_idle_interaction_gui/install/allex_ces_idle_interaction/lib/allex_ces_idle_interaction
[1.204s] Installing gaze_controller_neck_waist_node script to /home/dgx_allex_one/allex_ces_idle_interaction_gui/install/allex_ces_idle_interaction/lib/allex_ces_idle_interaction
[1.204s] Installing gui_node script to /home/dgx_allex_one/allex_ces_idle_interaction_gui/install/allex_ces_idle_interaction/lib/allex_ces_idle_interaction
[1.204s] Installing idle_interaction_gui_node script to /home/dgx_allex_one/allex_ces_idle_interaction_gui/install/allex_ces_idle_interaction/lib/allex_ces_idle_interaction
[1.204s] Installing llm_hand_gesture_clip_node script to /home/dgx_allex_one/allex_ces_idle_interaction_gui/install/allex_ces_idle_interaction/lib/allex_ces_idle_interaction
[1.204s] Installing tracking_fsm_node script to /home/dgx_allex_one/allex_ces_idle_interaction_gui/install/allex_ces_idle_interaction/lib/allex_ces_idle_interaction
[1.204s] Installing yolo_detection_node script to /home/dgx_allex_one/allex_ces_idle_interaction_gui/install/allex_ces_idle_interaction/lib/allex_ces_idle_interaction
[1.204s] 
[1.204s] Installed /home/dgx_allex_one/allex_ces_idle_interaction_gui/build/allex_ces_idle_interaction
[1.204s] running symlink_data
[1.233s] Invoked command in '/home/dgx_allex_one/allex_ces_idle_interaction_gui/build/allex_ces_idle_interaction' returned '0': DEBUGINFOD_URLS=https://debuginfod.ubuntu.com PYTHONPATH=/home/dgx_allex_one/allex_ces_idle_interaction_gui/build/allex_ces_idle_interaction/prefix_override:/usr/lib/python3/dist-packages/colcon_core/task/python/colcon_distutils_commands:/home/dgx_allex_one/allex_ces_idle_interaction_gui/install/allex_ces_idle_interaction/lib/python3.12/site-packages:${PYTHONPATH} /usr/bin/python3 -W ignore:setup.py install is deprecated -W ignore:easy_install command is deprecated setup.py develop --editable --build-directory /home/dgx_allex_one/allex_ces_idle_interaction_gui/build/allex_ces_idle_interaction/build --no-deps symlink_data
