[0.655s] Invoking command in '/home/dgx_allex_one/allex_ces_idle_interaction_gui/build/irim_control_panel_n_dashboard': DEBUGINFOD_URLS=https://debuginfod.ubuntu.com PYTHONPATH=/home/dgx_allex_one/allex_ces_idle_interaction_gui/build/irim_control_panel_n_dashboard/prefix_override:/usr/lib/python3/dist-packages/colcon_core/task/python/colcon_distutils_commands:/home/dgx_allex_one/allex_ces_idle_interaction_gui/install/irim_control_panel_n_dashboard/lib/python3.12/site-packages:${PYTHONPATH} /usr/bin/python3 -W ignore:setup.py install is deprecated -W ignore:easy_install command is deprecated setup.py develop --editable --build-directory /home/dgx_allex_one/allex_ces_idle_interaction_gui/build/irim_control_panel_n_dashboard/build --no-deps symlink_data
[0.822s] running develop
[0.890s] /usr/lib/python3/dist-packages/setuptools/command/easy_install.py:363: UserWarning: Unbuilt egg for allex-testbed [unknown version] (/home/dgx_allex_one/allex_ces_idle_interaction_gui/build/allex_testbed)
[0.890s]   self.local_index = Environment(self.shadow_path + sys.path)
[0.902s] running egg_info
[0.909s] writing irim_control_panel_n_dashboard.egg-info/PKG-INFO
[0.909s] writing dependency_links to irim_control_panel_n_dashboard.egg-info/dependency_links.txt
[0.909s] writing entry points to irim_control_panel_n_dashboard.egg-info/entry_points.txt
[0.909s] writing requirements to irim_control_panel_n_dashboard.egg-info/requires.txt
[0.909s] writing top-level names to irim_control_panel_n_dashboard.egg-info/top_level.txt
[0.927s] reading manifest file 'irim_control_panel_n_dashboard.egg-info/SOURCES.txt'
[0.927s] writing manifest file 'irim_control_panel_n_dashboard.egg-info/SOURCES.txt'
[0.960s] running build_ext
[0.961s] Creating /home/dgx_allex_one/allex_ces_idle_interaction_gui/install/irim_control_panel_n_dashboard/lib/python3.12/site-packages/irim-control-panel-n-dashboard.egg-link (link to .)
[0.961s] Installing control_panel_main script to /home/dgx_allex_one/allex_ces_idle_interaction_gui/install/irim_control_panel_n_dashboard/lib/irim_control_panel_n_dashboard
[0.961s] Installing foot_sw script to /home/dgx_allex_one/allex_ces_idle_interaction_gui/install/irim_control_panel_n_dashboard/lib/irim_control_panel_n_dashboard
[0.961s] Installing joint_cmd_sliders script to /home/dgx_allex_one/allex_ces_idle_interaction_gui/install/irim_control_panel_n_dashboard/lib/irim_control_panel_n_dashboard
[0.961s] 
[0.961s] Installed /home/dgx_allex_one/allex_ces_idle_interaction_gui/build/irim_control_panel_n_dashboard
[0.961s] running symlink_data
[0.980s] Invoked command in '/home/dgx_allex_one/allex_ces_idle_interaction_gui/build/irim_control_panel_n_dashboard' returned '0': DEBUGINFOD_URLS=https://debuginfod.ubuntu.com PYTHONPATH=/home/dgx_allex_one/allex_ces_idle_interaction_gui/build/irim_control_panel_n_dashboard/prefix_override:/usr/lib/python3/dist-packages/colcon_core/task/python/colcon_distutils_commands:/home/dgx_allex_one/allex_ces_idle_interaction_gui/install/irim_control_panel_n_dashboard/lib/python3.12/site-packages:${PYTHONPATH} /usr/bin/python3 -W ignore:setup.py install is deprecated -W ignore:easy_install command is deprecated setup.py develop --editable --build-directory /home/dgx_allex_one/allex_ces_idle_interaction_gui/build/irim_control_panel_n_dashboard/build --no-deps symlink_data
