running develop
running egg_info
creating allex_ces_idle_interaction.egg-info
writing allex_ces_idle_interaction.egg-info/PKG-INFO
writing dependency_links to allex_ces_idle_interaction.egg-info/dependency_links.txt
writing entry points to allex_ces_idle_interaction.egg-info/entry_points.txt
writing requirements to allex_ces_idle_interaction.egg-info/requires.txt
writing top-level names to allex_ces_idle_interaction.egg-info/top_level.txt
writing manifest file 'allex_ces_idle_interaction.egg-info/SOURCES.txt'
reading manifest file 'allex_ces_idle_interaction.egg-info/SOURCES.txt'
writing manifest file 'allex_ces_idle_interaction.egg-info/SOURCES.txt'
running build_ext
Creating /home/dgx_allex_one/allex_ces_idle_interaction_gui/install/allex_ces_idle_interaction/lib/python3.12/site-packages/allex-ces-idle-interaction.egg-link (link to .)
Installing allex_idle_interaction_node script to /home/dgx_allex_one/allex_ces_idle_interaction_gui/install/allex_ces_idle_interaction/lib/allex_ces_idle_interaction
Installing camera_depth_checker_node script to /home/dgx_allex_one/allex_ces_idle_interaction_gui/install/allex_ces_idle_interaction/lib/allex_ces_idle_interaction
Installing camera_test script to /home/dgx_allex_one/allex_ces_idle_interaction_gui/install/allex_ces_idle_interaction/lib/allex_ces_idle_interaction
Installing gaze_controller_neck_waist_node script to /home/dgx_allex_one/allex_ces_idle_interaction_gui/install/allex_ces_idle_interaction/lib/allex_ces_idle_interaction
Installing gui_node script to /home/dgx_allex_one/allex_ces_idle_interaction_gui/install/allex_ces_idle_interaction/lib/allex_ces_idle_interaction
Installing idle_interaction_gui_node script to /home/dgx_allex_one/allex_ces_idle_interaction_gui/install/allex_ces_idle_interaction/lib/allex_ces_idle_interaction
Installing joystick_control_node script to /home/dgx_allex_one/allex_ces_idle_interaction_gui/install/allex_ces_idle_interaction/lib/allex_ces_idle_interaction
Installing tracking_fsm_node script to /home/dgx_allex_one/allex_ces_idle_interaction_gui/install/allex_ces_idle_interaction/lib/allex_ces_idle_interaction
Installing yolo_detection_node script to /home/dgx_allex_one/allex_ces_idle_interaction_gui/install/allex_ces_idle_interaction/lib/allex_ces_idle_interaction

Installed /home/dgx_allex_one/allex_ces_idle_interaction_gui/build/allex_ces_idle_interaction
running symlink_data
creating /home/dgx_allex_one/allex_ces_idle_interaction_gui/install/allex_ces_idle_interaction/share/ament_index
creating /home/dgx_allex_one/allex_ces_idle_interaction_gui/install/allex_ces_idle_interaction/share/ament_index/resource_index
creating /home/dgx_allex_one/allex_ces_idle_interaction_gui/install/allex_ces_idle_interaction/share/ament_index/resource_index/packages
symbolically linking /home/dgx_allex_one/allex_ces_idle_interaction_gui/build/allex_ces_idle_interaction/resource/allex_ces_idle_interaction -> /home/dgx_allex_one/allex_ces_idle_interaction_gui/install/allex_ces_idle_interaction/share/ament_index/resource_index/packages
symbolically linking /home/dgx_allex_one/allex_ces_idle_interaction_gui/build/allex_ces_idle_interaction/package.xml -> /home/dgx_allex_one/allex_ces_idle_interaction_gui/install/allex_ces_idle_interaction/share/allex_ces_idle_interaction
creating /home/dgx_allex_one/allex_ces_idle_interaction_gui/install/allex_ces_idle_interaction/share/allex_ces_idle_interaction/config
symbolically linking /home/dgx_allex_one/allex_ces_idle_interaction_gui/build/allex_ces_idle_interaction/config/topics.json -> /home/dgx_allex_one/allex_ces_idle_interaction_gui/install/allex_ces_idle_interaction/share/allex_ces_idle_interaction/config
symbolically linking /home/dgx_allex_one/allex_ces_idle_interaction_gui/build/allex_ces_idle_interaction/config/botsort.yaml -> /home/dgx_allex_one/allex_ces_idle_interaction_gui/install/allex_ces_idle_interaction/share/allex_ces_idle_interaction/config
creating /home/dgx_allex_one/allex_ces_idle_interaction_gui/install/allex_ces_idle_interaction/share/allex_ces_idle_interaction/launch
symbolically linking /home/dgx_allex_one/allex_ces_idle_interaction_gui/build/allex_ces_idle_interaction/launch/allex_idle_interaction.launch.py -> /home/dgx_allex_one/allex_ces_idle_interaction_gui/install/allex_ces_idle_interaction/share/allex_ces_idle_interaction/launch
