[0.677s] Invoking command in '/home/dgx_allex_one/allex_ces_idle_interaction_gui/build/allex_ces_idle_interaction': DEBUGINFOD_URLS=https://debuginfod.ubuntu.com PYTHONPATH=/home/dgx_allex_one/allex_ces_idle_interaction_gui/build/allex_ces_idle_interaction/prefix_override:/usr/lib/python3/dist-packages/colcon_core/task/python/colcon_distutils_commands:/home/dgx_allex_one/allex_ces_idle_interaction_gui/install/allex_ces_idle_interaction/lib/python3.12/site-packages:${PYTHONPATH} /usr/bin/python3 -W ignore:setup.py install is deprecated -W ignore:easy_install command is deprecated setup.py develop --editable --build-directory /home/dgx_allex_one/allex_ces_idle_interaction_gui/build/allex_ces_idle_interaction/build --no-deps symlink_data
[0.849s] running develop
[0.906s] /usr/lib/python3/dist-packages/setuptools/command/easy_install.py:363: UserWarning: Unbuilt egg for allex-testbed [unknown version] (/home/dgx_allex_one/allex_ces_idle_interaction_gui/build/allex_testbed)
[0.906s]   self.local_index = Environment(self.shadow_path + sys.path)
[0.929s] running egg_info
[0.937s] writing allex_ces_idle_interaction.egg-info/PKG-INFO
[0.937s] writing dependency_links to allex_ces_idle_interaction.egg-info/dependency_links.txt
[0.937s] writing entry points to allex_ces_idle_interaction.egg-info/entry_points.txt
[0.937s] writing requirements to allex_ces_idle_interaction.egg-info/requires.txt
[0.937s] writing top-level names to allex_ces_idle_interaction.egg-info/top_level.txt
[0.954s] reading manifest file 'allex_ces_idle_interaction.egg-info/SOURCES.txt'
[0.954s] writing manifest file 'allex_ces_idle_interaction.egg-info/SOURCES.txt'
[0.988s] running build_ext
[0.988s] Creating /home/dgx_allex_one/allex_ces_idle_interaction_gui/install/allex_ces_idle_interaction/lib/python3.12/site-packages/allex-ces-idle-interaction.egg-link (link to .)
[0.988s] Installing allex_idle_interaction_node script to /home/dgx_allex_one/allex_ces_idle_interaction_gui/install/allex_ces_idle_interaction/lib/allex_ces_idle_interaction
[0.989s] Installing camera_test script to /home/dgx_allex_one/allex_ces_idle_interaction_gui/install/allex_ces_idle_interaction/lib/allex_ces_idle_interaction
[0.989s] Installing gaze_controller_neck_waist_node script to /home/dgx_allex_one/allex_ces_idle_interaction_gui/install/allex_ces_idle_interaction/lib/allex_ces_idle_interaction
[0.989s] Installing gui_node script to /home/dgx_allex_one/allex_ces_idle_interaction_gui/install/allex_ces_idle_interaction/lib/allex_ces_idle_interaction
[0.990s] Installing idle_interaction_gui_node script to /home/dgx_allex_one/allex_ces_idle_interaction_gui/install/allex_ces_idle_interaction/lib/allex_ces_idle_interaction
[0.990s] Installing llm_hand_gesture_clip_node script to /home/dgx_allex_one/allex_ces_idle_interaction_gui/install/allex_ces_idle_interaction/lib/allex_ces_idle_interaction
[0.990s] Installing tracking_fsm_node script to /home/dgx_allex_one/allex_ces_idle_interaction_gui/install/allex_ces_idle_interaction/lib/allex_ces_idle_interaction
[0.990s] Installing yolo_detection_node script to /home/dgx_allex_one/allex_ces_idle_interaction_gui/install/allex_ces_idle_interaction/lib/allex_ces_idle_interaction
[0.990s] 
[0.990s] Installed /home/dgx_allex_one/allex_ces_idle_interaction_gui/build/allex_ces_idle_interaction
[0.991s] running symlink_data
[1.013s] Invoked command in '/home/dgx_allex_one/allex_ces_idle_interaction_gui/build/allex_ces_idle_interaction' returned '0': DEBUGINFOD_URLS=https://debuginfod.ubuntu.com PYTHONPATH=/home/dgx_allex_one/allex_ces_idle_interaction_gui/build/allex_ces_idle_interaction/prefix_override:/usr/lib/python3/dist-packages/colcon_core/task/python/colcon_distutils_commands:/home/dgx_allex_one/allex_ces_idle_interaction_gui/install/allex_ces_idle_interaction/lib/python3.12/site-packages:${PYTHONPATH} /usr/bin/python3 -W ignore:setup.py install is deprecated -W ignore:easy_install command is deprecated setup.py develop --editable --build-directory /home/dgx_allex_one/allex_ces_idle_interaction_gui/build/allex_ces_idle_interaction/build --no-deps symlink_data
