[0.233s] DEBUG:colcon:Command line arguments: ['/usr/bin/colcon', 'build', '--symlink-install']
[0.233s] DEBUG:colcon:Parsed command line arguments: Namespace(log_base=None, log_level=None, verb_name='build', build_base='build', install_base='install', merge_install=False, symlink_install=True, test_result_base=None, continue_on_error=False, executor='parallel', parallel_workers=20, event_handlers=None, ignore_user_meta=False, metas=['./colcon.meta'], base_paths=['.'], packages_ignore=None, packages_ignore_regex=None, paths=None, packages_up_to=None, packages_up_to_regex=None, packages_above=None, packages_above_and_dependencies=None, packages_above_depth=None, packages_select_by_dep=None, packages_skip_by_dep=None, packages_skip_up_to=None, packages_select_build_failed=False, packages_skip_build_finished=False, packages_select_test_failures=False, packages_skip_test_passed=False, packages_select=None, packages_skip=None, packages_select_regex=None, packages_skip_regex=None, packages_start=None, packages_end=None, allow_overriding=[], cmake_args=None, cmake_target=None, cmake_target_skip_unavailable=False, cmake_clean_cache=False, cmake_clean_first=False, cmake_force_configure=False, ament_cmake_args=None, catkin_cmake_args=None, catkin_skip_building_tests=False, mixin_files=None, mixin=None, verb_parser=<colcon_mixin.mixin.mixin_argument.MixinArgumentDecorator object at 0xebdba36f3b00>, verb_extension=<colcon_core.verb.build.BuildVerb object at 0xebdba3699760>, main=<bound method BuildVerb.main of <colcon_core.verb.build.BuildVerb object at 0xebdba3699760>>, mixin_verb=('build',))
[0.296s] Level 1:colcon.colcon_core.package_discovery:discover_packages(colcon_meta) check parameters
[0.296s] Level 1:colcon.colcon_core.package_discovery:discover_packages(recursive) check parameters
[0.296s] Level 1:colcon.colcon_core.package_discovery:discover_packages(ignore) check parameters
[0.296s] Level 1:colcon.colcon_core.package_discovery:discover_packages(path) check parameters
[0.296s] Level 1:colcon.colcon_core.package_discovery:discover_packages(colcon_meta) discover
[0.296s] Level 1:colcon.colcon_core.package_discovery:discover_packages(recursive) discover
[0.296s] INFO:colcon.colcon_core.package_discovery:Crawling recursively for packages in '/home/dgx_allex_one/allex_ces_idle_interaction_gui'
[0.296s] Level 1:colcon.colcon_core.package_identification:_identify(.) by extensions ['ignore', 'ignore_ament_install']
[0.296s] Level 1:colcon.colcon_core.package_identification:_identify(.) by extension 'ignore'
[0.296s] Level 1:colcon.colcon_core.package_identification:_identify(.) by extension 'ignore_ament_install'
[0.297s] Level 1:colcon.colcon_core.package_identification:_identify(.) by extensions ['colcon_pkg']
[0.297s] Level 1:colcon.colcon_core.package_identification:_identify(.) by extension 'colcon_pkg'
[0.297s] Level 1:colcon.colcon_core.package_identification:_identify(.) by extensions ['colcon_meta']
[0.297s] Level 1:colcon.colcon_core.package_identification:_identify(.) by extension 'colcon_meta'
[0.297s] Level 1:colcon.colcon_core.package_identification:_identify(.) by extensions ['ros']
[0.297s] Level 1:colcon.colcon_core.package_identification:_identify(.) by extension 'ros'
[0.319s] Level 1:colcon.colcon_core.package_identification:_identify(.) by extensions ['cmake', 'python']
[0.319s] Level 1:colcon.colcon_core.package_identification:_identify(.) by extension 'cmake'
[0.320s] Level 1:colcon.colcon_core.package_identification:_identify(.) by extension 'python'
[0.320s] Level 1:colcon.colcon_core.package_identification:_identify(.) by extensions ['python_setup_py']
[0.320s] Level 1:colcon.colcon_core.package_identification:_identify(.) by extension 'python_setup_py'
[0.320s] Level 1:colcon.colcon_core.package_identification:_identify(build) by extensions ['ignore', 'ignore_ament_install']
[0.320s] Level 1:colcon.colcon_core.package_identification:_identify(build) by extension 'ignore'
[0.320s] Level 1:colcon.colcon_core.package_identification:_identify(build) ignored
[0.320s] Level 1:colcon.colcon_core.package_identification:_identify(install) by extensions ['ignore', 'ignore_ament_install']
[0.320s] Level 1:colcon.colcon_core.package_identification:_identify(install) by extension 'ignore'
[0.320s] Level 1:colcon.colcon_core.package_identification:_identify(install) ignored
[0.320s] Level 1:colcon.colcon_core.package_identification:_identify(log) by extensions ['ignore', 'ignore_ament_install']
[0.320s] Level 1:colcon.colcon_core.package_identification:_identify(log) by extension 'ignore'
[0.320s] Level 1:colcon.colcon_core.package_identification:_identify(log) ignored
[0.320s] Level 1:colcon.colcon_core.package_identification:_identify(src) by extensions ['ignore', 'ignore_ament_install']
[0.320s] Level 1:colcon.colcon_core.package_identification:_identify(src) by extension 'ignore'
[0.320s] Level 1:colcon.colcon_core.package_identification:_identify(src) by extension 'ignore_ament_install'
[0.320s] Level 1:colcon.colcon_core.package_identification:_identify(src) by extensions ['colcon_pkg']
[0.321s] Level 1:colcon.colcon_core.package_identification:_identify(src) by extension 'colcon_pkg'
[0.321s] Level 1:colcon.colcon_core.package_identification:_identify(src) by extensions ['colcon_meta']
[0.321s] Level 1:colcon.colcon_core.package_identification:_identify(src) by extension 'colcon_meta'
[0.321s] Level 1:colcon.colcon_core.package_identification:_identify(src) by extensions ['ros']
[0.321s] Level 1:colcon.colcon_core.package_identification:_identify(src) by extension 'ros'
[0.321s] Level 1:colcon.colcon_core.package_identification:_identify(src) by extensions ['cmake', 'python']
[0.321s] Level 1:colcon.colcon_core.package_identification:_identify(src) by extension 'cmake'
[0.321s] Level 1:colcon.colcon_core.package_identification:_identify(src) by extension 'python'
[0.321s] Level 1:colcon.colcon_core.package_identification:_identify(src) by extensions ['python_setup_py']
[0.321s] Level 1:colcon.colcon_core.package_identification:_identify(src) by extension 'python_setup_py'
[0.321s] Level 1:colcon.colcon_core.package_identification:_identify(src/allex_ces_idle_interaction) by extensions ['ignore', 'ignore_ament_install']
[0.321s] Level 1:colcon.colcon_core.package_identification:_identify(src/allex_ces_idle_interaction) by extension 'ignore'
[0.321s] Level 1:colcon.colcon_core.package_identification:_identify(src/allex_ces_idle_interaction) by extension 'ignore_ament_install'
[0.321s] Level 1:colcon.colcon_core.package_identification:_identify(src/allex_ces_idle_interaction) by extensions ['colcon_pkg']
[0.321s] Level 1:colcon.colcon_core.package_identification:_identify(src/allex_ces_idle_interaction) by extension 'colcon_pkg'
[0.321s] Level 1:colcon.colcon_core.package_identification:_identify(src/allex_ces_idle_interaction) by extensions ['colcon_meta']
[0.321s] Level 1:colcon.colcon_core.package_identification:_identify(src/allex_ces_idle_interaction) by extension 'colcon_meta'
[0.321s] Level 1:colcon.colcon_core.package_identification:_identify(src/allex_ces_idle_interaction) by extensions ['ros']
[0.321s] Level 1:colcon.colcon_core.package_identification:_identify(src/allex_ces_idle_interaction) by extension 'ros'
[0.324s] DEBUG:colcon.colcon_core.package_identification:Package 'src/allex_ces_idle_interaction' with type 'ros.ament_python' and name 'allex_ces_idle_interaction'
[0.325s] Level 1:colcon.colcon_core.package_identification:_identify(src/allex_testbed) by extensions ['ignore', 'ignore_ament_install']
[0.325s] Level 1:colcon.colcon_core.package_identification:_identify(src/allex_testbed) by extension 'ignore'
[0.325s] Level 1:colcon.colcon_core.package_identification:_identify(src/allex_testbed) by extension 'ignore_ament_install'
[0.325s] Level 1:colcon.colcon_core.package_identification:_identify(src/allex_testbed) by extensions ['colcon_pkg']
[0.325s] Level 1:colcon.colcon_core.package_identification:_identify(src/allex_testbed) by extension 'colcon_pkg'
[0.325s] Level 1:colcon.colcon_core.package_identification:_identify(src/allex_testbed) by extensions ['colcon_meta']
[0.325s] Level 1:colcon.colcon_core.package_identification:_identify(src/allex_testbed) by extension 'colcon_meta'
[0.325s] Level 1:colcon.colcon_core.package_identification:_identify(src/allex_testbed) by extensions ['ros']
[0.325s] Level 1:colcon.colcon_core.package_identification:_identify(src/allex_testbed) by extension 'ros'
[0.326s] DEBUG:colcon.colcon_core.package_identification:Package 'src/allex_testbed' with type 'ros.ament_python' and name 'allex_testbed'
[0.326s] Level 1:colcon.colcon_core.package_identification:_identify(src/irim_control_panel_n_dashboard) by extensions ['ignore', 'ignore_ament_install']
[0.326s] Level 1:colcon.colcon_core.package_identification:_identify(src/irim_control_panel_n_dashboard) by extension 'ignore'
[0.326s] Level 1:colcon.colcon_core.package_identification:_identify(src/irim_control_panel_n_dashboard) by extension 'ignore_ament_install'
[0.326s] Level 1:colcon.colcon_core.package_identification:_identify(src/irim_control_panel_n_dashboard) by extensions ['colcon_pkg']
[0.326s] Level 1:colcon.colcon_core.package_identification:_identify(src/irim_control_panel_n_dashboard) by extension 'colcon_pkg'
[0.326s] Level 1:colcon.colcon_core.package_identification:_identify(src/irim_control_panel_n_dashboard) by extensions ['colcon_meta']
[0.326s] Level 1:colcon.colcon_core.package_identification:_identify(src/irim_control_panel_n_dashboard) by extension 'colcon_meta'
[0.326s] Level 1:colcon.colcon_core.package_identification:_identify(src/irim_control_panel_n_dashboard) by extensions ['ros']
[0.326s] Level 1:colcon.colcon_core.package_identification:_identify(src/irim_control_panel_n_dashboard) by extension 'ros'
[0.327s] DEBUG:colcon.colcon_core.package_identification:Package 'src/irim_control_panel_n_dashboard' with type 'ros.ament_python' and name 'irim_control_panel_n_dashboard'
[0.327s] Level 1:colcon.colcon_core.package_discovery:discover_packages(recursive) using defaults
[0.327s] Level 1:colcon.colcon_core.package_discovery:discover_packages(ignore) discover
[0.327s] Level 1:colcon.colcon_core.package_discovery:discover_packages(ignore) using defaults
[0.327s] Level 1:colcon.colcon_core.package_discovery:discover_packages(path) discover
[0.327s] Level 1:colcon.colcon_core.package_discovery:discover_packages(path) using defaults
[0.349s] Level 1:colcon.colcon_core.package_discovery:discover_packages(prefix_path) check parameters
[0.349s] Level 1:colcon.colcon_core.package_discovery:discover_packages(prefix_path) discover
[0.352s] DEBUG:colcon.colcon_installed_package_information.package_discovery:Found 3 installed packages in /home/dgx_allex_one/allex_ces_idle_interaction_gui/install
[0.354s] DEBUG:colcon.colcon_installed_package_information.package_discovery:Found 297 installed packages in /opt/ros/jazzy
[0.355s] Level 1:colcon.colcon_core.package_discovery:discover_packages(prefix_path) using defaults
[0.379s] Level 5:colcon.colcon_core.verb:set package 'allex_ces_idle_interaction' build argument 'cmake_args' from command line to 'None'
[0.379s] Level 5:colcon.colcon_core.verb:set package 'allex_ces_idle_interaction' build argument 'cmake_target' from command line to 'None'
[0.379s] Level 5:colcon.colcon_core.verb:set package 'allex_ces_idle_interaction' build argument 'cmake_target_skip_unavailable' from command line to 'False'
[0.379s] Level 5:colcon.colcon_core.verb:set package 'allex_ces_idle_interaction' build argument 'cmake_clean_cache' from command line to 'False'
[0.379s] Level 5:colcon.colcon_core.verb:set package 'allex_ces_idle_interaction' build argument 'cmake_clean_first' from command line to 'False'
[0.379s] Level 5:colcon.colcon_core.verb:set package 'allex_ces_idle_interaction' build argument 'cmake_force_configure' from command line to 'False'
[0.379s] Level 5:colcon.colcon_core.verb:set package 'allex_ces_idle_interaction' build argument 'ament_cmake_args' from command line to 'None'
[0.379s] Level 5:colcon.colcon_core.verb:set package 'allex_ces_idle_interaction' build argument 'catkin_cmake_args' from command line to 'None'
[0.379s] Level 5:colcon.colcon_core.verb:set package 'allex_ces_idle_interaction' build argument 'catkin_skip_building_tests' from command line to 'False'
[0.379s] DEBUG:colcon.colcon_core.verb:Building package 'allex_ces_idle_interaction' with the following arguments: {'ament_cmake_args': None, 'build_base': '/home/dgx_allex_one/allex_ces_idle_interaction_gui/build/allex_ces_idle_interaction', 'catkin_cmake_args': None, 'catkin_skip_building_tests': False, 'cmake_args': None, 'cmake_clean_cache': False, 'cmake_clean_first': False, 'cmake_force_configure': False, 'cmake_target': None, 'cmake_target_skip_unavailable': False, 'install_base': '/home/dgx_allex_one/allex_ces_idle_interaction_gui/install/allex_ces_idle_interaction', 'merge_install': False, 'path': '/home/dgx_allex_one/allex_ces_idle_interaction_gui/src/allex_ces_idle_interaction', 'symlink_install': True, 'test_result_base': None}
[0.379s] Level 5:colcon.colcon_core.verb:set package 'allex_testbed' build argument 'cmake_args' from command line to 'None'
[0.379s] Level 5:colcon.colcon_core.verb:set package 'allex_testbed' build argument 'cmake_target' from command line to 'None'
[0.379s] Level 5:colcon.colcon_core.verb:set package 'allex_testbed' build argument 'cmake_target_skip_unavailable' from command line to 'False'
[0.379s] Level 5:colcon.colcon_core.verb:set package 'allex_testbed' build argument 'cmake_clean_cache' from command line to 'False'
[0.379s] Level 5:colcon.colcon_core.verb:set package 'allex_testbed' build argument 'cmake_clean_first' from command line to 'False'
[0.379s] Level 5:colcon.colcon_core.verb:set package 'allex_testbed' build argument 'cmake_force_configure' from command line to 'False'
[0.379s] Level 5:colcon.colcon_core.verb:set package 'allex_testbed' build argument 'ament_cmake_args' from command line to 'None'
[0.379s] Level 5:colcon.colcon_core.verb:set package 'allex_testbed' build argument 'catkin_cmake_args' from command line to 'None'
[0.379s] Level 5:colcon.colcon_core.verb:set package 'allex_testbed' build argument 'catkin_skip_building_tests' from command line to 'False'
[0.379s] DEBUG:colcon.colcon_core.verb:Building package 'allex_testbed' with the following arguments: {'ament_cmake_args': None, 'build_base': '/home/dgx_allex_one/allex_ces_idle_interaction_gui/build/allex_testbed', 'catkin_cmake_args': None, 'catkin_skip_building_tests': False, 'cmake_args': None, 'cmake_clean_cache': False, 'cmake_clean_first': False, 'cmake_force_configure': False, 'cmake_target': None, 'cmake_target_skip_unavailable': False, 'install_base': '/home/dgx_allex_one/allex_ces_idle_interaction_gui/install/allex_testbed', 'merge_install': False, 'path': '/home/dgx_allex_one/allex_ces_idle_interaction_gui/src/allex_testbed', 'symlink_install': True, 'test_result_base': None}
[0.379s] Level 5:colcon.colcon_core.verb:set package 'irim_control_panel_n_dashboard' build argument 'cmake_args' from command line to 'None'
[0.379s] Level 5:colcon.colcon_core.verb:set package 'irim_control_panel_n_dashboard' build argument 'cmake_target' from command line to 'None'
[0.379s] Level 5:colcon.colcon_core.verb:set package 'irim_control_panel_n_dashboard' build argument 'cmake_target_skip_unavailable' from command line to 'False'
[0.379s] Level 5:colcon.colcon_core.verb:set package 'irim_control_panel_n_dashboard' build argument 'cmake_clean_cache' from command line to 'False'
[0.379s] Level 5:colcon.colcon_core.verb:set package 'irim_control_panel_n_dashboard' build argument 'cmake_clean_first' from command line to 'False'
[0.379s] Level 5:colcon.colcon_core.verb:set package 'irim_control_panel_n_dashboard' build argument 'cmake_force_configure' from command line to 'False'
[0.380s] Level 5:colcon.colcon_core.verb:set package 'irim_control_panel_n_dashboard' build argument 'ament_cmake_args' from command line to 'None'
[0.380s] Level 5:colcon.colcon_core.verb:set package 'irim_control_panel_n_dashboard' build argument 'catkin_cmake_args' from command line to 'None'
[0.380s] Level 5:colcon.colcon_core.verb:set package 'irim_control_panel_n_dashboard' build argument 'catkin_skip_building_tests' from command line to 'False'
[0.380s] DEBUG:colcon.colcon_core.verb:Building package 'irim_control_panel_n_dashboard' with the following arguments: {'ament_cmake_args': None, 'build_base': '/home/dgx_allex_one/allex_ces_idle_interaction_gui/build/irim_control_panel_n_dashboard', 'catkin_cmake_args': None, 'catkin_skip_building_tests': False, 'cmake_args': None, 'cmake_clean_cache': False, 'cmake_clean_first': False, 'cmake_force_configure': False, 'cmake_target': None, 'cmake_target_skip_unavailable': False, 'install_base': '/home/dgx_allex_one/allex_ces_idle_interaction_gui/install/irim_control_panel_n_dashboard', 'merge_install': False, 'path': '/home/dgx_allex_one/allex_ces_idle_interaction_gui/src/irim_control_panel_n_dashboard', 'symlink_install': True, 'test_result_base': None}
[0.380s] INFO:colcon.colcon_core.executor:Executing jobs using 'parallel' executor
[0.380s] DEBUG:colcon.colcon_parallel_executor.executor.parallel:run_until_complete
[0.380s] INFO:colcon.colcon_ros.task.ament_python.build:Building ROS package in '/home/dgx_allex_one/allex_ces_idle_interaction_gui/src/allex_ces_idle_interaction' with build type 'ament_python'
[0.380s] Level 1:colcon.colcon_core.shell:create_environment_hook('allex_ces_idle_interaction', 'ament_prefix_path')
[0.390s] INFO:colcon.colcon_core.plugin_system:Skipping extension 'colcon_core.shell.bat': Not used on non-Windows systems
[0.391s] INFO:colcon.colcon_core.shell:Creating environment hook '/home/dgx_allex_one/allex_ces_idle_interaction_gui/install/allex_ces_idle_interaction/share/allex_ces_idle_interaction/hook/ament_prefix_path.ps1'
[0.392s] INFO:colcon.colcon_core.shell:Creating environment descriptor '/home/dgx_allex_one/allex_ces_idle_interaction_gui/install/allex_ces_idle_interaction/share/allex_ces_idle_interaction/hook/ament_prefix_path.dsv'
[0.392s] INFO:colcon.colcon_core.shell:Creating environment hook '/home/dgx_allex_one/allex_ces_idle_interaction_gui/install/allex_ces_idle_interaction/share/allex_ces_idle_interaction/hook/ament_prefix_path.sh'
[0.392s] INFO:colcon.colcon_core.shell:Skip shell extension 'powershell' for command environment: Not usable outside of PowerShell
[0.392s] DEBUG:colcon.colcon_core.shell:Skip shell extension 'dsv' for command environment
[0.395s] INFO:colcon.colcon_ros.task.ament_python.build:Building ROS package in '/home/dgx_allex_one/allex_ces_idle_interaction_gui/src/allex_testbed' with build type 'ament_python'
[0.395s] Level 1:colcon.colcon_core.shell:create_environment_hook('allex_testbed', 'ament_prefix_path')
[0.395s] INFO:colcon.colcon_core.shell:Creating environment hook '/home/dgx_allex_one/allex_ces_idle_interaction_gui/install/allex_testbed/share/allex_testbed/hook/ament_prefix_path.ps1'
[0.395s] INFO:colcon.colcon_core.shell:Creating environment descriptor '/home/dgx_allex_one/allex_ces_idle_interaction_gui/install/allex_testbed/share/allex_testbed/hook/ament_prefix_path.dsv'
[0.396s] INFO:colcon.colcon_core.shell:Creating environment hook '/home/dgx_allex_one/allex_ces_idle_interaction_gui/install/allex_testbed/share/allex_testbed/hook/ament_prefix_path.sh'
[0.396s] INFO:colcon.colcon_core.shell:Skip shell extension 'powershell' for command environment: Not usable outside of PowerShell
[0.396s] DEBUG:colcon.colcon_core.shell:Skip shell extension 'dsv' for command environment
[0.397s] INFO:colcon.colcon_ros.task.ament_python.build:Building ROS package in '/home/dgx_allex_one/allex_ces_idle_interaction_gui/src/irim_control_panel_n_dashboard' with build type 'ament_python'
[0.397s] Level 1:colcon.colcon_core.shell:create_environment_hook('irim_control_panel_n_dashboard', 'ament_prefix_path')
[0.397s] INFO:colcon.colcon_core.shell:Creating environment hook '/home/dgx_allex_one/allex_ces_idle_interaction_gui/install/irim_control_panel_n_dashboard/share/irim_control_panel_n_dashboard/hook/ament_prefix_path.ps1'
[0.397s] INFO:colcon.colcon_core.shell:Creating environment descriptor '/home/dgx_allex_one/allex_ces_idle_interaction_gui/install/irim_control_panel_n_dashboard/share/irim_control_panel_n_dashboard/hook/ament_prefix_path.dsv'
[0.397s] INFO:colcon.colcon_core.shell:Creating environment hook '/home/dgx_allex_one/allex_ces_idle_interaction_gui/install/irim_control_panel_n_dashboard/share/irim_control_panel_n_dashboard/hook/ament_prefix_path.sh'
[0.398s] INFO:colcon.colcon_core.shell:Skip shell extension 'powershell' for command environment: Not usable outside of PowerShell
[0.398s] DEBUG:colcon.colcon_core.shell:Skip shell extension 'dsv' for command environment
[0.506s] INFO:colcon.colcon_core.task.python.build:Building Python package in '/home/dgx_allex_one/allex_ces_idle_interaction_gui/src/allex_ces_idle_interaction'
[0.506s] INFO:colcon.colcon_core.shell:Skip shell extension 'powershell' for command environment: Not usable outside of PowerShell
[0.506s] DEBUG:colcon.colcon_core.shell:Skip shell extension 'dsv' for command environment
[0.603s] INFO:colcon.colcon_core.task.python.build:Building Python package in '/home/dgx_allex_one/allex_ces_idle_interaction_gui/src/allex_testbed'
[0.603s] INFO:colcon.colcon_core.shell:Skip shell extension 'powershell' for command environment: Not usable outside of PowerShell
[0.603s] DEBUG:colcon.colcon_core.shell:Skip shell extension 'dsv' for command environment
[0.722s] INFO:colcon.colcon_core.task.python.build:Building Python package in '/home/dgx_allex_one/allex_ces_idle_interaction_gui/src/irim_control_panel_n_dashboard'
[0.722s] INFO:colcon.colcon_core.shell:Skip shell extension 'powershell' for command environment: Not usable outside of PowerShell
[0.722s] DEBUG:colcon.colcon_core.shell:Skip shell extension 'dsv' for command environment
[1.318s] DEBUG:colcon.colcon_core.event_handler.log_command:Invoking command in '/home/dgx_allex_one/allex_ces_idle_interaction_gui/build/irim_control_panel_n_dashboard': DEBUGINFOD_URLS=https://debuginfod.ubuntu.com PYTHONPATH=/home/dgx_allex_one/allex_ces_idle_interaction_gui/build/irim_control_panel_n_dashboard/prefix_override:/usr/lib/python3/dist-packages/colcon_core/task/python/colcon_distutils_commands:/home/dgx_allex_one/allex_ces_idle_interaction_gui/install/irim_control_panel_n_dashboard/lib/python3.12/site-packages:${PYTHONPATH} /usr/bin/python3 -W ignore:setup.py install is deprecated -W ignore:easy_install command is deprecated setup.py develop --editable --build-directory /home/dgx_allex_one/allex_ces_idle_interaction_gui/build/irim_control_panel_n_dashboard/build --no-deps symlink_data
[1.321s] DEBUG:colcon.colcon_core.event_handler.log_command:Invoking command in '/home/dgx_allex_one/allex_ces_idle_interaction_gui/build/allex_testbed': DEBUGINFOD_URLS=https://debuginfod.ubuntu.com PYTHONPATH=/home/dgx_allex_one/allex_ces_idle_interaction_gui/build/allex_testbed/prefix_override:/usr/lib/python3/dist-packages/colcon_core/task/python/colcon_distutils_commands:/home/dgx_allex_one/allex_ces_idle_interaction_gui/install/allex_testbed/lib/python3.12/site-packages:${PYTHONPATH} /usr/bin/python3 -W ignore:setup.py install is deprecated -W ignore:easy_install command is deprecated setup.py develop --editable --build-directory /home/dgx_allex_one/allex_ces_idle_interaction_gui/build/allex_testbed/build --no-deps symlink_data
[1.322s] DEBUG:colcon.colcon_core.event_handler.log_command:Invoking command in '/home/dgx_allex_one/allex_ces_idle_interaction_gui/build/allex_ces_idle_interaction': DEBUGINFOD_URLS=https://debuginfod.ubuntu.com PYTHONPATH=/home/dgx_allex_one/allex_ces_idle_interaction_gui/build/allex_ces_idle_interaction/prefix_override:/usr/lib/python3/dist-packages/colcon_core/task/python/colcon_distutils_commands:/home/dgx_allex_one/allex_ces_idle_interaction_gui/install/allex_ces_idle_interaction/lib/python3.12/site-packages:${PYTHONPATH} /usr/bin/python3 -W ignore:setup.py install is deprecated -W ignore:easy_install command is deprecated setup.py develop --editable --build-directory /home/dgx_allex_one/allex_ces_idle_interaction_gui/build/allex_ces_idle_interaction/build --no-deps symlink_data
[1.664s] Level 1:colcon.colcon_core.shell:create_environment_hook('irim_control_panel_n_dashboard', 'pythonpath_develop')
[1.664s] INFO:colcon.colcon_core.shell:Creating environment hook '/home/dgx_allex_one/allex_ces_idle_interaction_gui/build/irim_control_panel_n_dashboard/share/irim_control_panel_n_dashboard/hook/pythonpath_develop.ps1'
[1.664s] DEBUG:colcon.colcon_core.event_handler.log_command:Invoked command in '/home/dgx_allex_one/allex_ces_idle_interaction_gui/build/irim_control_panel_n_dashboard' returned '0': DEBUGINFOD_URLS=https://debuginfod.ubuntu.com PYTHONPATH=/home/dgx_allex_one/allex_ces_idle_interaction_gui/build/irim_control_panel_n_dashboard/prefix_override:/usr/lib/python3/dist-packages/colcon_core/task/python/colcon_distutils_commands:/home/dgx_allex_one/allex_ces_idle_interaction_gui/install/irim_control_panel_n_dashboard/lib/python3.12/site-packages:${PYTHONPATH} /usr/bin/python3 -W ignore:setup.py install is deprecated -W ignore:easy_install command is deprecated setup.py develop --editable --build-directory /home/dgx_allex_one/allex_ces_idle_interaction_gui/build/irim_control_panel_n_dashboard/build --no-deps symlink_data
[1.665s] INFO:colcon.colcon_core.shell:Creating environment descriptor '/home/dgx_allex_one/allex_ces_idle_interaction_gui/build/irim_control_panel_n_dashboard/share/irim_control_panel_n_dashboard/hook/pythonpath_develop.dsv'
[1.665s] INFO:colcon.colcon_core.shell:Creating environment hook '/home/dgx_allex_one/allex_ces_idle_interaction_gui/build/irim_control_panel_n_dashboard/share/irim_control_panel_n_dashboard/hook/pythonpath_develop.sh'
[1.672s] Level 1:colcon.colcon_core.environment:checking '/home/dgx_allex_one/allex_ces_idle_interaction_gui/install/irim_control_panel_n_dashboard' for CMake module files
[1.673s] Level 1:colcon.colcon_core.environment:checking '/home/dgx_allex_one/allex_ces_idle_interaction_gui/install/irim_control_panel_n_dashboard' for CMake config files
[1.673s] Level 1:colcon.colcon_core.environment:checking '/home/dgx_allex_one/allex_ces_idle_interaction_gui/install/irim_control_panel_n_dashboard/lib'
[1.673s] Level 1:colcon.colcon_core.environment:checking '/home/dgx_allex_one/allex_ces_idle_interaction_gui/install/irim_control_panel_n_dashboard/bin'
[1.673s] Level 1:colcon.colcon_core.environment:checking '/home/dgx_allex_one/allex_ces_idle_interaction_gui/install/irim_control_panel_n_dashboard/lib/pkgconfig/irim_control_panel_n_dashboard.pc'
[1.674s] Level 1:colcon.colcon_core.environment:checking '/home/dgx_allex_one/allex_ces_idle_interaction_gui/install/irim_control_panel_n_dashboard/lib/python3.12/site-packages'
[1.674s] Level 1:colcon.colcon_core.shell:create_environment_hook('irim_control_panel_n_dashboard', 'pythonpath')
[1.674s] INFO:colcon.colcon_core.shell:Creating environment hook '/home/dgx_allex_one/allex_ces_idle_interaction_gui/install/irim_control_panel_n_dashboard/share/irim_control_panel_n_dashboard/hook/pythonpath.ps1'
[1.674s] INFO:colcon.colcon_core.shell:Creating environment descriptor '/home/dgx_allex_one/allex_ces_idle_interaction_gui/install/irim_control_panel_n_dashboard/share/irim_control_panel_n_dashboard/hook/pythonpath.dsv'
[1.674s] INFO:colcon.colcon_core.shell:Creating environment hook '/home/dgx_allex_one/allex_ces_idle_interaction_gui/install/irim_control_panel_n_dashboard/share/irim_control_panel_n_dashboard/hook/pythonpath.sh'
[1.675s] Level 1:colcon.colcon_core.environment:checking '/home/dgx_allex_one/allex_ces_idle_interaction_gui/install/irim_control_panel_n_dashboard/bin'
[1.675s] Level 1:colcon.colcon_core.environment:create_environment_scripts_only(irim_control_panel_n_dashboard)
[1.675s] INFO:colcon.colcon_core.shell:Creating package script '/home/dgx_allex_one/allex_ces_idle_interaction_gui/install/irim_control_panel_n_dashboard/share/irim_control_panel_n_dashboard/package.ps1'
[1.676s] INFO:colcon.colcon_core.shell:Creating package descriptor '/home/dgx_allex_one/allex_ces_idle_interaction_gui/install/irim_control_panel_n_dashboard/share/irim_control_panel_n_dashboard/package.dsv'
[1.677s] INFO:colcon.colcon_core.shell:Creating package script '/home/dgx_allex_one/allex_ces_idle_interaction_gui/install/irim_control_panel_n_dashboard/share/irim_control_panel_n_dashboard/package.sh'
[1.678s] INFO:colcon.colcon_core.shell:Creating package script '/home/dgx_allex_one/allex_ces_idle_interaction_gui/install/irim_control_panel_n_dashboard/share/irim_control_panel_n_dashboard/package.bash'
[1.679s] INFO:colcon.colcon_core.shell:Creating package script '/home/dgx_allex_one/allex_ces_idle_interaction_gui/install/irim_control_panel_n_dashboard/share/irim_control_panel_n_dashboard/package.zsh'
[1.680s] Level 1:colcon.colcon_core.environment:create_file_with_runtime_dependencies(/home/dgx_allex_one/allex_ces_idle_interaction_gui/install/irim_control_panel_n_dashboard/share/colcon-core/packages/irim_control_panel_n_dashboard)
[1.681s] Level 1:colcon.colcon_core.shell:create_environment_hook('allex_ces_idle_interaction', 'pythonpath_develop')
[1.681s] INFO:colcon.colcon_core.shell:Creating environment hook '/home/dgx_allex_one/allex_ces_idle_interaction_gui/build/allex_ces_idle_interaction/share/allex_ces_idle_interaction/hook/pythonpath_develop.ps1'
[1.681s] DEBUG:colcon.colcon_core.event_handler.log_command:Invoked command in '/home/dgx_allex_one/allex_ces_idle_interaction_gui/build/allex_ces_idle_interaction' returned '0': DEBUGINFOD_URLS=https://debuginfod.ubuntu.com PYTHONPATH=/home/dgx_allex_one/allex_ces_idle_interaction_gui/build/allex_ces_idle_interaction/prefix_override:/usr/lib/python3/dist-packages/colcon_core/task/python/colcon_distutils_commands:/home/dgx_allex_one/allex_ces_idle_interaction_gui/install/allex_ces_idle_interaction/lib/python3.12/site-packages:${PYTHONPATH} /usr/bin/python3 -W ignore:setup.py install is deprecated -W ignore:easy_install command is deprecated setup.py develop --editable --build-directory /home/dgx_allex_one/allex_ces_idle_interaction_gui/build/allex_ces_idle_interaction/build --no-deps symlink_data
[1.682s] INFO:colcon.colcon_core.shell:Creating environment descriptor '/home/dgx_allex_one/allex_ces_idle_interaction_gui/build/allex_ces_idle_interaction/share/allex_ces_idle_interaction/hook/pythonpath_develop.dsv'
[1.682s] INFO:colcon.colcon_core.shell:Creating environment hook '/home/dgx_allex_one/allex_ces_idle_interaction_gui/build/allex_ces_idle_interaction/share/allex_ces_idle_interaction/hook/pythonpath_develop.sh'
[1.683s] Level 1:colcon.colcon_core.environment:checking '/home/dgx_allex_one/allex_ces_idle_interaction_gui/install/allex_ces_idle_interaction' for CMake module files
[1.683s] Level 1:colcon.colcon_core.environment:checking '/home/dgx_allex_one/allex_ces_idle_interaction_gui/install/allex_ces_idle_interaction' for CMake config files
[1.684s] Level 1:colcon.colcon_core.environment:checking '/home/dgx_allex_one/allex_ces_idle_interaction_gui/install/allex_ces_idle_interaction/lib'
[1.684s] Level 1:colcon.colcon_core.environment:checking '/home/dgx_allex_one/allex_ces_idle_interaction_gui/install/allex_ces_idle_interaction/bin'
[1.684s] Level 1:colcon.colcon_core.environment:checking '/home/dgx_allex_one/allex_ces_idle_interaction_gui/install/allex_ces_idle_interaction/lib/pkgconfig/allex_ces_idle_interaction.pc'
[1.684s] Level 1:colcon.colcon_core.environment:checking '/home/dgx_allex_one/allex_ces_idle_interaction_gui/install/allex_ces_idle_interaction/lib/python3.12/site-packages'
[1.684s] Level 1:colcon.colcon_core.shell:create_environment_hook('allex_ces_idle_interaction', 'pythonpath')
[1.684s] INFO:colcon.colcon_core.shell:Creating environment hook '/home/dgx_allex_one/allex_ces_idle_interaction_gui/install/allex_ces_idle_interaction/share/allex_ces_idle_interaction/hook/pythonpath.ps1'
[1.685s] INFO:colcon.colcon_core.shell:Creating environment descriptor '/home/dgx_allex_one/allex_ces_idle_interaction_gui/install/allex_ces_idle_interaction/share/allex_ces_idle_interaction/hook/pythonpath.dsv'
[1.685s] INFO:colcon.colcon_core.shell:Creating environment hook '/home/dgx_allex_one/allex_ces_idle_interaction_gui/install/allex_ces_idle_interaction/share/allex_ces_idle_interaction/hook/pythonpath.sh'
[1.686s] Level 1:colcon.colcon_core.environment:checking '/home/dgx_allex_one/allex_ces_idle_interaction_gui/install/allex_ces_idle_interaction/bin'
[1.686s] Level 1:colcon.colcon_core.environment:create_environment_scripts_only(allex_ces_idle_interaction)
[1.686s] INFO:colcon.colcon_core.shell:Creating package script '/home/dgx_allex_one/allex_ces_idle_interaction_gui/install/allex_ces_idle_interaction/share/allex_ces_idle_interaction/package.ps1'
[1.686s] INFO:colcon.colcon_core.shell:Creating package descriptor '/home/dgx_allex_one/allex_ces_idle_interaction_gui/install/allex_ces_idle_interaction/share/allex_ces_idle_interaction/package.dsv'
[1.687s] INFO:colcon.colcon_core.shell:Creating package script '/home/dgx_allex_one/allex_ces_idle_interaction_gui/install/allex_ces_idle_interaction/share/allex_ces_idle_interaction/package.sh'
[1.687s] INFO:colcon.colcon_core.shell:Creating package script '/home/dgx_allex_one/allex_ces_idle_interaction_gui/install/allex_ces_idle_interaction/share/allex_ces_idle_interaction/package.bash'
[1.688s] INFO:colcon.colcon_core.shell:Creating package script '/home/dgx_allex_one/allex_ces_idle_interaction_gui/install/allex_ces_idle_interaction/share/allex_ces_idle_interaction/package.zsh'
[1.688s] Level 1:colcon.colcon_core.environment:create_file_with_runtime_dependencies(/home/dgx_allex_one/allex_ces_idle_interaction_gui/install/allex_ces_idle_interaction/share/colcon-core/packages/allex_ces_idle_interaction)
[1.688s] Level 1:colcon.colcon_core.shell:create_environment_hook('allex_testbed', 'pythonpath_develop')
[1.688s] INFO:colcon.colcon_core.shell:Creating environment hook '/home/dgx_allex_one/allex_ces_idle_interaction_gui/build/allex_testbed/share/allex_testbed/hook/pythonpath_develop.ps1'
[1.689s] DEBUG:colcon.colcon_core.event_handler.log_command:Invoked command in '/home/dgx_allex_one/allex_ces_idle_interaction_gui/build/allex_testbed' returned '0': DEBUGINFOD_URLS=https://debuginfod.ubuntu.com PYTHONPATH=/home/dgx_allex_one/allex_ces_idle_interaction_gui/build/allex_testbed/prefix_override:/usr/lib/python3/dist-packages/colcon_core/task/python/colcon_distutils_commands:/home/dgx_allex_one/allex_ces_idle_interaction_gui/install/allex_testbed/lib/python3.12/site-packages:${PYTHONPATH} /usr/bin/python3 -W ignore:setup.py install is deprecated -W ignore:easy_install command is deprecated setup.py develop --editable --build-directory /home/dgx_allex_one/allex_ces_idle_interaction_gui/build/allex_testbed/build --no-deps symlink_data
[1.689s] INFO:colcon.colcon_core.shell:Creating environment descriptor '/home/dgx_allex_one/allex_ces_idle_interaction_gui/build/allex_testbed/share/allex_testbed/hook/pythonpath_develop.dsv'
[1.689s] INFO:colcon.colcon_core.shell:Creating environment hook '/home/dgx_allex_one/allex_ces_idle_interaction_gui/build/allex_testbed/share/allex_testbed/hook/pythonpath_develop.sh'
[1.690s] Level 1:colcon.colcon_core.environment:checking '/home/dgx_allex_one/allex_ces_idle_interaction_gui/install/allex_testbed' for CMake module files
[1.690s] Level 1:colcon.colcon_core.environment:checking '/home/dgx_allex_one/allex_ces_idle_interaction_gui/install/allex_testbed' for CMake config files
[1.691s] Level 1:colcon.colcon_core.environment:checking '/home/dgx_allex_one/allex_ces_idle_interaction_gui/install/allex_testbed/lib'
[1.691s] Level 1:colcon.colcon_core.environment:checking '/home/dgx_allex_one/allex_ces_idle_interaction_gui/install/allex_testbed/bin'
[1.691s] Level 1:colcon.colcon_core.environment:checking '/home/dgx_allex_one/allex_ces_idle_interaction_gui/install/allex_testbed/lib/pkgconfig/allex_testbed.pc'
[1.691s] Level 1:colcon.colcon_core.environment:checking '/home/dgx_allex_one/allex_ces_idle_interaction_gui/install/allex_testbed/lib/python3.12/site-packages'
[1.691s] Level 1:colcon.colcon_core.shell:create_environment_hook('allex_testbed', 'pythonpath')
[1.691s] INFO:colcon.colcon_core.shell:Creating environment hook '/home/dgx_allex_one/allex_ces_idle_interaction_gui/install/allex_testbed/share/allex_testbed/hook/pythonpath.ps1'
[1.692s] INFO:colcon.colcon_core.shell:Creating environment descriptor '/home/dgx_allex_one/allex_ces_idle_interaction_gui/install/allex_testbed/share/allex_testbed/hook/pythonpath.dsv'
[1.692s] INFO:colcon.colcon_core.shell:Creating environment hook '/home/dgx_allex_one/allex_ces_idle_interaction_gui/install/allex_testbed/share/allex_testbed/hook/pythonpath.sh'
[1.693s] Level 1:colcon.colcon_core.environment:checking '/home/dgx_allex_one/allex_ces_idle_interaction_gui/install/allex_testbed/bin'
[1.693s] Level 1:colcon.colcon_core.environment:create_environment_scripts_only(allex_testbed)
[1.693s] INFO:colcon.colcon_core.shell:Creating package script '/home/dgx_allex_one/allex_ces_idle_interaction_gui/install/allex_testbed/share/allex_testbed/package.ps1'
[1.693s] INFO:colcon.colcon_core.shell:Creating package descriptor '/home/dgx_allex_one/allex_ces_idle_interaction_gui/install/allex_testbed/share/allex_testbed/package.dsv'
[1.694s] INFO:colcon.colcon_core.shell:Creating package script '/home/dgx_allex_one/allex_ces_idle_interaction_gui/install/allex_testbed/share/allex_testbed/package.sh'
[1.694s] INFO:colcon.colcon_core.shell:Creating package script '/home/dgx_allex_one/allex_ces_idle_interaction_gui/install/allex_testbed/share/allex_testbed/package.bash'
[1.695s] INFO:colcon.colcon_core.shell:Creating package script '/home/dgx_allex_one/allex_ces_idle_interaction_gui/install/allex_testbed/share/allex_testbed/package.zsh'
[1.695s] Level 1:colcon.colcon_core.environment:create_file_with_runtime_dependencies(/home/dgx_allex_one/allex_ces_idle_interaction_gui/install/allex_testbed/share/colcon-core/packages/allex_testbed)
[1.695s] DEBUG:colcon.colcon_parallel_executor.executor.parallel:closing loop
[1.695s] DEBUG:colcon.colcon_parallel_executor.executor.parallel:loop closed
[1.696s] DEBUG:colcon.colcon_parallel_executor.executor.parallel:run_until_complete finished with '0'
[1.696s] DEBUG:colcon.colcon_core.event_reactor:joining thread
[1.700s] INFO:colcon.colcon_core.plugin_system:Skipping extension 'colcon_notification.desktop_notification.terminal_notifier': Not used on non-Darwin systems
[1.700s] INFO:colcon.colcon_core.plugin_system:Skipping extension 'colcon_notification.desktop_notification.win32': Not used on non-Windows systems
[1.700s] INFO:colcon.colcon_notification.desktop_notification:Sending desktop notification using 'notify2'
[1.710s] DEBUG:colcon.colcon_core.event_reactor:joined thread
[1.710s] INFO:colcon.colcon_core.shell:Creating prefix script '/home/dgx_allex_one/allex_ces_idle_interaction_gui/install/local_setup.ps1'
[1.711s] INFO:colcon.colcon_core.shell:Creating prefix util module '/home/dgx_allex_one/allex_ces_idle_interaction_gui/install/_local_setup_util_ps1.py'
[1.713s] INFO:colcon.colcon_core.shell:Creating prefix chain script '/home/dgx_allex_one/allex_ces_idle_interaction_gui/install/setup.ps1'
[1.714s] INFO:colcon.colcon_core.shell:Creating prefix script '/home/dgx_allex_one/allex_ces_idle_interaction_gui/install/local_setup.sh'
[1.715s] INFO:colcon.colcon_core.shell:Creating prefix util module '/home/dgx_allex_one/allex_ces_idle_interaction_gui/install/_local_setup_util_sh.py'
[1.715s] INFO:colcon.colcon_core.shell:Creating prefix chain script '/home/dgx_allex_one/allex_ces_idle_interaction_gui/install/setup.sh'
[1.716s] INFO:colcon.colcon_core.shell:Creating prefix script '/home/dgx_allex_one/allex_ces_idle_interaction_gui/install/local_setup.bash'
[1.717s] INFO:colcon.colcon_core.shell:Creating prefix chain script '/home/dgx_allex_one/allex_ces_idle_interaction_gui/install/setup.bash'
[1.718s] INFO:colcon.colcon_core.shell:Creating prefix script '/home/dgx_allex_one/allex_ces_idle_interaction_gui/install/local_setup.zsh'
[1.719s] INFO:colcon.colcon_core.shell:Creating prefix chain script '/home/dgx_allex_one/allex_ces_idle_interaction_gui/install/setup.zsh'
