[0.725s] Invoking command in '/home/dgx_allex_one/allex_ces_idle_interaction_gui/build/allex_ces_idle_interaction': DEBUGINFOD_URLS=https://debuginfod.ubuntu.com PYTHONPATH=/home/dgx_allex_one/allex_ces_idle_interaction_gui/build/allex_ces_idle_interaction/prefix_override:/usr/lib/python3/dist-packages/colcon_core/task/python/colcon_distutils_commands:/home/dgx_allex_one/allex_ces_idle_interaction_gui/install/allex_ces_idle_interaction/lib/python3.12/site-packages:${PYTHONPATH} /usr/bin/python3 -W ignore:setup.py install is deprecated -W ignore:easy_install command is deprecated setup.py develop --editable --build-directory /home/dgx_allex_one/allex_ces_idle_interaction_gui/build/allex_ces_idle_interaction/build --no-deps symlink_data
[0.865s] running develop
[0.949s] running egg_info
[0.957s] writing allex_ces_idle_interaction.egg-info/PKG-INFO
[0.957s] writing dependency_links to allex_ces_idle_interaction.egg-info/dependency_links.txt
[0.957s] writing entry points to allex_ces_idle_interaction.egg-info/entry_points.txt
[0.957s] writing requirements to allex_ces_idle_interaction.egg-info/requires.txt
[0.957s] writing top-level names to allex_ces_idle_interaction.egg-info/top_level.txt
[0.973s] reading manifest file 'allex_ces_idle_interaction.egg-info/SOURCES.txt'
[0.973s] writing manifest file 'allex_ces_idle_interaction.egg-info/SOURCES.txt'
[1.006s] running build_ext
[1.007s] Creating /home/dgx_allex_one/allex_ces_idle_interaction_gui/install/allex_ces_idle_interaction/lib/python3.12/site-packages/allex-ces-idle-interaction.egg-link (link to .)
[1.007s] Installing allex_idle_interaction_node script to /home/dgx_allex_one/allex_ces_idle_interaction_gui/install/allex_ces_idle_interaction/lib/allex_ces_idle_interaction
[1.007s] Installing camera_depth_checker_node script to /home/dgx_allex_one/allex_ces_idle_interaction_gui/install/allex_ces_idle_interaction/lib/allex_ces_idle_interaction
[1.007s] Installing camera_test script to /home/dgx_allex_one/allex_ces_idle_interaction_gui/install/allex_ces_idle_interaction/lib/allex_ces_idle_interaction
[1.007s] Installing gaze_controller_neck_waist_node script to /home/dgx_allex_one/allex_ces_idle_interaction_gui/install/allex_ces_idle_interaction/lib/allex_ces_idle_interaction
[1.007s] Installing gui_node script to /home/dgx_allex_one/allex_ces_idle_interaction_gui/install/allex_ces_idle_interaction/lib/allex_ces_idle_interaction
[1.007s] Installing idle_interaction_gui_node script to /home/dgx_allex_one/allex_ces_idle_interaction_gui/install/allex_ces_idle_interaction/lib/allex_ces_idle_interaction
[1.007s] Installing joystick_control_node script to /home/dgx_allex_one/allex_ces_idle_interaction_gui/install/allex_ces_idle_interaction/lib/allex_ces_idle_interaction
[1.007s] Installing tracking_fsm_node script to /home/dgx_allex_one/allex_ces_idle_interaction_gui/install/allex_ces_idle_interaction/lib/allex_ces_idle_interaction
[1.007s] Installing yolo_detection_node script to /home/dgx_allex_one/allex_ces_idle_interaction_gui/install/allex_ces_idle_interaction/lib/allex_ces_idle_interaction
[1.007s] 
[1.008s] Installed /home/dgx_allex_one/allex_ces_idle_interaction_gui/build/allex_ces_idle_interaction
[1.008s] running symlink_data
[1.043s] Invoked command in '/home/dgx_allex_one/allex_ces_idle_interaction_gui/build/allex_ces_idle_interaction' returned '0': DEBUGINFOD_URLS=https://debuginfod.ubuntu.com PYTHONPATH=/home/dgx_allex_one/allex_ces_idle_interaction_gui/build/allex_ces_idle_interaction/prefix_override:/usr/lib/python3/dist-packages/colcon_core/task/python/colcon_distutils_commands:/home/dgx_allex_one/allex_ces_idle_interaction_gui/install/allex_ces_idle_interaction/lib/python3.12/site-packages:${PYTHONPATH} /usr/bin/python3 -W ignore:setup.py install is deprecated -W ignore:easy_install command is deprecated setup.py develop --editable --build-directory /home/dgx_allex_one/allex_ces_idle_interaction_gui/build/allex_ces_idle_interaction/build --no-deps symlink_data
