running develop
running egg_info
creating irim_control_panel_n_dashboard.egg-info
writing irim_control_panel_n_dashboard.egg-info/PKG-INFO
writing dependency_links to irim_control_panel_n_dashboard.egg-info/dependency_links.txt
writing entry points to irim_control_panel_n_dashboard.egg-info/entry_points.txt
writing requirements to irim_control_panel_n_dashboard.egg-info/requires.txt
writing top-level names to irim_control_panel_n_dashboard.egg-info/top_level.txt
writing manifest file 'irim_control_panel_n_dashboard.egg-info/SOURCES.txt'
reading manifest file 'irim_control_panel_n_dashboard.egg-info/SOURCES.txt'
writing manifest file 'irim_control_panel_n_dashboard.egg-info/SOURCES.txt'
running build_ext
Creating /home/mars/allex_ces_idle_interaction/install/irim_control_panel_n_dashboard/lib/python3.12/site-packages/irim-control-panel-n-dashboard.egg-link (link to .)
Installing control_panel_main script to /home/mars/allex_ces_idle_interaction/install/irim_control_panel_n_dashboard/lib/irim_control_panel_n_dashboard
Installing foot_sw script to /home/mars/allex_ces_idle_interaction/install/irim_control_panel_n_dashboard/lib/irim_control_panel_n_dashboard
Installing joint_cmd_sliders script to /home/mars/allex_ces_idle_interaction/install/irim_control_panel_n_dashboard/lib/irim_control_panel_n_dashboard

Installed /home/mars/allex_ces_idle_interaction/build/irim_control_panel_n_dashboard
running symlink_data
creating /home/mars/allex_ces_idle_interaction/install/irim_control_panel_n_dashboard/share/ament_index
creating /home/mars/allex_ces_idle_interaction/install/irim_control_panel_n_dashboard/share/ament_index/resource_index
creating /home/mars/allex_ces_idle_interaction/install/irim_control_panel_n_dashboard/share/ament_index/resource_index/packages
symbolically linking /home/mars/allex_ces_idle_interaction/build/irim_control_panel_n_dashboard/resource/irim_control_panel_n_dashboard -> /home/mars/allex_ces_idle_interaction/install/irim_control_panel_n_dashboard/share/ament_index/resource_index/packages
symbolically linking /home/mars/allex_ces_idle_interaction/build/irim_control_panel_n_dashboard/package.xml -> /home/mars/allex_ces_idle_interaction/install/irim_control_panel_n_dashboard/share/irim_control_panel_n_dashboard
