[0.789s] Invoking command in '/home/dgx_allex_one/allex_ces_idle_interaction_gui/build/allex_ces_idle_interaction': DEBUGINFOD_URLS=https://debuginfod.ubuntu.com PYTHONPATH=/home/dgx_allex_one/allex_ces_idle_interaction_gui/build/allex_ces_idle_interaction/prefix_override:/usr/lib/python3/dist-packages/colcon_core/task/python/colcon_distutils_commands:/home/dgx_allex_one/allex_ces_idle_interaction_gui/install/allex_ces_idle_interaction/lib/python3.12/site-packages:${PYTHONPATH} /usr/bin/python3 -W ignore:setup.py install is deprecated -W ignore:easy_install command is deprecated setup.py develop --editable --build-directory /home/dgx_allex_one/allex_ces_idle_interaction_gui/build/allex_ces_idle_interaction/build --no-deps symlink_data
[0.968s] running develop
[1.054s] running egg_info
[1.062s] writing allex_ces_idle_interaction.egg-info/PKG-INFO
[1.062s] writing dependency_links to allex_ces_idle_interaction.egg-info/dependency_links.txt
[1.062s] writing entry points to allex_ces_idle_interaction.egg-info/entry_points.txt
[1.062s] writing requirements to allex_ces_idle_interaction.egg-info/requires.txt
[1.063s] writing top-level names to allex_ces_idle_interaction.egg-info/top_level.txt
[1.080s] reading manifest file 'allex_ces_idle_interaction.egg-info/SOURCES.txt'
[1.080s] writing manifest file 'allex_ces_idle_interaction.egg-info/SOURCES.txt'
[1.116s] running build_ext
[1.116s] Creating /home/dgx_allex_one/allex_ces_idle_interaction_gui/install/allex_ces_idle_interaction/lib/python3.12/site-packages/allex-ces-idle-interaction.egg-link (link to .)
[1.117s] Installing allex_idle_interaction_node script to /home/dgx_allex_one/allex_ces_idle_interaction_gui/install/allex_ces_idle_interaction/lib/allex_ces_idle_interaction
[1.117s] Installing camera_depth_checker_node script to /home/dgx_allex_one/allex_ces_idle_interaction_gui/install/allex_ces_idle_interaction/lib/allex_ces_idle_interaction
[1.117s] Installing camera_test script to /home/dgx_allex_one/allex_ces_idle_interaction_gui/install/allex_ces_idle_interaction/lib/allex_ces_idle_interaction
[1.117s] Installing gaze_controller_neck_waist_node script to /home/dgx_allex_one/allex_ces_idle_interaction_gui/install/allex_ces_idle_interaction/lib/allex_ces_idle_interaction
[1.117s] Installing gui_node script to /home/dgx_allex_one/allex_ces_idle_interaction_gui/install/allex_ces_idle_interaction/lib/allex_ces_idle_interaction
[1.117s] Installing idle_interaction_gui_node script to /home/dgx_allex_one/allex_ces_idle_interaction_gui/install/allex_ces_idle_interaction/lib/allex_ces_idle_interaction
[1.117s] Installing joystick_control_node script to /home/dgx_allex_one/allex_ces_idle_interaction_gui/install/allex_ces_idle_interaction/lib/allex_ces_idle_interaction
[1.117s] Installing tracking_fsm_node script to /home/dgx_allex_one/allex_ces_idle_interaction_gui/install/allex_ces_idle_interaction/lib/allex_ces_idle_interaction
[1.117s] Installing yolo_detection_node script to /home/dgx_allex_one/allex_ces_idle_interaction_gui/install/allex_ces_idle_interaction/lib/allex_ces_idle_interaction
[1.117s] 
[1.117s] Installed /home/dgx_allex_one/allex_ces_idle_interaction_gui/build/allex_ces_idle_interaction
[1.117s] running symlink_data
[1.117s] symbolically linking /home/dgx_allex_one/allex_ces_idle_interaction_gui/build/allex_ces_idle_interaction/launch/pc1_gui_joystick.launch.py -> /home/dgx_allex_one/allex_ces_idle_interaction_gui/install/allex_ces_idle_interaction/share/allex_ces_idle_interaction/launch
[1.118s] symbolically linking /home/dgx_allex_one/allex_ces_idle_interaction_gui/build/allex_ces_idle_interaction/launch/pc2_camera.launch.py -> /home/dgx_allex_one/allex_ces_idle_interaction_gui/install/allex_ces_idle_interaction/share/allex_ces_idle_interaction/launch
[1.142s] Invoked command in '/home/dgx_allex_one/allex_ces_idle_interaction_gui/build/allex_ces_idle_interaction' returned '0': DEBUGINFOD_URLS=https://debuginfod.ubuntu.com PYTHONPATH=/home/dgx_allex_one/allex_ces_idle_interaction_gui/build/allex_ces_idle_interaction/prefix_override:/usr/lib/python3/dist-packages/colcon_core/task/python/colcon_distutils_commands:/home/dgx_allex_one/allex_ces_idle_interaction_gui/install/allex_ces_idle_interaction/lib/python3.12/site-packages:${PYTHONPATH} /usr/bin/python3 -W ignore:setup.py install is deprecated -W ignore:easy_install command is deprecated setup.py develop --editable --build-directory /home/dgx_allex_one/allex_ces_idle_interaction_gui/build/allex_ces_idle_interaction/build --no-deps symlink_data
