[0.544s] Invoking command in '/home/yeah2/allex_ces_idle_interaction_gui/build/allex_ces_idle_interaction': CONDA_PROMPT_MODIFIER=(base) PYTHONPATH=/home/yeah2/allex_ces_idle_interaction_gui/build/allex_ces_idle_interaction/prefix_override:/usr/lib/python3/dist-packages/colcon_core/task/python/colcon_distutils_commands:/home/yeah2/allex_ces_idle_interaction_gui/install/allex_ces_idle_interaction/lib/python3.10/site-packages:${PYTHONPATH} /usr/bin/python3 -W ignore:setup.py install is deprecated -W ignore:easy_install command is deprecated setup.py develop --editable --build-directory /home/yeah2/allex_ces_idle_interaction_gui/build/allex_ces_idle_interaction/build --no-deps symlink_data
[0.699s] running develop
[0.800s] running egg_info
[0.800s] writing allex_ces_idle_interaction.egg-info/PKG-INFO
[0.800s] writing dependency_links to allex_ces_idle_interaction.egg-info/dependency_links.txt
[0.800s] writing entry points to allex_ces_idle_interaction.egg-info/entry_points.txt
[0.800s] writing requirements to allex_ces_idle_interaction.egg-info/requires.txt
[0.800s] writing top-level names to allex_ces_idle_interaction.egg-info/top_level.txt
[0.802s] reading manifest file 'allex_ces_idle_interaction.egg-info/SOURCES.txt'
[0.802s] writing manifest file 'allex_ces_idle_interaction.egg-info/SOURCES.txt'
[0.803s] running build_ext
[0.803s] Creating /home/yeah2/allex_ces_idle_interaction_gui/install/allex_ces_idle_interaction/lib/python3.10/site-packages/allex-ces-idle-interaction.egg-link (link to .)
[0.804s] Installing allex_idle_interaction_node script to /home/yeah2/allex_ces_idle_interaction_gui/install/allex_ces_idle_interaction/lib/allex_ces_idle_interaction
[0.804s] Installing camera_test script to /home/yeah2/allex_ces_idle_interaction_gui/install/allex_ces_idle_interaction/lib/allex_ces_idle_interaction
[0.804s] Installing gaze_controller_neck_waist_node script to /home/yeah2/allex_ces_idle_interaction_gui/install/allex_ces_idle_interaction/lib/allex_ces_idle_interaction
[0.804s] Installing gui_node script to /home/yeah2/allex_ces_idle_interaction_gui/install/allex_ces_idle_interaction/lib/allex_ces_idle_interaction
[0.804s] Installing idle_interaction_gui_node script to /home/yeah2/allex_ces_idle_interaction_gui/install/allex_ces_idle_interaction/lib/allex_ces_idle_interaction
[0.804s] Installing llm_hand_gesture_clip_node script to /home/yeah2/allex_ces_idle_interaction_gui/install/allex_ces_idle_interaction/lib/allex_ces_idle_interaction
[0.804s] Installing tracking_fsm_node script to /home/yeah2/allex_ces_idle_interaction_gui/install/allex_ces_idle_interaction/lib/allex_ces_idle_interaction
[0.804s] Installing yolo_detection_node script to /home/yeah2/allex_ces_idle_interaction_gui/install/allex_ces_idle_interaction/lib/allex_ces_idle_interaction
[0.804s] 
[0.804s] Installed /home/yeah2/allex_ces_idle_interaction_gui/build/allex_ces_idle_interaction
[0.804s] running symlink_data
[0.819s] Invoked command in '/home/yeah2/allex_ces_idle_interaction_gui/build/allex_ces_idle_interaction' returned '0': CONDA_PROMPT_MODIFIER=(base) PYTHONPATH=/home/yeah2/allex_ces_idle_interaction_gui/build/allex_ces_idle_interaction/prefix_override:/usr/lib/python3/dist-packages/colcon_core/task/python/colcon_distutils_commands:/home/yeah2/allex_ces_idle_interaction_gui/install/allex_ces_idle_interaction/lib/python3.10/site-packages:${PYTHONPATH} /usr/bin/python3 -W ignore:setup.py install is deprecated -W ignore:easy_install command is deprecated setup.py develop --editable --build-directory /home/yeah2/allex_ces_idle_interaction_gui/build/allex_ces_idle_interaction/build --no-deps symlink_data
