[0.086s] DEBUG:colcon:Command line arguments: ['/usr/bin/colcon', 'build', '--symlink-install']
[0.087s] DEBUG:colcon:Parsed command line arguments: Namespace(log_base=None, log_level=None, verb_name='build', build_base='build', install_base='install', merge_install=False, symlink_install=True, test_result_base=None, continue_on_error=False, executor='parallel', parallel_workers=14, event_handlers=None, ignore_user_meta=False, metas=['./colcon.meta'], base_paths=['.'], packages_ignore=None, packages_ignore_regex=None, paths=None, packages_up_to=None, packages_up_to_regex=None, packages_above=None, packages_above_and_dependencies=None, packages_above_depth=None, packages_select_by_dep=None, packages_skip_by_dep=None, packages_skip_up_to=None, packages_select_build_failed=False, packages_skip_build_finished=False, packages_select_test_failures=False, packages_skip_test_passed=False, packages_select=None, packages_skip=None, packages_select_regex=None, packages_skip_regex=None, packages_start=None, packages_end=None, allow_overriding=[], cmake_args=None, cmake_target=None, cmake_target_skip_unavailable=False, cmake_clean_cache=False, cmake_clean_first=False, cmake_force_configure=False, ament_cmake_args=None, catkin_cmake_args=None, catkin_skip_building_tests=False, mixin_files=None, mixin=None, verb_parser=<colcon_mixin.mixin.mixin_argument.MixinArgumentDecorator object at 0xffff9ddeaf00>, verb_extension=<colcon_core.verb.build.BuildVerb object at 0xffff9df674d0>, main=<bound method BuildVerb.main of <colcon_core.verb.build.BuildVerb object at 0xffff9df674d0>>, mixin_verb=('build',))
[0.118s] Level 1:colcon.colcon_core.package_discovery:discover_packages(colcon_meta) check parameters
[0.118s] Level 1:colcon.colcon_core.package_discovery:discover_packages(recursive) check parameters
[0.118s] Level 1:colcon.colcon_core.package_discovery:discover_packages(ignore) check parameters
[0.118s] Level 1:colcon.colcon_core.package_discovery:discover_packages(path) check parameters
[0.118s] Level 1:colcon.colcon_core.package_discovery:discover_packages(colcon_meta) discover
[0.118s] Level 1:colcon.colcon_core.package_discovery:discover_packages(recursive) discover
[0.118s] INFO:colcon.colcon_core.package_discovery:Crawling recursively for packages in '/home/mars/allex_ces_idle_interaction'
[0.119s] Level 1:colcon.colcon_core.package_identification:_identify(.) by extensions ['ignore', 'ignore_ament_install']
[0.119s] Level 1:colcon.colcon_core.package_identification:_identify(.) by extension 'ignore'
[0.119s] Level 1:colcon.colcon_core.package_identification:_identify(.) by extension 'ignore_ament_install'
[0.119s] Level 1:colcon.colcon_core.package_identification:_identify(.) by extensions ['colcon_pkg']
[0.119s] Level 1:colcon.colcon_core.package_identification:_identify(.) by extension 'colcon_pkg'
[0.119s] Level 1:colcon.colcon_core.package_identification:_identify(.) by extensions ['colcon_meta']
[0.119s] Level 1:colcon.colcon_core.package_identification:_identify(.) by extension 'colcon_meta'
[0.119s] Level 1:colcon.colcon_core.package_identification:_identify(.) by extensions ['ros']
[0.119s] Level 1:colcon.colcon_core.package_identification:_identify(.) by extension 'ros'
[0.143s] Level 1:colcon.colcon_core.package_identification:_identify(.) by extensions ['cmake', 'python']
[0.143s] Level 1:colcon.colcon_core.package_identification:_identify(.) by extension 'cmake'
[0.143s] Level 1:colcon.colcon_core.package_identification:_identify(.) by extension 'python'
[0.143s] Level 1:colcon.colcon_core.package_identification:_identify(.) by extensions ['python_setup_py']
[0.143s] Level 1:colcon.colcon_core.package_identification:_identify(.) by extension 'python_setup_py'
[0.144s] Level 1:colcon.colcon_core.package_identification:_identify(build) by extensions ['ignore', 'ignore_ament_install']
[0.144s] Level 1:colcon.colcon_core.package_identification:_identify(build) by extension 'ignore'
[0.144s] Level 1:colcon.colcon_core.package_identification:_identify(build) ignored
[0.144s] Level 1:colcon.colcon_core.package_identification:_identify(crowd_video_bag) by extensions ['ignore', 'ignore_ament_install']
[0.144s] Level 1:colcon.colcon_core.package_identification:_identify(crowd_video_bag) by extension 'ignore'
[0.144s] Level 1:colcon.colcon_core.package_identification:_identify(crowd_video_bag) by extension 'ignore_ament_install'
[0.144s] Level 1:colcon.colcon_core.package_identification:_identify(crowd_video_bag) by extensions ['colcon_pkg']
[0.144s] Level 1:colcon.colcon_core.package_identification:_identify(crowd_video_bag) by extension 'colcon_pkg'
[0.144s] Level 1:colcon.colcon_core.package_identification:_identify(crowd_video_bag) by extensions ['colcon_meta']
[0.144s] Level 1:colcon.colcon_core.package_identification:_identify(crowd_video_bag) by extension 'colcon_meta'
[0.144s] Level 1:colcon.colcon_core.package_identification:_identify(crowd_video_bag) by extensions ['ros']
[0.144s] Level 1:colcon.colcon_core.package_identification:_identify(crowd_video_bag) by extension 'ros'
[0.144s] Level 1:colcon.colcon_core.package_identification:_identify(crowd_video_bag) by extensions ['cmake', 'python']
[0.144s] Level 1:colcon.colcon_core.package_identification:_identify(crowd_video_bag) by extension 'cmake'
[0.144s] Level 1:colcon.colcon_core.package_identification:_identify(crowd_video_bag) by extension 'python'
[0.144s] Level 1:colcon.colcon_core.package_identification:_identify(crowd_video_bag) by extensions ['python_setup_py']
[0.144s] Level 1:colcon.colcon_core.package_identification:_identify(crowd_video_bag) by extension 'python_setup_py'
[0.144s] Level 1:colcon.colcon_core.package_identification:_identify(install) by extensions ['ignore', 'ignore_ament_install']
[0.144s] Level 1:colcon.colcon_core.package_identification:_identify(install) by extension 'ignore'
[0.144s] Level 1:colcon.colcon_core.package_identification:_identify(install) ignored
[0.144s] Level 1:colcon.colcon_core.package_identification:_identify(log) by extensions ['ignore', 'ignore_ament_install']
[0.144s] Level 1:colcon.colcon_core.package_identification:_identify(log) by extension 'ignore'
[0.144s] Level 1:colcon.colcon_core.package_identification:_identify(log) ignored
[0.144s] Level 1:colcon.colcon_core.package_identification:_identify(src) by extensions ['ignore', 'ignore_ament_install']
[0.144s] Level 1:colcon.colcon_core.package_identification:_identify(src) by extension 'ignore'
[0.144s] Level 1:colcon.colcon_core.package_identification:_identify(src) by extension 'ignore_ament_install'
[0.144s] Level 1:colcon.colcon_core.package_identification:_identify(src) by extensions ['colcon_pkg']
[0.144s] Level 1:colcon.colcon_core.package_identification:_identify(src) by extension 'colcon_pkg'
[0.144s] Level 1:colcon.colcon_core.package_identification:_identify(src) by extensions ['colcon_meta']
[0.145s] Level 1:colcon.colcon_core.package_identification:_identify(src) by extension 'colcon_meta'
[0.145s] Level 1:colcon.colcon_core.package_identification:_identify(src) by extensions ['ros']
[0.145s] Level 1:colcon.colcon_core.package_identification:_identify(src) by extension 'ros'
[0.145s] Level 1:colcon.colcon_core.package_identification:_identify(src) by extensions ['cmake', 'python']
[0.145s] Level 1:colcon.colcon_core.package_identification:_identify(src) by extension 'cmake'
[0.145s] Level 1:colcon.colcon_core.package_identification:_identify(src) by extension 'python'
[0.145s] Level 1:colcon.colcon_core.package_identification:_identify(src) by extensions ['python_setup_py']
[0.145s] Level 1:colcon.colcon_core.package_identification:_identify(src) by extension 'python_setup_py'
[0.145s] Level 1:colcon.colcon_core.package_identification:_identify(src/OrbbecSDK_ROS2) by extensions ['ignore', 'ignore_ament_install']
[0.145s] Level 1:colcon.colcon_core.package_identification:_identify(src/OrbbecSDK_ROS2) by extension 'ignore'
[0.145s] Level 1:colcon.colcon_core.package_identification:_identify(src/OrbbecSDK_ROS2) by extension 'ignore_ament_install'
[0.145s] Level 1:colcon.colcon_core.package_identification:_identify(src/OrbbecSDK_ROS2) by extensions ['colcon_pkg']
[0.145s] Level 1:colcon.colcon_core.package_identification:_identify(src/OrbbecSDK_ROS2) by extension 'colcon_pkg'
[0.145s] Level 1:colcon.colcon_core.package_identification:_identify(src/OrbbecSDK_ROS2) by extensions ['colcon_meta']
[0.145s] Level 1:colcon.colcon_core.package_identification:_identify(src/OrbbecSDK_ROS2) by extension 'colcon_meta'
[0.145s] Level 1:colcon.colcon_core.package_identification:_identify(src/OrbbecSDK_ROS2) by extensions ['ros']
[0.145s] Level 1:colcon.colcon_core.package_identification:_identify(src/OrbbecSDK_ROS2) by extension 'ros'
[0.145s] Level 1:colcon.colcon_core.package_identification:_identify(src/OrbbecSDK_ROS2) by extensions ['cmake', 'python']
[0.145s] Level 1:colcon.colcon_core.package_identification:_identify(src/OrbbecSDK_ROS2) by extension 'cmake'
[0.145s] Level 1:colcon.colcon_core.package_identification:_identify(src/OrbbecSDK_ROS2) by extension 'python'
[0.145s] Level 1:colcon.colcon_core.package_identification:_identify(src/OrbbecSDK_ROS2) by extensions ['python_setup_py']
[0.145s] Level 1:colcon.colcon_core.package_identification:_identify(src/OrbbecSDK_ROS2) by extension 'python_setup_py'
[0.145s] Level 1:colcon.colcon_core.package_identification:_identify(src/allex_ces_idle_interaction) by extensions ['ignore', 'ignore_ament_install']
[0.145s] Level 1:colcon.colcon_core.package_identification:_identify(src/allex_ces_idle_interaction) by extension 'ignore'
[0.145s] Level 1:colcon.colcon_core.package_identification:_identify(src/allex_ces_idle_interaction) by extension 'ignore_ament_install'
[0.145s] Level 1:colcon.colcon_core.package_identification:_identify(src/allex_ces_idle_interaction) by extensions ['colcon_pkg']
[0.145s] Level 1:colcon.colcon_core.package_identification:_identify(src/allex_ces_idle_interaction) by extension 'colcon_pkg'
[0.145s] Level 1:colcon.colcon_core.package_identification:_identify(src/allex_ces_idle_interaction) by extensions ['colcon_meta']
[0.145s] Level 1:colcon.colcon_core.package_identification:_identify(src/allex_ces_idle_interaction) by extension 'colcon_meta'
[0.145s] Level 1:colcon.colcon_core.package_identification:_identify(src/allex_ces_idle_interaction) by extensions ['ros']
[0.145s] Level 1:colcon.colcon_core.package_identification:_identify(src/allex_ces_idle_interaction) by extension 'ros'
[0.147s] DEBUG:colcon.colcon_core.package_identification:Package 'src/allex_ces_idle_interaction' with type 'ros.ament_python' and name 'allex_ces_idle_interaction'
[0.147s] Level 1:colcon.colcon_core.package_identification:_identify(src/allex_testbed) by extensions ['ignore', 'ignore_ament_install']
[0.147s] Level 1:colcon.colcon_core.package_identification:_identify(src/allex_testbed) by extension 'ignore'
[0.147s] Level 1:colcon.colcon_core.package_identification:_identify(src/allex_testbed) by extension 'ignore_ament_install'
[0.147s] Level 1:colcon.colcon_core.package_identification:_identify(src/allex_testbed) by extensions ['colcon_pkg']
[0.147s] Level 1:colcon.colcon_core.package_identification:_identify(src/allex_testbed) by extension 'colcon_pkg'
[0.148s] Level 1:colcon.colcon_core.package_identification:_identify(src/allex_testbed) by extensions ['colcon_meta']
[0.148s] Level 1:colcon.colcon_core.package_identification:_identify(src/allex_testbed) by extension 'colcon_meta'
[0.148s] Level 1:colcon.colcon_core.package_identification:_identify(src/allex_testbed) by extensions ['ros']
[0.148s] Level 1:colcon.colcon_core.package_identification:_identify(src/allex_testbed) by extension 'ros'
[0.148s] DEBUG:colcon.colcon_core.package_identification:Package 'src/allex_testbed' with type 'ros.ament_python' and name 'allex_testbed'
[0.148s] Level 1:colcon.colcon_core.package_identification:_identify(src/irim_control_panel_n_dashboard) by extensions ['ignore', 'ignore_ament_install']
[0.148s] Level 1:colcon.colcon_core.package_identification:_identify(src/irim_control_panel_n_dashboard) by extension 'ignore'
[0.148s] Level 1:colcon.colcon_core.package_identification:_identify(src/irim_control_panel_n_dashboard) by extension 'ignore_ament_install'
[0.148s] Level 1:colcon.colcon_core.package_identification:_identify(src/irim_control_panel_n_dashboard) by extensions ['colcon_pkg']
[0.148s] Level 1:colcon.colcon_core.package_identification:_identify(src/irim_control_panel_n_dashboard) by extension 'colcon_pkg'
[0.148s] Level 1:colcon.colcon_core.package_identification:_identify(src/irim_control_panel_n_dashboard) by extensions ['colcon_meta']
[0.148s] Level 1:colcon.colcon_core.package_identification:_identify(src/irim_control_panel_n_dashboard) by extension 'colcon_meta'
[0.148s] Level 1:colcon.colcon_core.package_identification:_identify(src/irim_control_panel_n_dashboard) by extensions ['ros']
[0.148s] Level 1:colcon.colcon_core.package_identification:_identify(src/irim_control_panel_n_dashboard) by extension 'ros'
[0.149s] DEBUG:colcon.colcon_core.package_identification:Package 'src/irim_control_panel_n_dashboard' with type 'ros.ament_python' and name 'irim_control_panel_n_dashboard'
[0.149s] Level 1:colcon.colcon_core.package_discovery:discover_packages(recursive) using defaults
[0.149s] Level 1:colcon.colcon_core.package_discovery:discover_packages(ignore) discover
[0.149s] Level 1:colcon.colcon_core.package_discovery:discover_packages(ignore) using defaults
[0.149s] Level 1:colcon.colcon_core.package_discovery:discover_packages(path) discover
[0.149s] Level 1:colcon.colcon_core.package_discovery:discover_packages(path) using defaults
[0.166s] Level 1:colcon.colcon_core.package_discovery:discover_packages(prefix_path) check parameters
[0.166s] Level 1:colcon.colcon_core.package_discovery:discover_packages(prefix_path) discover
[0.169s] DEBUG:colcon.colcon_installed_package_information.package_discovery:Found 3 installed packages in /home/mars/allex_ces_idle_interaction/install
[0.169s] DEBUG:colcon.colcon_installed_package_information.package_discovery:Found 2 installed packages in /home/mars/hansol/allex_ces_idle_interaction_gui/install
[0.170s] DEBUG:colcon.colcon_installed_package_information.package_discovery:Found 13 installed packages in /home/mars/allex_ros2_ws/install
[0.171s] DEBUG:colcon.colcon_installed_package_information.package_discovery:Found 410 installed packages in /opt/ros/jazzy
[0.172s] Level 1:colcon.colcon_core.package_discovery:discover_packages(prefix_path) using defaults
[0.210s] Level 5:colcon.colcon_core.verb:set package 'allex_ces_idle_interaction' build argument 'cmake_args' from command line to 'None'
[0.210s] Level 5:colcon.colcon_core.verb:set package 'allex_ces_idle_interaction' build argument 'cmake_target' from command line to 'None'
[0.210s] Level 5:colcon.colcon_core.verb:set package 'allex_ces_idle_interaction' build argument 'cmake_target_skip_unavailable' from command line to 'False'
[0.210s] Level 5:colcon.colcon_core.verb:set package 'allex_ces_idle_interaction' build argument 'cmake_clean_cache' from command line to 'False'
[0.210s] Level 5:colcon.colcon_core.verb:set package 'allex_ces_idle_interaction' build argument 'cmake_clean_first' from command line to 'False'
[0.210s] Level 5:colcon.colcon_core.verb:set package 'allex_ces_idle_interaction' build argument 'cmake_force_configure' from command line to 'False'
[0.210s] Level 5:colcon.colcon_core.verb:set package 'allex_ces_idle_interaction' build argument 'ament_cmake_args' from command line to 'None'
[0.210s] Level 5:colcon.colcon_core.verb:set package 'allex_ces_idle_interaction' build argument 'catkin_cmake_args' from command line to 'None'
[0.210s] Level 5:colcon.colcon_core.verb:set package 'allex_ces_idle_interaction' build argument 'catkin_skip_building_tests' from command line to 'False'
[0.210s] DEBUG:colcon.colcon_core.verb:Building package 'allex_ces_idle_interaction' with the following arguments: {'ament_cmake_args': None, 'build_base': '/home/mars/allex_ces_idle_interaction/build/allex_ces_idle_interaction', 'catkin_cmake_args': None, 'catkin_skip_building_tests': False, 'cmake_args': None, 'cmake_clean_cache': False, 'cmake_clean_first': False, 'cmake_force_configure': False, 'cmake_target': None, 'cmake_target_skip_unavailable': False, 'install_base': '/home/mars/allex_ces_idle_interaction/install/allex_ces_idle_interaction', 'merge_install': False, 'path': '/home/mars/allex_ces_idle_interaction/src/allex_ces_idle_interaction', 'symlink_install': True, 'test_result_base': None}
[0.210s] Level 5:colcon.colcon_core.verb:set package 'allex_testbed' build argument 'cmake_args' from command line to 'None'
[0.211s] Level 5:colcon.colcon_core.verb:set package 'allex_testbed' build argument 'cmake_target' from command line to 'None'
[0.211s] Level 5:colcon.colcon_core.verb:set package 'allex_testbed' build argument 'cmake_target_skip_unavailable' from command line to 'False'
[0.211s] Level 5:colcon.colcon_core.verb:set package 'allex_testbed' build argument 'cmake_clean_cache' from command line to 'False'
[0.211s] Level 5:colcon.colcon_core.verb:set package 'allex_testbed' build argument 'cmake_clean_first' from command line to 'False'
[0.211s] Level 5:colcon.colcon_core.verb:set package 'allex_testbed' build argument 'cmake_force_configure' from command line to 'False'
[0.211s] Level 5:colcon.colcon_core.verb:set package 'allex_testbed' build argument 'ament_cmake_args' from command line to 'None'
[0.211s] Level 5:colcon.colcon_core.verb:set package 'allex_testbed' build argument 'catkin_cmake_args' from command line to 'None'
[0.211s] Level 5:colcon.colcon_core.verb:set package 'allex_testbed' build argument 'catkin_skip_building_tests' from command line to 'False'
[0.211s] DEBUG:colcon.colcon_core.verb:Building package 'allex_testbed' with the following arguments: {'ament_cmake_args': None, 'build_base': '/home/mars/allex_ces_idle_interaction/build/allex_testbed', 'catkin_cmake_args': None, 'catkin_skip_building_tests': False, 'cmake_args': None, 'cmake_clean_cache': False, 'cmake_clean_first': False, 'cmake_force_configure': False, 'cmake_target': None, 'cmake_target_skip_unavailable': False, 'install_base': '/home/mars/allex_ces_idle_interaction/install/allex_testbed', 'merge_install': False, 'path': '/home/mars/allex_ces_idle_interaction/src/allex_testbed', 'symlink_install': True, 'test_result_base': None}
[0.211s] Level 5:colcon.colcon_core.verb:set package 'irim_control_panel_n_dashboard' build argument 'cmake_args' from command line to 'None'
[0.211s] Level 5:colcon.colcon_core.verb:set package 'irim_control_panel_n_dashboard' build argument 'cmake_target' from command line to 'None'
[0.211s] Level 5:colcon.colcon_core.verb:set package 'irim_control_panel_n_dashboard' build argument 'cmake_target_skip_unavailable' from command line to 'False'
[0.211s] Level 5:colcon.colcon_core.verb:set package 'irim_control_panel_n_dashboard' build argument 'cmake_clean_cache' from command line to 'False'
[0.211s] Level 5:colcon.colcon_core.verb:set package 'irim_control_panel_n_dashboard' build argument 'cmake_clean_first' from command line to 'False'
[0.211s] Level 5:colcon.colcon_core.verb:set package 'irim_control_panel_n_dashboard' build argument 'cmake_force_configure' from command line to 'False'
[0.211s] Level 5:colcon.colcon_core.verb:set package 'irim_control_panel_n_dashboard' build argument 'ament_cmake_args' from command line to 'None'
[0.211s] Level 5:colcon.colcon_core.verb:set package 'irim_control_panel_n_dashboard' build argument 'catkin_cmake_args' from command line to 'None'
[0.211s] Level 5:colcon.colcon_core.verb:set package 'irim_control_panel_n_dashboard' build argument 'catkin_skip_building_tests' from command line to 'False'
[0.211s] DEBUG:colcon.colcon_core.verb:Building package 'irim_control_panel_n_dashboard' with the following arguments: {'ament_cmake_args': None, 'build_base': '/home/mars/allex_ces_idle_interaction/build/irim_control_panel_n_dashboard', 'catkin_cmake_args': None, 'catkin_skip_building_tests': False, 'cmake_args': None, 'cmake_clean_cache': False, 'cmake_clean_first': False, 'cmake_force_configure': False, 'cmake_target': None, 'cmake_target_skip_unavailable': False, 'install_base': '/home/mars/allex_ces_idle_interaction/install/irim_control_panel_n_dashboard', 'merge_install': False, 'path': '/home/mars/allex_ces_idle_interaction/src/irim_control_panel_n_dashboard', 'symlink_install': True, 'test_result_base': None}
[0.211s] INFO:colcon.colcon_core.executor:Executing jobs using 'parallel' executor
[0.213s] DEBUG:colcon.colcon_parallel_executor.executor.parallel:run_until_complete
[0.213s] INFO:colcon.colcon_ros.task.ament_python.build:Building ROS package in '/home/mars/allex_ces_idle_interaction/src/allex_ces_idle_interaction' with build type 'ament_python'
[0.213s] Level 1:colcon.colcon_core.shell:create_environment_hook('allex_ces_idle_interaction', 'ament_prefix_path')
[0.215s] INFO:colcon.colcon_core.plugin_system:Skipping extension 'colcon_core.shell.bat': Not used on non-Windows systems
[0.215s] INFO:colcon.colcon_core.shell:Creating environment hook '/home/mars/allex_ces_idle_interaction/install/allex_ces_idle_interaction/share/allex_ces_idle_interaction/hook/ament_prefix_path.ps1'
[0.216s] INFO:colcon.colcon_core.shell:Creating environment descriptor '/home/mars/allex_ces_idle_interaction/install/allex_ces_idle_interaction/share/allex_ces_idle_interaction/hook/ament_prefix_path.dsv'
[0.216s] INFO:colcon.colcon_core.shell:Creating environment hook '/home/mars/allex_ces_idle_interaction/install/allex_ces_idle_interaction/share/allex_ces_idle_interaction/hook/ament_prefix_path.sh'
[0.217s] INFO:colcon.colcon_core.shell:Skip shell extension 'powershell' for command environment: Not usable outside of PowerShell
[0.217s] DEBUG:colcon.colcon_core.shell:Skip shell extension 'dsv' for command environment
[0.221s] INFO:colcon.colcon_ros.task.ament_python.build:Building ROS package in '/home/mars/allex_ces_idle_interaction/src/allex_testbed' with build type 'ament_python'
[0.221s] Level 1:colcon.colcon_core.shell:create_environment_hook('allex_testbed', 'ament_prefix_path')
[0.221s] INFO:colcon.colcon_core.shell:Creating environment hook '/home/mars/allex_ces_idle_interaction/install/allex_testbed/share/allex_testbed/hook/ament_prefix_path.ps1'
[0.222s] INFO:colcon.colcon_core.shell:Creating environment descriptor '/home/mars/allex_ces_idle_interaction/install/allex_testbed/share/allex_testbed/hook/ament_prefix_path.dsv'
[0.222s] INFO:colcon.colcon_core.shell:Creating environment hook '/home/mars/allex_ces_idle_interaction/install/allex_testbed/share/allex_testbed/hook/ament_prefix_path.sh'
[0.223s] INFO:colcon.colcon_core.shell:Skip shell extension 'powershell' for command environment: Not usable outside of PowerShell
[0.223s] DEBUG:colcon.colcon_core.shell:Skip shell extension 'dsv' for command environment
[0.226s] INFO:colcon.colcon_ros.task.ament_python.build:Building ROS package in '/home/mars/allex_ces_idle_interaction/src/irim_control_panel_n_dashboard' with build type 'ament_python'
[0.226s] Level 1:colcon.colcon_core.shell:create_environment_hook('irim_control_panel_n_dashboard', 'ament_prefix_path')
[0.227s] INFO:colcon.colcon_core.shell:Creating environment hook '/home/mars/allex_ces_idle_interaction/install/irim_control_panel_n_dashboard/share/irim_control_panel_n_dashboard/hook/ament_prefix_path.ps1'
[0.227s] INFO:colcon.colcon_core.shell:Creating environment descriptor '/home/mars/allex_ces_idle_interaction/install/irim_control_panel_n_dashboard/share/irim_control_panel_n_dashboard/hook/ament_prefix_path.dsv'
[0.227s] INFO:colcon.colcon_core.shell:Creating environment hook '/home/mars/allex_ces_idle_interaction/install/irim_control_panel_n_dashboard/share/irim_control_panel_n_dashboard/hook/ament_prefix_path.sh'
[0.228s] INFO:colcon.colcon_core.shell:Skip shell extension 'powershell' for command environment: Not usable outside of PowerShell
[0.228s] DEBUG:colcon.colcon_core.shell:Skip shell extension 'dsv' for command environment
[0.432s] INFO:colcon.colcon_core.task.python.build:Building Python package in '/home/mars/allex_ces_idle_interaction/src/allex_ces_idle_interaction'
[0.432s] INFO:colcon.colcon_core.shell:Skip shell extension 'powershell' for command environment: Not usable outside of PowerShell
[0.432s] DEBUG:colcon.colcon_core.shell:Skip shell extension 'dsv' for command environment
[0.627s] INFO:colcon.colcon_core.task.python.build:Building Python package in '/home/mars/allex_ces_idle_interaction/src/allex_testbed'
[0.628s] INFO:colcon.colcon_core.shell:Skip shell extension 'powershell' for command environment: Not usable outside of PowerShell
[0.628s] DEBUG:colcon.colcon_core.shell:Skip shell extension 'dsv' for command environment
[0.833s] INFO:colcon.colcon_core.task.python.build:Building Python package in '/home/mars/allex_ces_idle_interaction/src/irim_control_panel_n_dashboard'
[0.834s] INFO:colcon.colcon_core.shell:Skip shell extension 'powershell' for command environment: Not usable outside of PowerShell
[0.834s] DEBUG:colcon.colcon_core.shell:Skip shell extension 'dsv' for command environment
[1.402s] DEBUG:colcon.colcon_core.event_handler.log_command:Invoking command in '/home/mars/allex_ces_idle_interaction/build/allex_testbed': DEBUGINFOD_URLS=https://debuginfod.ubuntu.com PYTHONPATH=/home/mars/allex_ces_idle_interaction/build/allex_testbed/prefix_override:/usr/lib/python3/dist-packages/colcon_core/task/python/colcon_distutils_commands:/home/mars/allex_ces_idle_interaction/install/allex_testbed/lib/python3.12/site-packages:${PYTHONPATH} /usr/bin/python3 -W ignore:setup.py install is deprecated -W ignore:easy_install command is deprecated setup.py develop --editable --build-directory /home/mars/allex_ces_idle_interaction/build/allex_testbed/build --no-deps symlink_data
[1.467s] DEBUG:colcon.colcon_core.event_handler.log_command:Invoking command in '/home/mars/allex_ces_idle_interaction/build/allex_ces_idle_interaction': DEBUGINFOD_URLS=https://debuginfod.ubuntu.com PYTHONPATH=/home/mars/allex_ces_idle_interaction/build/allex_ces_idle_interaction/prefix_override:/usr/lib/python3/dist-packages/colcon_core/task/python/colcon_distutils_commands:/home/mars/allex_ces_idle_interaction/install/allex_ces_idle_interaction/lib/python3.12/site-packages:${PYTHONPATH} /usr/bin/python3 -W ignore:setup.py install is deprecated -W ignore:easy_install command is deprecated setup.py develop --editable --build-directory /home/mars/allex_ces_idle_interaction/build/allex_ces_idle_interaction/build --no-deps symlink_data
[1.471s] DEBUG:colcon.colcon_core.event_handler.log_command:Invoking command in '/home/mars/allex_ces_idle_interaction/build/irim_control_panel_n_dashboard': DEBUGINFOD_URLS=https://debuginfod.ubuntu.com PYTHONPATH=/home/mars/allex_ces_idle_interaction/build/irim_control_panel_n_dashboard/prefix_override:/usr/lib/python3/dist-packages/colcon_core/task/python/colcon_distutils_commands:/home/mars/allex_ces_idle_interaction/install/irim_control_panel_n_dashboard/lib/python3.12/site-packages:${PYTHONPATH} /usr/bin/python3 -W ignore:setup.py install is deprecated -W ignore:easy_install command is deprecated setup.py develop --editable --build-directory /home/mars/allex_ces_idle_interaction/build/irim_control_panel_n_dashboard/build --no-deps symlink_data
[2.001s] Level 1:colcon.colcon_core.shell:create_environment_hook('allex_testbed', 'pythonpath_develop')
[2.001s] INFO:colcon.colcon_core.shell:Creating environment hook '/home/mars/allex_ces_idle_interaction/build/allex_testbed/share/allex_testbed/hook/pythonpath_develop.ps1'
[2.002s] DEBUG:colcon.colcon_core.event_handler.log_command:Invoked command in '/home/mars/allex_ces_idle_interaction/build/allex_testbed' returned '0': DEBUGINFOD_URLS=https://debuginfod.ubuntu.com PYTHONPATH=/home/mars/allex_ces_idle_interaction/build/allex_testbed/prefix_override:/usr/lib/python3/dist-packages/colcon_core/task/python/colcon_distutils_commands:/home/mars/allex_ces_idle_interaction/install/allex_testbed/lib/python3.12/site-packages:${PYTHONPATH} /usr/bin/python3 -W ignore:setup.py install is deprecated -W ignore:easy_install command is deprecated setup.py develop --editable --build-directory /home/mars/allex_ces_idle_interaction/build/allex_testbed/build --no-deps symlink_data
[2.003s] INFO:colcon.colcon_core.shell:Creating environment descriptor '/home/mars/allex_ces_idle_interaction/build/allex_testbed/share/allex_testbed/hook/pythonpath_develop.dsv'
[2.004s] INFO:colcon.colcon_core.shell:Creating environment hook '/home/mars/allex_ces_idle_interaction/build/allex_testbed/share/allex_testbed/hook/pythonpath_develop.sh'
[2.008s] Level 1:colcon.colcon_core.environment:checking '/home/mars/allex_ces_idle_interaction/install/allex_testbed' for CMake module files
[2.009s] Level 1:colcon.colcon_core.environment:checking '/home/mars/allex_ces_idle_interaction/install/allex_testbed' for CMake config files
[2.011s] Level 1:colcon.colcon_core.environment:checking '/home/mars/allex_ces_idle_interaction/install/allex_testbed/lib'
[2.011s] Level 1:colcon.colcon_core.environment:checking '/home/mars/allex_ces_idle_interaction/install/allex_testbed/bin'
[2.011s] Level 1:colcon.colcon_core.environment:checking '/home/mars/allex_ces_idle_interaction/install/allex_testbed/lib/pkgconfig/allex_testbed.pc'
[2.012s] Level 1:colcon.colcon_core.environment:checking '/home/mars/allex_ces_idle_interaction/install/allex_testbed/lib/python3.12/site-packages'
[2.012s] Level 1:colcon.colcon_core.shell:create_environment_hook('allex_testbed', 'pythonpath')
[2.012s] INFO:colcon.colcon_core.shell:Creating environment hook '/home/mars/allex_ces_idle_interaction/install/allex_testbed/share/allex_testbed/hook/pythonpath.ps1'
[2.013s] INFO:colcon.colcon_core.shell:Creating environment descriptor '/home/mars/allex_ces_idle_interaction/install/allex_testbed/share/allex_testbed/hook/pythonpath.dsv'
[2.014s] INFO:colcon.colcon_core.shell:Creating environment hook '/home/mars/allex_ces_idle_interaction/install/allex_testbed/share/allex_testbed/hook/pythonpath.sh'
[2.016s] Level 1:colcon.colcon_core.environment:checking '/home/mars/allex_ces_idle_interaction/install/allex_testbed/bin'
[2.016s] Level 1:colcon.colcon_core.environment:create_environment_scripts_only(allex_testbed)
[2.016s] INFO:colcon.colcon_core.shell:Creating package script '/home/mars/allex_ces_idle_interaction/install/allex_testbed/share/allex_testbed/package.ps1'
[2.019s] INFO:colcon.colcon_core.shell:Creating package descriptor '/home/mars/allex_ces_idle_interaction/install/allex_testbed/share/allex_testbed/package.dsv'
[2.020s] INFO:colcon.colcon_core.shell:Creating package script '/home/mars/allex_ces_idle_interaction/install/allex_testbed/share/allex_testbed/package.sh'
[2.021s] INFO:colcon.colcon_core.shell:Creating package script '/home/mars/allex_ces_idle_interaction/install/allex_testbed/share/allex_testbed/package.bash'
[2.022s] INFO:colcon.colcon_core.shell:Creating package script '/home/mars/allex_ces_idle_interaction/install/allex_testbed/share/allex_testbed/package.zsh'
[2.023s] Level 1:colcon.colcon_core.environment:create_file_with_runtime_dependencies(/home/mars/allex_ces_idle_interaction/install/allex_testbed/share/colcon-core/packages/allex_testbed)
[2.061s] Level 1:colcon.colcon_core.shell:create_environment_hook('allex_ces_idle_interaction', 'pythonpath_develop')
[2.061s] INFO:colcon.colcon_core.shell:Creating environment hook '/home/mars/allex_ces_idle_interaction/build/allex_ces_idle_interaction/share/allex_ces_idle_interaction/hook/pythonpath_develop.ps1'
[2.063s] DEBUG:colcon.colcon_core.event_handler.log_command:Invoked command in '/home/mars/allex_ces_idle_interaction/build/allex_ces_idle_interaction' returned '0': DEBUGINFOD_URLS=https://debuginfod.ubuntu.com PYTHONPATH=/home/mars/allex_ces_idle_interaction/build/allex_ces_idle_interaction/prefix_override:/usr/lib/python3/dist-packages/colcon_core/task/python/colcon_distutils_commands:/home/mars/allex_ces_idle_interaction/install/allex_ces_idle_interaction/lib/python3.12/site-packages:${PYTHONPATH} /usr/bin/python3 -W ignore:setup.py install is deprecated -W ignore:easy_install command is deprecated setup.py develop --editable --build-directory /home/mars/allex_ces_idle_interaction/build/allex_ces_idle_interaction/build --no-deps symlink_data
[2.063s] INFO:colcon.colcon_core.shell:Creating environment descriptor '/home/mars/allex_ces_idle_interaction/build/allex_ces_idle_interaction/share/allex_ces_idle_interaction/hook/pythonpath_develop.dsv'
[2.064s] INFO:colcon.colcon_core.shell:Creating environment hook '/home/mars/allex_ces_idle_interaction/build/allex_ces_idle_interaction/share/allex_ces_idle_interaction/hook/pythonpath_develop.sh'
[2.064s] Level 1:colcon.colcon_core.environment:checking '/home/mars/allex_ces_idle_interaction/install/allex_ces_idle_interaction' for CMake module files
[2.065s] Level 1:colcon.colcon_core.environment:checking '/home/mars/allex_ces_idle_interaction/install/allex_ces_idle_interaction' for CMake config files
[2.066s] Level 1:colcon.colcon_core.environment:checking '/home/mars/allex_ces_idle_interaction/install/allex_ces_idle_interaction/lib'
[2.066s] Level 1:colcon.colcon_core.environment:checking '/home/mars/allex_ces_idle_interaction/install/allex_ces_idle_interaction/bin'
[2.066s] Level 1:colcon.colcon_core.environment:checking '/home/mars/allex_ces_idle_interaction/install/allex_ces_idle_interaction/lib/pkgconfig/allex_ces_idle_interaction.pc'
[2.067s] Level 1:colcon.colcon_core.environment:checking '/home/mars/allex_ces_idle_interaction/install/allex_ces_idle_interaction/lib/python3.12/site-packages'
[2.067s] Level 1:colcon.colcon_core.shell:create_environment_hook('allex_ces_idle_interaction', 'pythonpath')
[2.067s] INFO:colcon.colcon_core.shell:Creating environment hook '/home/mars/allex_ces_idle_interaction/install/allex_ces_idle_interaction/share/allex_ces_idle_interaction/hook/pythonpath.ps1'
[2.068s] INFO:colcon.colcon_core.shell:Creating environment descriptor '/home/mars/allex_ces_idle_interaction/install/allex_ces_idle_interaction/share/allex_ces_idle_interaction/hook/pythonpath.dsv'
[2.068s] INFO:colcon.colcon_core.shell:Creating environment hook '/home/mars/allex_ces_idle_interaction/install/allex_ces_idle_interaction/share/allex_ces_idle_interaction/hook/pythonpath.sh'
[2.070s] Level 1:colcon.colcon_core.environment:checking '/home/mars/allex_ces_idle_interaction/install/allex_ces_idle_interaction/bin'
[2.070s] Level 1:colcon.colcon_core.environment:create_environment_scripts_only(allex_ces_idle_interaction)
[2.070s] INFO:colcon.colcon_core.shell:Creating package script '/home/mars/allex_ces_idle_interaction/install/allex_ces_idle_interaction/share/allex_ces_idle_interaction/package.ps1'
[2.071s] INFO:colcon.colcon_core.shell:Creating package descriptor '/home/mars/allex_ces_idle_interaction/install/allex_ces_idle_interaction/share/allex_ces_idle_interaction/package.dsv'
[2.072s] INFO:colcon.colcon_core.shell:Creating package script '/home/mars/allex_ces_idle_interaction/install/allex_ces_idle_interaction/share/allex_ces_idle_interaction/package.sh'
[2.073s] INFO:colcon.colcon_core.shell:Creating package script '/home/mars/allex_ces_idle_interaction/install/allex_ces_idle_interaction/share/allex_ces_idle_interaction/package.bash'
[2.073s] INFO:colcon.colcon_core.shell:Creating package script '/home/mars/allex_ces_idle_interaction/install/allex_ces_idle_interaction/share/allex_ces_idle_interaction/package.zsh'
[2.074s] Level 1:colcon.colcon_core.environment:create_file_with_runtime_dependencies(/home/mars/allex_ces_idle_interaction/install/allex_ces_idle_interaction/share/colcon-core/packages/allex_ces_idle_interaction)
[2.120s] Level 1:colcon.colcon_core.shell:create_environment_hook('irim_control_panel_n_dashboard', 'pythonpath_develop')
[2.120s] INFO:colcon.colcon_core.shell:Creating environment hook '/home/mars/allex_ces_idle_interaction/build/irim_control_panel_n_dashboard/share/irim_control_panel_n_dashboard/hook/pythonpath_develop.ps1'
[2.121s] DEBUG:colcon.colcon_core.event_handler.log_command:Invoked command in '/home/mars/allex_ces_idle_interaction/build/irim_control_panel_n_dashboard' returned '0': DEBUGINFOD_URLS=https://debuginfod.ubuntu.com PYTHONPATH=/home/mars/allex_ces_idle_interaction/build/irim_control_panel_n_dashboard/prefix_override:/usr/lib/python3/dist-packages/colcon_core/task/python/colcon_distutils_commands:/home/mars/allex_ces_idle_interaction/install/irim_control_panel_n_dashboard/lib/python3.12/site-packages:${PYTHONPATH} /usr/bin/python3 -W ignore:setup.py install is deprecated -W ignore:easy_install command is deprecated setup.py develop --editable --build-directory /home/mars/allex_ces_idle_interaction/build/irim_control_panel_n_dashboard/build --no-deps symlink_data
[2.121s] INFO:colcon.colcon_core.shell:Creating environment descriptor '/home/mars/allex_ces_idle_interaction/build/irim_control_panel_n_dashboard/share/irim_control_panel_n_dashboard/hook/pythonpath_develop.dsv'
[2.122s] INFO:colcon.colcon_core.shell:Creating environment hook '/home/mars/allex_ces_idle_interaction/build/irim_control_panel_n_dashboard/share/irim_control_panel_n_dashboard/hook/pythonpath_develop.sh'
[2.122s] Level 1:colcon.colcon_core.environment:checking '/home/mars/allex_ces_idle_interaction/install/irim_control_panel_n_dashboard' for CMake module files
[2.123s] Level 1:colcon.colcon_core.environment:checking '/home/mars/allex_ces_idle_interaction/install/irim_control_panel_n_dashboard' for CMake config files
[2.124s] Level 1:colcon.colcon_core.environment:checking '/home/mars/allex_ces_idle_interaction/install/irim_control_panel_n_dashboard/lib'
[2.124s] Level 1:colcon.colcon_core.environment:checking '/home/mars/allex_ces_idle_interaction/install/irim_control_panel_n_dashboard/bin'
[2.124s] Level 1:colcon.colcon_core.environment:checking '/home/mars/allex_ces_idle_interaction/install/irim_control_panel_n_dashboard/lib/pkgconfig/irim_control_panel_n_dashboard.pc'
[2.124s] Level 1:colcon.colcon_core.environment:checking '/home/mars/allex_ces_idle_interaction/install/irim_control_panel_n_dashboard/lib/python3.12/site-packages'
[2.125s] Level 1:colcon.colcon_core.shell:create_environment_hook('irim_control_panel_n_dashboard', 'pythonpath')
[2.125s] INFO:colcon.colcon_core.shell:Creating environment hook '/home/mars/allex_ces_idle_interaction/install/irim_control_panel_n_dashboard/share/irim_control_panel_n_dashboard/hook/pythonpath.ps1'
[2.125s] INFO:colcon.colcon_core.shell:Creating environment descriptor '/home/mars/allex_ces_idle_interaction/install/irim_control_panel_n_dashboard/share/irim_control_panel_n_dashboard/hook/pythonpath.dsv'
[2.126s] INFO:colcon.colcon_core.shell:Creating environment hook '/home/mars/allex_ces_idle_interaction/install/irim_control_panel_n_dashboard/share/irim_control_panel_n_dashboard/hook/pythonpath.sh'
[2.127s] Level 1:colcon.colcon_core.environment:checking '/home/mars/allex_ces_idle_interaction/install/irim_control_panel_n_dashboard/bin'
[2.127s] Level 1:colcon.colcon_core.environment:create_environment_scripts_only(irim_control_panel_n_dashboard)
[2.127s] INFO:colcon.colcon_core.shell:Creating package script '/home/mars/allex_ces_idle_interaction/install/irim_control_panel_n_dashboard/share/irim_control_panel_n_dashboard/package.ps1'
[2.128s] INFO:colcon.colcon_core.shell:Creating package descriptor '/home/mars/allex_ces_idle_interaction/install/irim_control_panel_n_dashboard/share/irim_control_panel_n_dashboard/package.dsv'
[2.129s] INFO:colcon.colcon_core.shell:Creating package script '/home/mars/allex_ces_idle_interaction/install/irim_control_panel_n_dashboard/share/irim_control_panel_n_dashboard/package.sh'
[2.130s] INFO:colcon.colcon_core.shell:Creating package script '/home/mars/allex_ces_idle_interaction/install/irim_control_panel_n_dashboard/share/irim_control_panel_n_dashboard/package.bash'
[2.130s] INFO:colcon.colcon_core.shell:Creating package script '/home/mars/allex_ces_idle_interaction/install/irim_control_panel_n_dashboard/share/irim_control_panel_n_dashboard/package.zsh'
[2.131s] Level 1:colcon.colcon_core.environment:create_file_with_runtime_dependencies(/home/mars/allex_ces_idle_interaction/install/irim_control_panel_n_dashboard/share/colcon-core/packages/irim_control_panel_n_dashboard)
[2.131s] DEBUG:colcon.colcon_parallel_executor.executor.parallel:closing loop
[2.132s] DEBUG:colcon.colcon_parallel_executor.executor.parallel:loop closed
[2.132s] DEBUG:colcon.colcon_parallel_executor.executor.parallel:run_until_complete finished with '0'
[2.132s] DEBUG:colcon.colcon_core.event_reactor:joining thread
[2.143s] INFO:colcon.colcon_core.plugin_system:Skipping extension 'colcon_notification.desktop_notification.terminal_notifier': Not used on non-Darwin systems
[2.143s] INFO:colcon.colcon_core.plugin_system:Skipping extension 'colcon_notification.desktop_notification.win32': Not used on non-Windows systems
[2.143s] INFO:colcon.colcon_notification.desktop_notification:Sending desktop notification using 'notify2'
[2.176s] DEBUG:colcon.colcon_core.event_reactor:joined thread
[2.177s] INFO:colcon.colcon_core.shell:Creating prefix script '/home/mars/allex_ces_idle_interaction/install/local_setup.ps1'
[2.178s] INFO:colcon.colcon_core.shell:Creating prefix util module '/home/mars/allex_ces_idle_interaction/install/_local_setup_util_ps1.py'
[2.180s] INFO:colcon.colcon_core.shell:Creating prefix chain script '/home/mars/allex_ces_idle_interaction/install/setup.ps1'
[2.182s] INFO:colcon.colcon_core.shell:Creating prefix script '/home/mars/allex_ces_idle_interaction/install/local_setup.sh'
[2.183s] INFO:colcon.colcon_core.shell:Creating prefix util module '/home/mars/allex_ces_idle_interaction/install/_local_setup_util_sh.py'
[2.184s] INFO:colcon.colcon_core.shell:Creating prefix chain script '/home/mars/allex_ces_idle_interaction/install/setup.sh'
[2.186s] INFO:colcon.colcon_core.shell:Creating prefix script '/home/mars/allex_ces_idle_interaction/install/local_setup.bash'
[2.187s] INFO:colcon.colcon_core.shell:Creating prefix chain script '/home/mars/allex_ces_idle_interaction/install/setup.bash'
[2.209s] INFO:colcon.colcon_core.shell:Creating prefix script '/home/mars/allex_ces_idle_interaction/install/local_setup.zsh'
[2.210s] INFO:colcon.colcon_core.shell:Creating prefix chain script '/home/mars/allex_ces_idle_interaction/install/setup.zsh'
