[0.087s] DEBUG:colcon:Command line arguments: ['/usr/bin/colcon', 'build', '--packages-select', 'allex_ces_idle_interaction', '--symlink-install', '--cmake-clean-cache']
[0.087s] DEBUG:colcon:Parsed command line arguments: Namespace(log_base=None, log_level=None, verb_name='build', build_base='build', install_base='install', merge_install=False, symlink_install=True, test_result_base=None, continue_on_error=False, executor='parallel', parallel_workers=14, event_handlers=None, ignore_user_meta=False, metas=['./colcon.meta'], base_paths=['.'], packages_ignore=None, packages_ignore_regex=None, paths=None, packages_up_to=None, packages_up_to_regex=None, packages_above=None, packages_above_and_dependencies=None, packages_above_depth=None, packages_select_by_dep=None, packages_skip_by_dep=None, packages_skip_up_to=None, packages_select_build_failed=False, packages_skip_build_finished=False, packages_select_test_failures=False, packages_skip_test_passed=False, packages_select=['allex_ces_idle_interaction'], packages_skip=None, packages_select_regex=None, packages_skip_regex=None, packages_start=None, packages_end=None, allow_overriding=[], cmake_args=None, cmake_target=None, cmake_target_skip_unavailable=False, cmake_clean_cache=True, cmake_clean_first=False, cmake_force_configure=False, ament_cmake_args=None, catkin_cmake_args=None, catkin_skip_building_tests=False, mixin_files=None, mixin=None, verb_parser=<colcon_mixin.mixin.mixin_argument.MixinArgumentDecorator object at 0xffffa4796780>, verb_extension=<colcon_core.verb.build.BuildVerb object at 0xffffa56c60f0>, main=<bound method BuildVerb.main of <colcon_core.verb.build.BuildVerb object at 0xffffa56c60f0>>, mixin_verb=('build',))
[0.117s] Level 1:colcon.colcon_core.package_discovery:discover_packages(colcon_meta) check parameters
[0.117s] Level 1:colcon.colcon_core.package_discovery:discover_packages(recursive) check parameters
[0.117s] Level 1:colcon.colcon_core.package_discovery:discover_packages(ignore) check parameters
[0.117s] Level 1:colcon.colcon_core.package_discovery:discover_packages(path) check parameters
[0.117s] Level 1:colcon.colcon_core.package_discovery:discover_packages(colcon_meta) discover
[0.117s] Level 1:colcon.colcon_core.package_discovery:discover_packages(recursive) discover
[0.117s] INFO:colcon.colcon_core.package_discovery:Crawling recursively for packages in '/home/mars/allex_ces_idle_interaction'
[0.117s] Level 1:colcon.colcon_core.package_identification:_identify(.) by extensions ['ignore', 'ignore_ament_install']
[0.118s] Level 1:colcon.colcon_core.package_identification:_identify(.) by extension 'ignore'
[0.118s] Level 1:colcon.colcon_core.package_identification:_identify(.) by extension 'ignore_ament_install'
[0.118s] Level 1:colcon.colcon_core.package_identification:_identify(.) by extensions ['colcon_pkg']
[0.118s] Level 1:colcon.colcon_core.package_identification:_identify(.) by extension 'colcon_pkg'
[0.118s] Level 1:colcon.colcon_core.package_identification:_identify(.) by extensions ['colcon_meta']
[0.118s] Level 1:colcon.colcon_core.package_identification:_identify(.) by extension 'colcon_meta'
[0.118s] Level 1:colcon.colcon_core.package_identification:_identify(.) by extensions ['ros']
[0.118s] Level 1:colcon.colcon_core.package_identification:_identify(.) by extension 'ros'
[0.139s] Level 1:colcon.colcon_core.package_identification:_identify(.) by extensions ['cmake', 'python']
[0.139s] Level 1:colcon.colcon_core.package_identification:_identify(.) by extension 'cmake'
[0.139s] Level 1:colcon.colcon_core.package_identification:_identify(.) by extension 'python'
[0.139s] Level 1:colcon.colcon_core.package_identification:_identify(.) by extensions ['python_setup_py']
[0.139s] Level 1:colcon.colcon_core.package_identification:_identify(.) by extension 'python_setup_py'
[0.139s] Level 1:colcon.colcon_core.package_identification:_identify(build) by extensions ['ignore', 'ignore_ament_install']
[0.139s] Level 1:colcon.colcon_core.package_identification:_identify(build) by extension 'ignore'
[0.139s] Level 1:colcon.colcon_core.package_identification:_identify(build) ignored
[0.139s] Level 1:colcon.colcon_core.package_identification:_identify(install) by extensions ['ignore', 'ignore_ament_install']
[0.139s] Level 1:colcon.colcon_core.package_identification:_identify(install) by extension 'ignore'
[0.139s] Level 1:colcon.colcon_core.package_identification:_identify(install) ignored
[0.140s] Level 1:colcon.colcon_core.package_identification:_identify(log) by extensions ['ignore', 'ignore_ament_install']
[0.140s] Level 1:colcon.colcon_core.package_identification:_identify(log) by extension 'ignore'
[0.140s] Level 1:colcon.colcon_core.package_identification:_identify(log) ignored
[0.140s] Level 1:colcon.colcon_core.package_identification:_identify(src) by extensions ['ignore', 'ignore_ament_install']
[0.140s] Level 1:colcon.colcon_core.package_identification:_identify(src) by extension 'ignore'
[0.140s] Level 1:colcon.colcon_core.package_identification:_identify(src) by extension 'ignore_ament_install'
[0.140s] Level 1:colcon.colcon_core.package_identification:_identify(src) by extensions ['colcon_pkg']
[0.140s] Level 1:colcon.colcon_core.package_identification:_identify(src) by extension 'colcon_pkg'
[0.140s] Level 1:colcon.colcon_core.package_identification:_identify(src) by extensions ['colcon_meta']
[0.140s] Level 1:colcon.colcon_core.package_identification:_identify(src) by extension 'colcon_meta'
[0.140s] Level 1:colcon.colcon_core.package_identification:_identify(src) by extensions ['ros']
[0.140s] Level 1:colcon.colcon_core.package_identification:_identify(src) by extension 'ros'
[0.140s] Level 1:colcon.colcon_core.package_identification:_identify(src) by extensions ['cmake', 'python']
[0.140s] Level 1:colcon.colcon_core.package_identification:_identify(src) by extension 'cmake'
[0.140s] Level 1:colcon.colcon_core.package_identification:_identify(src) by extension 'python'
[0.140s] Level 1:colcon.colcon_core.package_identification:_identify(src) by extensions ['python_setup_py']
[0.140s] Level 1:colcon.colcon_core.package_identification:_identify(src) by extension 'python_setup_py'
[0.140s] Level 1:colcon.colcon_core.package_identification:_identify(src/allex_ces_idle_interaction) by extensions ['ignore', 'ignore_ament_install']
[0.140s] Level 1:colcon.colcon_core.package_identification:_identify(src/allex_ces_idle_interaction) by extension 'ignore'
[0.140s] Level 1:colcon.colcon_core.package_identification:_identify(src/allex_ces_idle_interaction) by extension 'ignore_ament_install'
[0.140s] Level 1:colcon.colcon_core.package_identification:_identify(src/allex_ces_idle_interaction) by extensions ['colcon_pkg']
[0.140s] Level 1:colcon.colcon_core.package_identification:_identify(src/allex_ces_idle_interaction) by extension 'colcon_pkg'
[0.140s] Level 1:colcon.colcon_core.package_identification:_identify(src/allex_ces_idle_interaction) by extensions ['colcon_meta']
[0.140s] Level 1:colcon.colcon_core.package_identification:_identify(src/allex_ces_idle_interaction) by extension 'colcon_meta'
[0.140s] Level 1:colcon.colcon_core.package_identification:_identify(src/allex_ces_idle_interaction) by extensions ['ros']
[0.140s] Level 1:colcon.colcon_core.package_identification:_identify(src/allex_ces_idle_interaction) by extension 'ros'
[0.142s] DEBUG:colcon.colcon_core.package_identification:Package 'src/allex_ces_idle_interaction' with type 'ros.ament_python' and name 'allex_ces_idle_interaction'
[0.142s] Level 1:colcon.colcon_core.package_discovery:discover_packages(recursive) using defaults
[0.142s] Level 1:colcon.colcon_core.package_discovery:discover_packages(ignore) discover
[0.142s] Level 1:colcon.colcon_core.package_discovery:discover_packages(ignore) using defaults
[0.142s] Level 1:colcon.colcon_core.package_discovery:discover_packages(path) discover
[0.142s] Level 1:colcon.colcon_core.package_discovery:discover_packages(path) using defaults
[0.156s] Level 1:colcon.colcon_core.package_discovery:discover_packages(prefix_path) check parameters
[0.156s] Level 1:colcon.colcon_core.package_discovery:discover_packages(prefix_path) discover
[0.158s] DEBUG:colcon.colcon_installed_package_information.package_discovery:Found 1 installed packages in /home/mars/allex_ces_idle_interaction/install
[0.158s] DEBUG:colcon.colcon_installed_package_information.package_discovery:Found 2 installed packages in /home/mars/hansol/allex_ces_idle_interaction_gui/install
[0.158s] DEBUG:colcon.colcon_installed_package_information.package_discovery:Found 13 installed packages in /home/mars/allex_ros2_ws/install
[0.160s] DEBUG:colcon.colcon_installed_package_information.package_discovery:Found 405 installed packages in /opt/ros/jazzy
[0.161s] Level 1:colcon.colcon_core.package_discovery:discover_packages(prefix_path) using defaults
[0.198s] Level 5:colcon.colcon_core.verb:set package 'allex_ces_idle_interaction' build argument 'cmake_args' from command line to 'None'
[0.198s] Level 5:colcon.colcon_core.verb:set package 'allex_ces_idle_interaction' build argument 'cmake_target' from command line to 'None'
[0.198s] Level 5:colcon.colcon_core.verb:set package 'allex_ces_idle_interaction' build argument 'cmake_target_skip_unavailable' from command line to 'False'
[0.198s] Level 5:colcon.colcon_core.verb:set package 'allex_ces_idle_interaction' build argument 'cmake_clean_cache' from command line to 'True'
[0.198s] Level 5:colcon.colcon_core.verb:set package 'allex_ces_idle_interaction' build argument 'cmake_clean_first' from command line to 'False'
[0.198s] Level 5:colcon.colcon_core.verb:set package 'allex_ces_idle_interaction' build argument 'cmake_force_configure' from command line to 'False'
[0.198s] Level 5:colcon.colcon_core.verb:set package 'allex_ces_idle_interaction' build argument 'ament_cmake_args' from command line to 'None'
[0.198s] Level 5:colcon.colcon_core.verb:set package 'allex_ces_idle_interaction' build argument 'catkin_cmake_args' from command line to 'None'
[0.198s] Level 5:colcon.colcon_core.verb:set package 'allex_ces_idle_interaction' build argument 'catkin_skip_building_tests' from command line to 'False'
[0.198s] DEBUG:colcon.colcon_core.verb:Building package 'allex_ces_idle_interaction' with the following arguments: {'ament_cmake_args': None, 'build_base': '/home/mars/allex_ces_idle_interaction/build/allex_ces_idle_interaction', 'catkin_cmake_args': None, 'catkin_skip_building_tests': False, 'cmake_args': None, 'cmake_clean_cache': True, 'cmake_clean_first': False, 'cmake_force_configure': False, 'cmake_target': None, 'cmake_target_skip_unavailable': False, 'install_base': '/home/mars/allex_ces_idle_interaction/install/allex_ces_idle_interaction', 'merge_install': False, 'path': '/home/mars/allex_ces_idle_interaction/src/allex_ces_idle_interaction', 'symlink_install': True, 'test_result_base': None}
[0.198s] INFO:colcon.colcon_core.executor:Executing jobs using 'parallel' executor
[0.199s] DEBUG:colcon.colcon_parallel_executor.executor.parallel:run_until_complete
[0.200s] INFO:colcon.colcon_ros.task.ament_python.build:Building ROS package in '/home/mars/allex_ces_idle_interaction/src/allex_ces_idle_interaction' with build type 'ament_python'
[0.200s] Level 1:colcon.colcon_core.shell:create_environment_hook('allex_ces_idle_interaction', 'ament_prefix_path')
[0.201s] INFO:colcon.colcon_core.plugin_system:Skipping extension 'colcon_core.shell.bat': Not used on non-Windows systems
[0.201s] INFO:colcon.colcon_core.shell:Creating environment hook '/home/mars/allex_ces_idle_interaction/install/allex_ces_idle_interaction/share/allex_ces_idle_interaction/hook/ament_prefix_path.ps1'
[0.202s] INFO:colcon.colcon_core.shell:Creating environment descriptor '/home/mars/allex_ces_idle_interaction/install/allex_ces_idle_interaction/share/allex_ces_idle_interaction/hook/ament_prefix_path.dsv'
[0.202s] INFO:colcon.colcon_core.shell:Creating environment hook '/home/mars/allex_ces_idle_interaction/install/allex_ces_idle_interaction/share/allex_ces_idle_interaction/hook/ament_prefix_path.sh'
[0.203s] INFO:colcon.colcon_core.shell:Skip shell extension 'powershell' for command environment: Not usable outside of PowerShell
[0.203s] DEBUG:colcon.colcon_core.shell:Skip shell extension 'dsv' for command environment
[0.416s] INFO:colcon.colcon_core.task.python.build:Building Python package in '/home/mars/allex_ces_idle_interaction/src/allex_ces_idle_interaction'
[0.417s] INFO:colcon.colcon_core.shell:Skip shell extension 'powershell' for command environment: Not usable outside of PowerShell
[0.417s] DEBUG:colcon.colcon_core.shell:Skip shell extension 'dsv' for command environment
[1.012s] DEBUG:colcon.colcon_core.event_handler.log_command:Invoking command in '/home/mars/allex_ces_idle_interaction/build/allex_ces_idle_interaction': DEBUGINFOD_URLS=https://debuginfod.ubuntu.com PYTHONPATH=/home/mars/allex_ces_idle_interaction/build/allex_ces_idle_interaction/prefix_override:/usr/lib/python3/dist-packages/colcon_core/task/python/colcon_distutils_commands:/home/mars/allex_ces_idle_interaction/install/allex_ces_idle_interaction/lib/python3.12/site-packages:${PYTHONPATH} /usr/bin/python3 -W ignore:setup.py install is deprecated -W ignore:easy_install command is deprecated setup.py develop --editable --build-directory /home/mars/allex_ces_idle_interaction/build/allex_ces_idle_interaction/build --no-deps symlink_data
[1.621s] Level 1:colcon.colcon_core.shell:create_environment_hook('allex_ces_idle_interaction', 'pythonpath_develop')
[1.622s] INFO:colcon.colcon_core.shell:Creating environment hook '/home/mars/allex_ces_idle_interaction/build/allex_ces_idle_interaction/share/allex_ces_idle_interaction/hook/pythonpath_develop.ps1'
[1.623s] DEBUG:colcon.colcon_core.event_handler.log_command:Invoked command in '/home/mars/allex_ces_idle_interaction/build/allex_ces_idle_interaction' returned '0': DEBUGINFOD_URLS=https://debuginfod.ubuntu.com PYTHONPATH=/home/mars/allex_ces_idle_interaction/build/allex_ces_idle_interaction/prefix_override:/usr/lib/python3/dist-packages/colcon_core/task/python/colcon_distutils_commands:/home/mars/allex_ces_idle_interaction/install/allex_ces_idle_interaction/lib/python3.12/site-packages:${PYTHONPATH} /usr/bin/python3 -W ignore:setup.py install is deprecated -W ignore:easy_install command is deprecated setup.py develop --editable --build-directory /home/mars/allex_ces_idle_interaction/build/allex_ces_idle_interaction/build --no-deps symlink_data
[1.624s] INFO:colcon.colcon_core.shell:Creating environment descriptor '/home/mars/allex_ces_idle_interaction/build/allex_ces_idle_interaction/share/allex_ces_idle_interaction/hook/pythonpath_develop.dsv'
[1.624s] INFO:colcon.colcon_core.shell:Creating environment hook '/home/mars/allex_ces_idle_interaction/build/allex_ces_idle_interaction/share/allex_ces_idle_interaction/hook/pythonpath_develop.sh'
[1.628s] Level 1:colcon.colcon_core.environment:checking '/home/mars/allex_ces_idle_interaction/install/allex_ces_idle_interaction' for CMake module files
[1.629s] Level 1:colcon.colcon_core.environment:checking '/home/mars/allex_ces_idle_interaction/install/allex_ces_idle_interaction' for CMake config files
[1.630s] Level 1:colcon.colcon_core.environment:checking '/home/mars/allex_ces_idle_interaction/install/allex_ces_idle_interaction/lib'
[1.630s] Level 1:colcon.colcon_core.environment:checking '/home/mars/allex_ces_idle_interaction/install/allex_ces_idle_interaction/bin'
[1.631s] Level 1:colcon.colcon_core.environment:checking '/home/mars/allex_ces_idle_interaction/install/allex_ces_idle_interaction/lib/pkgconfig/allex_ces_idle_interaction.pc'
[1.631s] Level 1:colcon.colcon_core.environment:checking '/home/mars/allex_ces_idle_interaction/install/allex_ces_idle_interaction/lib/python3.12/site-packages'
[1.631s] Level 1:colcon.colcon_core.shell:create_environment_hook('allex_ces_idle_interaction', 'pythonpath')
[1.631s] INFO:colcon.colcon_core.shell:Creating environment hook '/home/mars/allex_ces_idle_interaction/install/allex_ces_idle_interaction/share/allex_ces_idle_interaction/hook/pythonpath.ps1'
[1.632s] INFO:colcon.colcon_core.shell:Creating environment descriptor '/home/mars/allex_ces_idle_interaction/install/allex_ces_idle_interaction/share/allex_ces_idle_interaction/hook/pythonpath.dsv'
[1.632s] INFO:colcon.colcon_core.shell:Creating environment hook '/home/mars/allex_ces_idle_interaction/install/allex_ces_idle_interaction/share/allex_ces_idle_interaction/hook/pythonpath.sh'
[1.634s] Level 1:colcon.colcon_core.environment:checking '/home/mars/allex_ces_idle_interaction/install/allex_ces_idle_interaction/bin'
[1.634s] Level 1:colcon.colcon_core.environment:create_environment_scripts_only(allex_ces_idle_interaction)
[1.634s] INFO:colcon.colcon_core.shell:Creating package script '/home/mars/allex_ces_idle_interaction/install/allex_ces_idle_interaction/share/allex_ces_idle_interaction/package.ps1'
[1.635s] INFO:colcon.colcon_core.shell:Creating package descriptor '/home/mars/allex_ces_idle_interaction/install/allex_ces_idle_interaction/share/allex_ces_idle_interaction/package.dsv'
[1.636s] INFO:colcon.colcon_core.shell:Creating package script '/home/mars/allex_ces_idle_interaction/install/allex_ces_idle_interaction/share/allex_ces_idle_interaction/package.sh'
[1.637s] INFO:colcon.colcon_core.shell:Creating package script '/home/mars/allex_ces_idle_interaction/install/allex_ces_idle_interaction/share/allex_ces_idle_interaction/package.bash'
[1.639s] INFO:colcon.colcon_core.shell:Creating package script '/home/mars/allex_ces_idle_interaction/install/allex_ces_idle_interaction/share/allex_ces_idle_interaction/package.zsh'
[1.639s] Level 1:colcon.colcon_core.environment:create_file_with_runtime_dependencies(/home/mars/allex_ces_idle_interaction/install/allex_ces_idle_interaction/share/colcon-core/packages/allex_ces_idle_interaction)
[1.640s] DEBUG:colcon.colcon_parallel_executor.executor.parallel:closing loop
[1.640s] DEBUG:colcon.colcon_parallel_executor.executor.parallel:loop closed
[1.640s] DEBUG:colcon.colcon_parallel_executor.executor.parallel:run_until_complete finished with '0'
[1.640s] DEBUG:colcon.colcon_core.event_reactor:joining thread
[1.650s] INFO:colcon.colcon_core.plugin_system:Skipping extension 'colcon_notification.desktop_notification.terminal_notifier': Not used on non-Darwin systems
[1.651s] INFO:colcon.colcon_core.plugin_system:Skipping extension 'colcon_notification.desktop_notification.win32': Not used on non-Windows systems
[1.651s] INFO:colcon.colcon_notification.desktop_notification:Sending desktop notification using 'notify2'
[1.674s] DEBUG:colcon.colcon_core.event_reactor:joined thread
[1.674s] INFO:colcon.colcon_core.shell:Creating prefix script '/home/mars/allex_ces_idle_interaction/install/local_setup.ps1'
[1.676s] INFO:colcon.colcon_core.shell:Creating prefix util module '/home/mars/allex_ces_idle_interaction/install/_local_setup_util_ps1.py'
[1.677s] INFO:colcon.colcon_core.shell:Creating prefix chain script '/home/mars/allex_ces_idle_interaction/install/setup.ps1'
[1.680s] INFO:colcon.colcon_core.shell:Creating prefix script '/home/mars/allex_ces_idle_interaction/install/local_setup.sh'
[1.680s] INFO:colcon.colcon_core.shell:Creating prefix util module '/home/mars/allex_ces_idle_interaction/install/_local_setup_util_sh.py'
[1.681s] INFO:colcon.colcon_core.shell:Creating prefix chain script '/home/mars/allex_ces_idle_interaction/install/setup.sh'
[1.683s] INFO:colcon.colcon_core.shell:Creating prefix script '/home/mars/allex_ces_idle_interaction/install/local_setup.bash'
[1.684s] INFO:colcon.colcon_core.shell:Creating prefix chain script '/home/mars/allex_ces_idle_interaction/install/setup.bash'
[1.686s] INFO:colcon.colcon_core.shell:Creating prefix script '/home/mars/allex_ces_idle_interaction/install/local_setup.zsh'
[1.686s] INFO:colcon.colcon_core.shell:Creating prefix chain script '/home/mars/allex_ces_idle_interaction/install/setup.zsh'
